2023-04-13_20-20-23
run this app : Bitmoji

MemTotal:        5474772 kB
MemFree:          812044 kB
MemAvailable:    2739428 kB
Buffers:           24744 kB
Cached:          2039344 kB
SwapCached:        52540 kB
Active:          1453696 kB
Inactive:        1510440 kB
Active(anon):     649064 kB
Inactive(anon):   253296 kB
Active(file):     804632 kB
Inactive(file):  1257144 kB
Unevictable:         580 kB
Mlocked:             580 kB
SwapTotal:       2621436 kB
SwapFree:        1842868 kB
Dirty:                36 kB
Writeback:             0 kB
AnonPages:        889604 kB
Mapped:           883604 kB
Shmem:              2340 kB
Slab:             271280 kB
SReclaimable:      72940 kB
SUnreclaim:       198340 kB
KernelStack:       44432 kB
PageTables:        77592 kB
NFS_Unstable:          0 kB
Bounce:                0 kB
WritebackTmp:          0 kB
CommitLimit:     5358820 kB
Committed_AS:   137641996 kB
VmallocTotal:   258998208 kB
VmallocUsed:           0 kB
VmallocChunk:          0 kB
CmaTotal:         106496 kB
CmaFree:               0 kB



2023-04-13_20-20-33
run this app : Amazon Seller

MemTotal:        5474772 kB
MemFree:          795932 kB
MemAvailable:    2726216 kB
Buffers:           24996 kB
Cached:          2041936 kB
SwapCached:        52584 kB
Active:          1465252 kB
Inactive:        1512380 kB
Active(anon):     659468 kB
Inactive(anon):   253572 kB
Active(file):     805784 kB
Inactive(file):  1258808 kB
Unevictable:         580 kB
Mlocked:             580 kB
SwapTotal:       2621436 kB
SwapFree:        1843216 kB
Dirty:               192 kB
Writeback:             0 kB
AnonPages:        900392 kB
Mapped:           885172 kB
Shmem:              2340 kB
Slab:             271404 kB
SReclaimable:      73112 kB
SUnreclaim:       198292 kB
KernelStack:       44880 kB
PageTables:        78184 kB
NFS_Unstable:          0 kB
Bounce:                0 kB
WritebackTmp:          0 kB
CommitLimit:     5358820 kB
Committed_AS:   137650412 kB
VmallocTotal:   258998208 kB
VmallocUsed:           0 kB
VmallocChunk:          0 kB
CmaTotal:         106496 kB
CmaFree:              24 kB



2023-04-13_20-20-46
run this app : WhatsApp

MemTotal:        5474772 kB
MemFree:          688020 kB
MemAvailable:    2653032 kB
Buffers:           25340 kB
Cached:          2076060 kB
SwapCached:        52940 kB
Active:          1500680 kB
Inactive:        1542644 kB
Active(anon):     689900 kB
Inactive(anon):   254208 kB
Active(file):     810780 kB
Inactive(file):  1288436 kB
Unevictable:         580 kB
Mlocked:             580 kB
SwapTotal:       2621436 kB
SwapFree:        1843588 kB
Dirty:              1732 kB
Writeback:             0 kB
AnonPages:        931528 kB
Mapped:           912280 kB
Shmem:              2348 kB
Slab:             271596 kB
SReclaimable:      73320 kB
SUnreclaim:       198276 kB
KernelStack:       46000 kB
PageTables:        79144 kB
NFS_Unstable:          0 kB
Bounce:                0 kB
WritebackTmp:          0 kB
CommitLimit:     5358820 kB
Committed_AS:   139606740 kB
VmallocTotal:   258998208 kB
VmallocUsed:           0 kB
VmallocChunk:          0 kB
CmaTotal:         106496 kB
CmaFree:               4 kB



2023-04-13_20-21-13
run this app : Candy Crush Jelly

MemTotal:        5474772 kB
MemFree:          166532 kB
MemAvailable:    2178636 kB
Buffers:           26040 kB
Cached:          2123212 kB
SwapCached:        53272 kB
Active:          1708476 kB
Inactive:        1602708 kB
Active(anon):     867224 kB
Inactive(anon):   297856 kB
Active(file):     841252 kB
Inactive(file):  1304852 kB
Unevictable:         580 kB
Mlocked:             580 kB
SwapTotal:       2621436 kB
SwapFree:        1843720 kB
Dirty:              3564 kB
Writeback:             0 kB
AnonPages:       1152916 kB
Mapped:           983800 kB
Shmem:              2768 kB
Slab:             271948 kB
SReclaimable:      73728 kB
SUnreclaim:       198220 kB
KernelStack:       47680 kB
PageTables:        83852 kB
NFS_Unstable:          0 kB
Bounce:                0 kB
WritebackTmp:          0 kB
CommitLimit:     5358820 kB
Committed_AS:   145432220 kB
VmallocTotal:   258998208 kB
VmallocUsed:           0 kB
VmallocChunk:          0 kB
CmaTotal:         106496 kB
CmaFree:               0 kB



2023-04-13_20-21-31
run this app : Candy Crush Saga

MemTotal:        5474772 kB
MemFree:          199224 kB
MemAvailable:    2069656 kB
Buffers:           26148 kB
Cached:          1980692 kB
SwapCached:        53056 kB
Active:          1757148 kB
Inactive:        1516024 kB
Active(anon):     849812 kB
Inactive(anon):   419148 kB
Active(file):     907336 kB
Inactive(file):  1096876 kB
Unevictable:         580 kB
Mlocked:             580 kB
SwapTotal:       2621436 kB
SwapFree:        1839836 kB
Dirty:              4708 kB
Writeback:             0 kB
AnonPages:       1256720 kB
Mapped:          1037128 kB
Shmem:              2624 kB
Slab:             272464 kB
SReclaimable:      74164 kB
SUnreclaim:       198300 kB
KernelStack:       48656 kB
PageTables:        85384 kB
NFS_Unstable:          0 kB
Bounce:                0 kB
WritebackTmp:          0 kB
CommitLimit:     5358820 kB
Committed_AS:   147377840 kB
VmallocTotal:   258998208 kB
VmallocUsed:           0 kB
VmallocChunk:          0 kB
CmaTotal:         106496 kB
CmaFree:             124 kB



2023-04-13_20-21-43
run this app : NYT Games

MemTotal:        5474772 kB
MemFree:           97764 kB
MemAvailable:    1929360 kB
Buffers:           42692 kB
Cached:          1925076 kB
SwapCached:        53348 kB
Active:          1902284 kB
Inactive:        1486948 kB
Active(anon):     933436 kB
Inactive(anon):   490616 kB
Active(file):     968848 kB
Inactive(file):   996332 kB
Unevictable:         580 kB
Mlocked:             580 kB
SwapTotal:       2621436 kB
SwapFree:        1833016 kB
Dirty:                92 kB
Writeback:             0 kB
AnonPages:       1411864 kB
Mapped:          1093220 kB
Shmem:              2588 kB
Slab:             273392 kB
SReclaimable:      74560 kB
SUnreclaim:       198832 kB
KernelStack:       51520 kB
PageTables:        88064 kB
NFS_Unstable:          0 kB
Bounce:                0 kB
WritebackTmp:          0 kB
CommitLimit:     5358820 kB
Committed_AS:   150748100 kB
VmallocTotal:   258998208 kB
VmallocUsed:           0 kB
VmallocChunk:          0 kB
CmaTotal:         106496 kB
CmaFree:               0 kB



2023-04-13_20-21-54
run this app : Simple PDF Reader

MemTotal:        5474772 kB
MemFree:           96952 kB
MemAvailable:    1899576 kB
Buffers:           43280 kB
Cached:          1895484 kB
SwapCached:        53840 kB
Active:          1896308 kB
Inactive:        1510284 kB
Active(anon):     926508 kB
Inactive(anon):   543992 kB
Active(file):     969800 kB
Inactive(file):   966292 kB
Unevictable:         580 kB
Mlocked:             580 kB
SwapTotal:       2621436 kB
SwapFree:        1831588 kB
Dirty:              4752 kB
Writeback:             0 kB
AnonPages:       1458304 kB
Mapped:          1114700 kB
Shmem:              2672 kB
Slab:             274376 kB
SReclaimable:      74792 kB
SUnreclaim:       199584 kB
KernelStack:       53792 kB
PageTables:        90752 kB
NFS_Unstable:          0 kB
Bounce:                0 kB
WritebackTmp:          0 kB
CommitLimit:     5358820 kB
Committed_AS:   154115192 kB
VmallocTotal:   258998208 kB
VmallocUsed:           0 kB
VmallocChunk:          0 kB
CmaTotal:         106496 kB
CmaFree:               0 kB



2023-04-13_20-22-17
run this app : Crossy Road

MemTotal:        5474772 kB
MemFree:           97092 kB
MemAvailable:    1554000 kB
Buffers:           32840 kB
Cached:          1560484 kB
SwapCached:        45964 kB
Active:          1672668 kB
Inactive:        1560664 kB
Active(anon):     876948 kB
Inactive(anon):   765980 kB
Active(file):     795720 kB
Inactive(file):   794684 kB
Unevictable:         580 kB
Mlocked:             580 kB
SwapTotal:       2621436 kB
SwapFree:        1738864 kB
Dirty:               120 kB
Writeback:             0 kB
AnonPages:       1637912 kB
Mapped:          1107100 kB
Shmem:              2920 kB
Slab:             274784 kB
SReclaimable:      74732 kB
SUnreclaim:       200052 kB
KernelStack:       54864 kB
PageTables:        94016 kB
NFS_Unstable:          0 kB
Bounce:                0 kB
WritebackTmp:          0 kB
CommitLimit:     5358820 kB
Committed_AS:   156339504 kB
VmallocTotal:   258998208 kB
VmallocUsed:           0 kB
VmallocChunk:          0 kB
CmaTotal:         106496 kB
CmaFree:             604 kB



2023-04-13_20-22-33
run this app : FaceApp

MemTotal:        5474772 kB
MemFree:          116940 kB
MemAvailable:    1565020 kB
Buffers:           36344 kB
Cached:          1548220 kB
SwapCached:        54228 kB
Active:          1630252 kB
Inactive:        1579284 kB
Active(anon):     812432 kB
Inactive(anon):   815436 kB
Active(file):     817820 kB
Inactive(file):   763848 kB
Unevictable:         580 kB
Mlocked:             580 kB
SwapTotal:       2621436 kB
SwapFree:        1561860 kB
Dirty:              1028 kB
Writeback:             0 kB
AnonPages:       1618336 kB
Mapped:          1186804 kB
Shmem:              2896 kB
Slab:             276228 kB
SReclaimable:      74548 kB
SUnreclaim:       201680 kB
KernelStack:       60448 kB
PageTables:        99828 kB
NFS_Unstable:          0 kB
Bounce:                0 kB
WritebackTmp:          0 kB
CommitLimit:     5358820 kB
Committed_AS:   163647660 kB
VmallocTotal:   258998208 kB
VmallocUsed:           0 kB
VmallocChunk:          0 kB
CmaTotal:         106496 kB
CmaFree:               0 kB



2023-04-13_20-22-45
run this app : Lyft

MemTotal:        5474772 kB
MemFree:          105940 kB
MemAvailable:    1597040 kB
Buffers:           33132 kB
Cached:          1595000 kB
SwapCached:        56056 kB
Active:          1612356 kB
Inactive:        1616548 kB
Active(anon):     801756 kB
Inactive(anon):   802460 kB
Active(file):     810600 kB
Inactive(file):   814088 kB
Unevictable:         580 kB
Mlocked:             580 kB
SwapTotal:       2621436 kB
SwapFree:        1488556 kB
Dirty:              2328 kB
Writeback:             0 kB
AnonPages:       1594632 kB
Mapped:          1223084 kB
Shmem:              2912 kB
Slab:             276492 kB
SReclaimable:      74548 kB
SUnreclaim:       201944 kB
KernelStack:       61584 kB
PageTables:       101424 kB
NFS_Unstable:          0 kB
Bounce:                0 kB
WritebackTmp:          0 kB
CommitLimit:     5358820 kB
Committed_AS:   165642348 kB
VmallocTotal:   258998208 kB
VmallocUsed:           0 kB
VmallocChunk:          0 kB
CmaTotal:         106496 kB
CmaFree:               0 kB



2023-04-13_20-22-58
run this app : Pou

MemTotal:        5474772 kB
MemFree:           89836 kB
MemAvailable:    1586580 kB
Buffers:           34256 kB
Cached:          1603920 kB
SwapCached:        57312 kB
Active:          1717388 kB
Inactive:        1534380 kB
Active(anon):     812168 kB
Inactive(anon):   809264 kB
Active(file):     905220 kB
Inactive(file):   725116 kB
Unevictable:         580 kB
Mlocked:             580 kB
SwapTotal:       2621436 kB
SwapFree:        1421644 kB
Dirty:              1440 kB
Writeback:             0 kB
AnonPages:       1606712 kB
Mapped:          1120352 kB
Shmem:              7460 kB
Slab:             277344 kB
SReclaimable:      74544 kB
SUnreclaim:       202800 kB
KernelStack:       63392 kB
PageTables:       103776 kB
NFS_Unstable:          0 kB
Bounce:                0 kB
WritebackTmp:          0 kB
CommitLimit:     5358820 kB
Committed_AS:   169109448 kB
VmallocTotal:   258998208 kB
VmallocUsed:           0 kB
VmallocChunk:          0 kB
CmaTotal:         106496 kB
CmaFree:               0 kB



2023-04-13_20-23-26
run this app : Hide 'N Seek!

MemTotal:        5474772 kB
MemFree:          198376 kB
MemAvailable:    1413432 kB
Buffers:           14144 kB
Cached:          1343740 kB
SwapCached:        34400 kB
Active:          1405952 kB
Inactive:        1456532 kB
Active(anon):     728740 kB
Inactive(anon):   784684 kB
Active(file):     677212 kB
Inactive(file):   671848 kB
Unevictable:         580 kB
Mlocked:             580 kB
SwapTotal:       2621436 kB
SwapFree:         919964 kB
Dirty:               956 kB
Writeback:             0 kB
AnonPages:       1503948 kB
Mapped:           987104 kB
Shmem:              7740 kB
Slab:             278148 kB
SReclaimable:      73716 kB
SUnreclaim:       204432 kB
KernelStack:       67792 kB
PageTables:       110256 kB
NFS_Unstable:          0 kB
Bounce:                0 kB
WritebackTmp:          0 kB
CommitLimit:     5358820 kB
Committed_AS:   174862828 kB
VmallocTotal:   258998208 kB
VmallocUsed:           0 kB
VmallocChunk:          0 kB
CmaTotal:         106496 kB
CmaFree:            1068 kB



2023-04-13_20-23-39
run this app : Telegram

MemTotal:        5474772 kB
MemFree:          112692 kB
MemAvailable:    1312480 kB
Buffers:           15840 kB
Cached:          1325540 kB
SwapCached:        16588 kB
Active:          1437360 kB
Inactive:        1446448 kB
Active(anon):     770536 kB
Inactive(anon):   779440 kB
Active(file):     666824 kB
Inactive(file):   667008 kB
Unevictable:         580 kB
Mlocked:             580 kB
SwapTotal:       2621436 kB
SwapFree:         862788 kB
Dirty:              4440 kB
Writeback:             0 kB
AnonPages:       1537568 kB
Mapped:           938172 kB
Shmem:              7548 kB
Slab:             278876 kB
SReclaimable:      73640 kB
SUnreclaim:       205236 kB
KernelStack:       69600 kB
PageTables:       112624 kB
NFS_Unstable:          0 kB
Bounce:                0 kB
WritebackTmp:          0 kB
CommitLimit:     5358820 kB
Committed_AS:   178765244 kB
VmallocTotal:   258998208 kB
VmallocUsed:           0 kB
VmallocChunk:          0 kB
CmaTotal:         106496 kB
CmaFree:               0 kB



2023-04-13_20-23-54
run this app : Signal

MemTotal:        5474772 kB
MemFree:           93568 kB
MemAvailable:    1215796 kB
Buffers:           16144 kB
Cached:          1248496 kB
SwapCached:        13296 kB
Active:          1443644 kB
Inactive:        1415024 kB
Active(anon):     804260 kB
Inactive(anon):   798120 kB
Active(file):     639384 kB
Inactive(file):   616904 kB
Unevictable:         888 kB
Mlocked:             888 kB
SwapTotal:       2621436 kB
SwapFree:         825416 kB
Dirty:              3144 kB
Writeback:             0 kB
AnonPages:       1589516 kB
Mapped:           862208 kB
Shmem:              7688 kB
Slab:             279616 kB
SReclaimable:      73608 kB
SUnreclaim:       206008 kB
KernelStack:       70192 kB
PageTables:       114232 kB
NFS_Unstable:          0 kB
Bounce:                0 kB
WritebackTmp:          0 kB
CommitLimit:     5358820 kB
Committed_AS:   180754460 kB
VmallocTotal:   258998208 kB
VmallocUsed:           0 kB
VmallocChunk:          0 kB
CmaTotal:         106496 kB
CmaFree:               0 kB



2023-04-13_20-24-13
run this app : Kindle

MemTotal:        5474772 kB
MemFree:          157540 kB
MemAvailable:    1158544 kB
Buffers:           12316 kB
Cached:          1130912 kB
SwapCached:        14148 kB
Active:          1344036 kB
Inactive:        1365764 kB
Active(anon):     771868 kB
Inactive(anon):   802712 kB
Active(file):     572168 kB
Inactive(file):   563052 kB
Unevictable:         888 kB
Mlocked:             888 kB
SwapTotal:       2621436 kB
SwapFree:         587736 kB
Dirty:              1796 kB
Writeback:             0 kB
AnonPages:       1560440 kB
Mapped:           809820 kB
Shmem:              7512 kB
Slab:             281392 kB
SReclaimable:      73292 kB
SUnreclaim:       208100 kB
KernelStack:       72496 kB
PageTables:       118616 kB
NFS_Unstable:          0 kB
Bounce:                0 kB
WritebackTmp:          0 kB
CommitLimit:     5358820 kB
Committed_AS:   186093624 kB
VmallocTotal:   258998208 kB
VmallocUsed:           0 kB
VmallocChunk:          0 kB
CmaTotal:         106496 kB
CmaFree:               0 kB



2023-04-13_20-24-29
run this app : Firefox

MemTotal:        5474772 kB
MemFree:          117964 kB
MemAvailable:    1107212 kB
Buffers:           12256 kB
Cached:          1119752 kB
SwapCached:        14132 kB
Active:          1335264 kB
Inactive:        1352176 kB
Active(anon):     776188 kB
Inactive(anon):   787740 kB
Active(file):     559076 kB
Inactive(file):   564436 kB
Unevictable:         888 kB
Mlocked:             888 kB
SwapTotal:       2621436 kB
SwapFree:         460320 kB
Dirty:              2008 kB
Writeback:             0 kB
AnonPages:       1549504 kB
Mapped:           876340 kB
Shmem:              8144 kB
Slab:             284212 kB
SReclaimable:      73200 kB
SUnreclaim:       211012 kB
KernelStack:       75760 kB
PageTables:       123564 kB
NFS_Unstable:          0 kB
Bounce:                0 kB
WritebackTmp:          0 kB
CommitLimit:     5358820 kB
Committed_AS:   193917120 kB
VmallocTotal:   258998208 kB
VmallocUsed:           0 kB
VmallocChunk:          0 kB
CmaTotal:         106496 kB
CmaFree:               0 kB



2023-04-13_20-24-54
run this app : Coinbase

MemTotal:        5474772 kB
MemFree:           92808 kB
MemAvailable:    1041336 kB
Buffers:           12960 kB
Cached:          1078516 kB
SwapCached:        11448 kB
Active:          1293368 kB
Inactive:        1277436 kB
Active(anon):     749892 kB
Inactive(anon):   738088 kB
Active(file):     543476 kB
Inactive(file):   539348 kB
Unevictable:         888 kB
Mlocked:             888 kB
SwapTotal:       2621436 kB
SwapFree:         237360 kB
Dirty:              1540 kB
Writeback:             0 kB
AnonPages:       1475464 kB
Mapped:           904960 kB
Shmem:              8428 kB
Slab:             285760 kB
SReclaimable:      73136 kB
SUnreclaim:       212624 kB
KernelStack:       77856 kB
PageTables:       125192 kB
NFS_Unstable:          0 kB
Bounce:                0 kB
WritebackTmp:          0 kB
CommitLimit:     5358820 kB
Committed_AS:   193454568 kB
VmallocTotal:   258998208 kB
VmallocUsed:           0 kB
VmallocChunk:          0 kB
CmaTotal:         106496 kB
CmaFree:             104 kB



2023-04-13_20-25-22
run this app : Candy Crush Soda

MemTotal:        5474772 kB
MemFree:          150032 kB
MemAvailable:    1021844 kB
Buffers:           11956 kB
Cached:           998244 kB
SwapCached:        11908 kB
Active:          1146784 kB
Inactive:        1208444 kB
Active(anon):     646648 kB
Inactive(anon):   702376 kB
Active(file):     500136 kB
Inactive(file):   506068 kB
Unevictable:         888 kB
Mlocked:             888 kB
SwapTotal:       2621436 kB
SwapFree:           2844 kB
Dirty:              5672 kB
Writeback:             0 kB
AnonPages:       1341216 kB
Mapped:           834016 kB
Shmem:              3768 kB
Slab:             290600 kB
SReclaimable:      72944 kB
SUnreclaim:       217656 kB
KernelStack:       78272 kB
PageTables:       126864 kB
NFS_Unstable:          0 kB
Bounce:                0 kB
WritebackTmp:          0 kB
CommitLimit:     5358820 kB
Committed_AS:   195417032 kB
VmallocTotal:   258998208 kB
VmallocUsed:           0 kB
VmallocChunk:          0 kB
CmaTotal:         106496 kB
CmaFree:               0 kB



2023-04-13_20-25-52
run this app : Kids Transport

MemTotal:        5474772 kB
MemFree:          136376 kB
MemAvailable:     655016 kB
Buffers:            6672 kB
Cached:           650920 kB
SwapCached:         9416 kB
Active:          1148212 kB
Inactive:        1133524 kB
Active(anon):     820920 kB
Inactive(anon):   807172 kB
Active(file):     327292 kB
Inactive(file):   326352 kB
Unevictable:         888 kB
Mlocked:             888 kB
SwapTotal:       2621436 kB
SwapFree:            172 kB
Dirty:               808 kB
Writeback:             0 kB
AnonPages:       1622616 kB
Mapped:           458752 kB
Shmem:              3728 kB
Slab:             292448 kB
SReclaimable:      71720 kB
SUnreclaim:       220728 kB
KernelStack:       82064 kB
PageTables:       132648 kB
NFS_Unstable:          0 kB
Bounce:                0 kB
WritebackTmp:          0 kB
CommitLimit:     5358820 kB
Committed_AS:   202150740 kB
VmallocTotal:   258998208 kB
VmallocUsed:           0 kB
VmallocChunk:          0 kB
CmaTotal:         106496 kB
CmaFree:            5800 kB



2023-04-13_20-26-28
run this app : Hill Climb Racing

MemTotal:        5474772 kB
MemFree:           91348 kB
MemAvailable:     543120 kB
Buffers:            6776 kB
Cached:           586568 kB
SwapCached:        14576 kB
Active:          1088668 kB
Inactive:        1088312 kB
Active(anon):     795572 kB
Inactive(anon):   794308 kB
Active(file):     293096 kB
Inactive(file):   294004 kB
Unevictable:         888 kB
Mlocked:             888 kB
SwapTotal:       2621436 kB
SwapFree:            120 kB
Dirty:              1208 kB
Writeback:             0 kB
AnonPages:       1578488 kB
Mapped:           461096 kB
Shmem:              5460 kB
Slab:             294296 kB
SReclaimable:      71072 kB
SUnreclaim:       223224 kB
KernelStack:       81712 kB
PageTables:       124808 kB
NFS_Unstable:          0 kB
Bounce:                0 kB
WritebackTmp:          0 kB
CommitLimit:     5358820 kB
Committed_AS:   182371704 kB
VmallocTotal:   258998208 kB
VmallocUsed:           0 kB
VmallocChunk:          0 kB
CmaTotal:         106496 kB
CmaFree:               0 kB



2023-04-13_20-26-45
run this app : Call Recorder

MemTotal:        5474772 kB
MemFree:           91752 kB
MemAvailable:     560524 kB
Buffers:            4972 kB
Cached:           605540 kB
SwapCached:        13024 kB
Active:          1121412 kB
Inactive:        1121572 kB
Active(anon):     820068 kB
Inactive(anon):   819200 kB
Active(file):     301344 kB
Inactive(file):   302372 kB
Unevictable:         888 kB
Mlocked:             888 kB
SwapTotal:       2621436 kB
SwapFree:              0 kB
Dirty:              5008 kB
Writeback:             0 kB
AnonPages:       1629320 kB
Mapped:           481344 kB
Shmem:              5396 kB
Slab:             295188 kB
SReclaimable:      71840 kB
SUnreclaim:       223348 kB
KernelStack:       82928 kB
PageTables:       126772 kB
NFS_Unstable:          0 kB
Bounce:                0 kB
WritebackTmp:          0 kB
CommitLimit:     5358820 kB
Committed_AS:   185742016 kB
VmallocTotal:   258998208 kB
VmallocUsed:           0 kB
VmallocChunk:          0 kB
CmaTotal:         106496 kB
CmaFree:             464 kB



2023-04-13_20-26-58
run this app : Kik

MemTotal:        5474772 kB
MemFree:           23080 kB
MemAvailable:     523748 kB
Buffers:            6888 kB
Cached:           635888 kB
SwapCached:        13844 kB
Active:          1158164 kB
Inactive:        1150492 kB
Active(anon):     840160 kB
Inactive(anon):   832564 kB
Active(file):     318004 kB
Inactive(file):   317928 kB
Unevictable:         888 kB
Mlocked:             888 kB
SwapTotal:       2621436 kB
SwapFree:             12 kB
Dirty:               992 kB
Writeback:             0 kB
AnonPages:       1662488 kB
Mapped:           539184 kB
Shmem:              5500 kB
Slab:             293292 kB
SReclaimable:      71200 kB
SUnreclaim:       222092 kB
KernelStack:       82672 kB
PageTables:       125048 kB
NFS_Unstable:          0 kB
Bounce:                0 kB
WritebackTmp:          0 kB
CommitLimit:     5358820 kB
Committed_AS:   177800648 kB
VmallocTotal:   258998208 kB
VmallocUsed:           0 kB
VmallocChunk:          0 kB
CmaTotal:         106496 kB
CmaFree:             228 kB



2023-04-13_20-27-22
run this app : Color Fill 3D

MemTotal:        5474772 kB
MemFree:           88656 kB
MemAvailable:     556004 kB
Buffers:            6268 kB
Cached:           602976 kB
SwapCached:        12236 kB
Active:          1198276 kB
Inactive:        1123992 kB
Active(anon):     869912 kB
Inactive(anon):   849760 kB
Active(file):     328364 kB
Inactive(file):   274232 kB
Unevictable:         888 kB
Mlocked:             888 kB
SwapTotal:       2621436 kB
SwapFree:              0 kB
Dirty:              1248 kB
Writeback:             0 kB
AnonPages:       1709224 kB
Mapped:           489788 kB
Shmem:              5852 kB
Slab:             292748 kB
SReclaimable:      71232 kB
SUnreclaim:       221516 kB
KernelStack:       83536 kB
PageTables:       121236 kB
NFS_Unstable:          0 kB
Bounce:                0 kB
WritebackTmp:          0 kB
CommitLimit:     5358820 kB
Committed_AS:   171047784 kB
VmallocTotal:   258998208 kB
VmallocUsed:           0 kB
VmallocChunk:          0 kB
CmaTotal:         106496 kB
CmaFree:             228 kB



2023-04-13_20-27-40
run this app : Etsy

MemTotal:        5474772 kB
MemFree:           89168 kB
MemAvailable:     642672 kB
Buffers:            8040 kB
Cached:           687140 kB
SwapCached:        16344 kB
Active:          1159448 kB
Inactive:        1203148 kB
Active(anon):     829268 kB
Inactive(anon):   844628 kB
Active(file):     330180 kB
Inactive(file):   358520 kB
Unevictable:         888 kB
Mlocked:             888 kB
SwapTotal:       2621436 kB
SwapFree:            112 kB
Dirty:               444 kB
Writeback:             0 kB
AnonPages:       1661764 kB
Mapped:           548300 kB
Shmem:              5480 kB
Slab:             292756 kB
SReclaimable:      71336 kB
SUnreclaim:       221420 kB
KernelStack:       84592 kB
PageTables:       121228 kB
NFS_Unstable:          0 kB
Bounce:                0 kB
WritebackTmp:          0 kB
CommitLimit:     5358820 kB
Committed_AS:   170585464 kB
VmallocTotal:   258998208 kB
VmallocUsed:           0 kB
VmallocChunk:          0 kB
CmaTotal:         106496 kB
CmaFree:               0 kB



2023-04-13_20-27-55
run this app : Pi

MemTotal:        5474772 kB
MemFree:          133076 kB
MemAvailable:     542140 kB
Buffers:            4712 kB
Cached:           544644 kB
SwapCached:        17420 kB
Active:          1182980 kB
Inactive:        1139396 kB
Active(anon):     900324 kB
Inactive(anon):   877928 kB
Active(file):     282656 kB
Inactive(file):   261468 kB
Unevictable:         888 kB
Mlocked:             888 kB
SwapTotal:       2621436 kB
SwapFree:            904 kB
Dirty:              2052 kB
Writeback:             0 kB
AnonPages:       1765632 kB
Mapped:           458780 kB
Shmem:              5348 kB
Slab:             293236 kB
SReclaimable:      71608 kB
SUnreclaim:       221628 kB
KernelStack:       86352 kB
PageTables:       125724 kB
NFS_Unstable:          0 kB
Bounce:                0 kB
WritebackTmp:          0 kB
CommitLimit:     5358820 kB
Committed_AS:   178343596 kB
VmallocTotal:   258998208 kB
VmallocUsed:           0 kB
VmallocChunk:          0 kB
CmaTotal:         106496 kB
CmaFree:            3560 kB



2023-04-13_20-28-17
run this app : Soccer Star

MemTotal:        5474772 kB
MemFree:           45008 kB
MemAvailable:     622828 kB
Buffers:            5444 kB
Cached:           714044 kB
SwapCached:        14208 kB
Active:          1270820 kB
Inactive:        1214032 kB
Active(anon):     916576 kB
Inactive(anon):   855392 kB
Active(file):     354244 kB
Inactive(file):   358640 kB
Unevictable:         888 kB
Mlocked:             888 kB
SwapTotal:       2621436 kB
SwapFree:         203732 kB
Dirty:              1292 kB
Writeback:             0 kB
AnonPages:       1761264 kB
Mapped:           549024 kB
Shmem:              5456 kB
Slab:             292164 kB
SReclaimable:      71596 kB
SUnreclaim:       220568 kB
KernelStack:       79696 kB
PageTables:       118076 kB
NFS_Unstable:          0 kB
Bounce:                0 kB
WritebackTmp:          0 kB
CommitLimit:     5358820 kB
Committed_AS:   167469728 kB
VmallocTotal:   258998208 kB
VmallocUsed:           0 kB
VmallocChunk:          0 kB
CmaTotal:         106496 kB
CmaFree:             284 kB



2023-04-13_20-28-36
run this app : Puffin

MemTotal:        5474772 kB
MemFree:          101868 kB
MemAvailable:     611132 kB
Buffers:            6204 kB
Cached:           645008 kB
SwapCached:        14276 kB
Active:          1183560 kB
Inactive:        1164896 kB
Active(anon):     861612 kB
Inactive(anon):   842664 kB
Active(file):     321948 kB
Inactive(file):   322232 kB
Unevictable:         888 kB
Mlocked:             888 kB
SwapTotal:       2621436 kB
SwapFree:              0 kB
Dirty:              2184 kB
Writeback:             0 kB
AnonPages:       1692568 kB
Mapped:           517364 kB
Shmem:              6540 kB
Slab:             292708 kB
SReclaimable:      71896 kB
SUnreclaim:       220812 kB
KernelStack:       82256 kB
PageTables:       121028 kB
NFS_Unstable:          0 kB
Bounce:                0 kB
WritebackTmp:          0 kB
CommitLimit:     5358820 kB
Committed_AS:   170878588 kB
VmallocTotal:   258998208 kB
VmallocUsed:           0 kB
VmallocChunk:          0 kB
CmaTotal:         106496 kB
CmaFree:             164 kB



2023-04-13_20-29-01
run this app : Crunchyroll

MemTotal:        5474772 kB
MemFree:          147104 kB
MemAvailable:     613436 kB
Buffers:            5828 kB
Cached:           599308 kB
SwapCached:         9996 kB
Active:          1092936 kB
Inactive:        1119040 kB
Active(anon):     786980 kB
Inactive(anon):   823668 kB
Active(file):     305956 kB
Inactive(file):   295372 kB
Unevictable:         888 kB
Mlocked:             888 kB
SwapTotal:       2621436 kB
SwapFree:           8172 kB
Dirty:               488 kB
Writeback:             0 kB
AnonPages:       1603196 kB
Mapped:           498532 kB
Shmem:              3780 kB
Slab:             291924 kB
SReclaimable:      71736 kB
SUnreclaim:       220188 kB
KernelStack:       80512 kB
PageTables:       118376 kB
NFS_Unstable:          0 kB
Bounce:                0 kB
WritebackTmp:          0 kB
CommitLimit:     5358820 kB
Committed_AS:   165055300 kB
VmallocTotal:   258998208 kB
VmallocUsed:           0 kB
VmallocChunk:          0 kB
CmaTotal:         106496 kB
CmaFree:               0 kB



2023-04-13_20-29-19
run this app : VLC

MemTotal:        5474772 kB
MemFree:          131468 kB
MemAvailable:     596040 kB
Buffers:            5928 kB
Cached:           597328 kB
SwapCached:        10260 kB
Active:          1146604 kB
Inactive:        1074028 kB
Active(anon):     845804 kB
Inactive(anon):   775384 kB
Active(file):     300800 kB
Inactive(file):   298644 kB
Unevictable:         888 kB
Mlocked:             888 kB
SwapTotal:       2621436 kB
SwapFree:           2076 kB
Dirty:               116 kB
Writeback:             0 kB
AnonPages:       1613804 kB
Mapped:           506116 kB
Shmem:              3812 kB
Slab:             292128 kB
SReclaimable:      71984 kB
SUnreclaim:       220144 kB
KernelStack:       80656 kB
PageTables:       119540 kB
NFS_Unstable:          0 kB
Bounce:                0 kB
WritebackTmp:          0 kB
CommitLimit:     5358820 kB
Committed_AS:   167010440 kB
VmallocTotal:   258998208 kB
VmallocUsed:           0 kB
VmallocChunk:          0 kB
CmaTotal:         106496 kB
CmaFree:               0 kB



2023-04-13_20-29-38
run this app : eToro

MemTotal:        5474772 kB
MemFree:          381968 kB
MemAvailable:     782872 kB
Buffers:            5384 kB
Cached:           534568 kB
SwapCached:        11764 kB
Active:          1243908 kB
Inactive:        1024776 kB
Active(anon):     971696 kB
Inactive(anon):   760936 kB
Active(file):     272212 kB
Inactive(file):   263840 kB
Unevictable:         888 kB
Mlocked:             888 kB
SwapTotal:       2621436 kB
SwapFree:         483384 kB
Dirty:              2092 kB
Writeback:             0 kB
AnonPages:       1723684 kB
Mapped:           474480 kB
Shmem:              4016 kB
Slab:             288520 kB
SReclaimable:      71428 kB
SUnreclaim:       217092 kB
KernelStack:       77008 kB
PageTables:       113948 kB
NFS_Unstable:          0 kB
Bounce:                0 kB
WritebackTmp:          0 kB
CommitLimit:     5358820 kB
Committed_AS:   163114008 kB
VmallocTotal:   258998208 kB
VmallocUsed:           0 kB
VmallocChunk:          0 kB
CmaTotal:         106496 kB
CmaFree:            5176 kB



2023-04-13_20-29-55
run this app : GroupMe

MemTotal:        5474772 kB
MemFree:          122404 kB
MemAvailable:     737584 kB
Buffers:            5664 kB
Cached:           749192 kB
SwapCached:        13056 kB
Active:          1334860 kB
Inactive:        1178264 kB
Active(anon):     948152 kB
Inactive(anon):   814616 kB
Active(file):     386708 kB
Inactive(file):   363648 kB
Unevictable:         888 kB
Mlocked:             888 kB
SwapTotal:       2621436 kB
SwapFree:         428848 kB
Dirty:              1272 kB
Writeback:             0 kB
AnonPages:       1753112 kB
Mapped:           602184 kB
Shmem:              3720 kB
Slab:             289424 kB
SReclaimable:      71376 kB
SUnreclaim:       218048 kB
KernelStack:       76976 kB
PageTables:       116212 kB
NFS_Unstable:          0 kB
Bounce:                0 kB
WritebackTmp:          0 kB
CommitLimit:     5358820 kB
Committed_AS:   165092744 kB
VmallocTotal:   258998208 kB
VmallocUsed:           0 kB
VmallocChunk:          0 kB
CmaTotal:         106496 kB
CmaFree:             104 kB



2023-04-13_20-30-28
run this app : DNA Evolution 3D

MemTotal:        5474772 kB
MemFree:           91240 kB
MemAvailable:     637528 kB
Buffers:           25248 kB
Cached:           658408 kB
SwapCached:        10628 kB
Active:          1160912 kB
Inactive:        1110988 kB
Active(anon):     785084 kB
Inactive(anon):   805932 kB
Active(file):     375828 kB
Inactive(file):   305056 kB
Unevictable:         888 kB
Mlocked:             888 kB
SwapTotal:       2621436 kB
SwapFree:            196 kB
Dirty:             15248 kB
Writeback:             0 kB
AnonPages:       1584632 kB
Mapped:           444880 kB
Shmem:              3336 kB
Slab:             292504 kB
SReclaimable:      72536 kB
SUnreclaim:       219968 kB
KernelStack:       82832 kB
PageTables:       122756 kB
NFS_Unstable:          0 kB
Bounce:                0 kB
WritebackTmp:          0 kB
CommitLimit:     5358820 kB
Committed_AS:   172602796 kB
VmallocTotal:   258998208 kB
VmallocUsed:           0 kB
VmallocChunk:          0 kB
CmaTotal:         106496 kB
CmaFree:             348 kB



2023-04-13_20-30-50
run this app : Bitmoji

MemTotal:        5474772 kB
MemFree:          107892 kB
MemAvailable:     577808 kB
Buffers:           23448 kB
Cached:           584892 kB
SwapCached:        12876 kB
Active:          1121560 kB
Inactive:        1126724 kB
Active(anon):     824904 kB
Inactive(anon):   818800 kB
Active(file):     296656 kB
Inactive(file):   307924 kB
Unevictable:         888 kB
Mlocked:             888 kB
SwapTotal:       2621436 kB
SwapFree:            484 kB
Dirty:              1632 kB
Writeback:             0 kB
AnonPages:       1634564 kB
Mapped:           412320 kB
Shmem:              3736 kB
Slab:             292792 kB
SReclaimable:      72400 kB
SUnreclaim:       220392 kB
KernelStack:       82000 kB
PageTables:       122560 kB
NFS_Unstable:          0 kB
Bounce:                0 kB
WritebackTmp:          0 kB
CommitLimit:     5358820 kB
Committed_AS:   172635324 kB
VmallocTotal:   258998208 kB
VmallocUsed:           0 kB
VmallocChunk:          0 kB
CmaTotal:         106496 kB
CmaFree:              28 kB



2023-04-13_20-31-09
run this app : Amazon Seller

MemTotal:        5474772 kB
MemFree:           89644 kB
MemAvailable:     554676 kB
Buffers:           14376 kB
Cached:           589328 kB
SwapCached:        11364 kB
Active:          1115864 kB
Inactive:        1106724 kB
Active(anon):     814876 kB
Inactive(anon):   807908 kB
Active(file):     300988 kB
Inactive(file):   298816 kB
Unevictable:         580 kB
Mlocked:             580 kB
SwapTotal:       2621436 kB
SwapFree:            488 kB
Dirty:              1380 kB
Writeback:             0 kB
AnonPages:       1614936 kB
Mapped:           502224 kB
Shmem:              3888 kB
Slab:             292760 kB
SReclaimable:      72184 kB
SUnreclaim:       220576 kB
KernelStack:       82496 kB
PageTables:       123628 kB
NFS_Unstable:          0 kB
Bounce:                0 kB
WritebackTmp:          0 kB
CommitLimit:     5358820 kB
Committed_AS:   174013436 kB
VmallocTotal:   258998208 kB
VmallocUsed:           0 kB
VmallocChunk:          0 kB
CmaTotal:         106496 kB
CmaFree:               0 kB



2023-04-13_20-31-29
run this app : WhatsApp

MemTotal:        5474772 kB
MemFree:          157316 kB
MemAvailable:     568240 kB
Buffers:            7464 kB
Cached:           542384 kB
SwapCached:        11812 kB
Active:          1081140 kB
Inactive:        1082648 kB
Active(anon):     808176 kB
Inactive(anon):   809724 kB
Active(file):     272964 kB
Inactive(file):   272924 kB
Unevictable:         580 kB
Mlocked:             580 kB
SwapTotal:       2621436 kB
SwapFree:             64 kB
Dirty:              1412 kB
Writeback:             0 kB
AnonPages:       1609888 kB
Mapped:           471696 kB
Shmem:              3872 kB
Slab:             292576 kB
SReclaimable:      71800 kB
SUnreclaim:       220776 kB
KernelStack:       82480 kB
PageTables:       122960 kB
NFS_Unstable:          0 kB
Bounce:                0 kB
WritebackTmp:          0 kB
CommitLimit:     5358820 kB
Committed_AS:   172127120 kB
VmallocTotal:   258998208 kB
VmallocUsed:           0 kB
VmallocChunk:          0 kB
CmaTotal:         106496 kB
CmaFree:            1760 kB



2023-04-13_20-32-05
run this app : Candy Crush Jelly

MemTotal:        5474772 kB
MemFree:          122128 kB
MemAvailable:     623544 kB
Buffers:            6268 kB
Cached:           634088 kB
SwapCached:        12588 kB
Active:          1067360 kB
Inactive:        1132508 kB
Active(anon):     770180 kB
Inactive(anon):   793240 kB
Active(file):     297180 kB
Inactive(file):   339268 kB
Unevictable:         580 kB
Mlocked:             580 kB
SwapTotal:       2621436 kB
SwapFree:         352828 kB
Dirty:              2812 kB
Writeback:             0 kB
AnonPages:       1554180 kB
Mapped:           481940 kB
Shmem:              3884 kB
Slab:             288824 kB
SReclaimable:      71660 kB
SUnreclaim:       217164 kB
KernelStack:       74240 kB
PageTables:       111096 kB
NFS_Unstable:          0 kB
Bounce:                0 kB
WritebackTmp:          0 kB
CommitLimit:     5358820 kB
Committed_AS:   156111944 kB
VmallocTotal:   258998208 kB
VmallocUsed:           0 kB
VmallocChunk:          0 kB
CmaTotal:         106496 kB
CmaFree:               0 kB



2023-04-13_20-32-31
run this app : Candy Crush Saga

MemTotal:        5474772 kB
MemFree:          118676 kB
MemAvailable:     666532 kB
Buffers:            8128 kB
Cached:           677944 kB
SwapCached:        11888 kB
Active:          1008296 kB
Inactive:        1033976 kB
Active(anon):     667116 kB
Inactive(anon):   692528 kB
Active(file):     341180 kB
Inactive(file):   341448 kB
Unevictable:         580 kB
Mlocked:             580 kB
SwapTotal:       2621436 kB
SwapFree:          44024 kB
Dirty:               644 kB
Writeback:             0 kB
AnonPages:       1351784 kB
Mapped:           502276 kB
Shmem:              3444 kB
Slab:             289224 kB
SReclaimable:      72184 kB
SUnreclaim:       217040 kB
KernelStack:       75424 kB
PageTables:       113772 kB
NFS_Unstable:          0 kB
Bounce:                0 kB
WritebackTmp:          0 kB
CommitLimit:     5358820 kB
Committed_AS:   159980972 kB
VmallocTotal:   258998208 kB
VmallocUsed:           0 kB
VmallocChunk:          0 kB
CmaTotal:         106496 kB
CmaFree:            5940 kB



2023-04-13_20-32-51
run this app : NYT Games

MemTotal:        5474772 kB
MemFree:          112512 kB
MemAvailable:     657164 kB
Buffers:           21996 kB
Cached:           660844 kB
SwapCached:        13324 kB
Active:          1060972 kB
Inactive:        1070996 kB
Active(anon):     721616 kB
Inactive(anon):   730944 kB
Active(file):     339356 kB
Inactive(file):   340052 kB
Unevictable:         580 kB
Mlocked:             580 kB
SwapTotal:       2621436 kB
SwapFree:            704 kB
Dirty:              1924 kB
Writeback:             0 kB
AnonPages:       1443644 kB
Mapped:           554808 kB
Shmem:              3416 kB
Slab:             289284 kB
SReclaimable:      72216 kB
SUnreclaim:       217068 kB
KernelStack:       78112 kB
PageTables:       116100 kB
NFS_Unstable:          0 kB
Bounce:                0 kB
WritebackTmp:          0 kB
CommitLimit:     5358820 kB
Committed_AS:   163354880 kB
VmallocTotal:   258998208 kB
VmallocUsed:           0 kB
VmallocChunk:          0 kB
CmaTotal:         106496 kB
CmaFree:               0 kB



2023-04-13_20-33-04
run this app : Simple PDF Reader

MemTotal:        5474772 kB
MemFree:          132432 kB
MemAvailable:     584808 kB
Buffers:            5948 kB
Cached:           585484 kB
SwapCached:        14112 kB
Active:          1063268 kB
Inactive:        1042932 kB
Active(anon):     757632 kB
Inactive(anon):   761220 kB
Active(file):     305636 kB
Inactive(file):   281712 kB
Unevictable:         580 kB
Mlocked:             580 kB
SwapTotal:       2621436 kB
SwapFree:             32 kB
Dirty:              4780 kB
Writeback:             0 kB
AnonPages:       1508656 kB
Mapped:           454412 kB
Shmem:              3384 kB
Slab:             290400 kB
SReclaimable:      71784 kB
SUnreclaim:       218616 kB
KernelStack:       80944 kB
PageTables:       121204 kB
NFS_Unstable:          0 kB
Bounce:                0 kB
WritebackTmp:          0 kB
CommitLimit:     5358820 kB
Committed_AS:   172505004 kB
VmallocTotal:   258998208 kB
VmallocUsed:           0 kB
VmallocChunk:          0 kB
CmaTotal:         106496 kB
CmaFree:             228 kB



2023-04-13_20-33-30
run this app : Crossy Road

MemTotal:        5474772 kB
MemFree:          115708 kB
MemAvailable:     730724 kB
Buffers:            6884 kB
Cached:           748172 kB
SwapCached:        11432 kB
Active:          1128168 kB
Inactive:        1115228 kB
Active(anon):     754120 kB
Inactive(anon):   739216 kB
Active(file):     374048 kB
Inactive(file):   376012 kB
Unevictable:         580 kB
Mlocked:             580 kB
SwapTotal:       2621436 kB
SwapFree:         469656 kB
Dirty:              1764 kB
Writeback:            48 kB
AnonPages:       1484616 kB
Mapped:           538136 kB
Shmem:              3696 kB
Slab:             288148 kB
SReclaimable:      71640 kB
SUnreclaim:       216508 kB
KernelStack:       69920 kB
PageTables:       105620 kB
NFS_Unstable:          0 kB
Bounce:                0 kB
WritebackTmp:          0 kB
CommitLimit:     5358820 kB
Committed_AS:   157948216 kB
VmallocTotal:   258998208 kB
VmallocUsed:           0 kB
VmallocChunk:          0 kB
CmaTotal:         106496 kB
CmaFree:             376 kB



2023-04-13_20-33-47
run this app : FaceApp

MemTotal:        5474772 kB
MemFree:          140472 kB
MemAvailable:    1036200 kB
Buffers:           11380 kB
Cached:          1021920 kB
SwapCached:         9712 kB
Active:          1119088 kB
Inactive:        1122860 kB
Active(anon):     597236 kB
Inactive(anon):   614340 kB
Active(file):     521852 kB
Inactive(file):   508520 kB
Unevictable:         580 kB
Mlocked:             580 kB
SwapTotal:       2621436 kB
SwapFree:         161280 kB
Dirty:              1992 kB
Writeback:             0 kB
AnonPages:       1205196 kB
Mapped:           633064 kB
Shmem:              2580 kB
Slab:             288784 kB
SReclaimable:      72440 kB
SUnreclaim:       216344 kB
KernelStack:       72064 kB
PageTables:       107404 kB
NFS_Unstable:          0 kB
Bounce:                0 kB
WritebackTmp:          0 kB
CommitLimit:     5358820 kB
Committed_AS:   156480804 kB
VmallocTotal:   258998208 kB
VmallocUsed:           0 kB
VmallocChunk:          0 kB
CmaTotal:         106496 kB
CmaFree:             144 kB



2023-04-13_20-34-05
run this app : Lyft

MemTotal:        5474772 kB
MemFree:           93168 kB
MemAvailable:    1043640 kB
Buffers:           12728 kB
Cached:          1074992 kB
SwapCached:         9976 kB
Active:          1121736 kB
Inactive:        1122924 kB
Active(anon):     579904 kB
Inactive(anon):   579632 kB
Active(file):     541832 kB
Inactive(file):   543292 kB
Unevictable:         580 kB
Mlocked:             580 kB
SwapTotal:       2621436 kB
SwapFree:          26768 kB
Dirty:               596 kB
Writeback:            20 kB
AnonPages:       1152984 kB
Mapped:           714428 kB
Shmem:              2304 kB
Slab:             288756 kB
SReclaimable:      72420 kB
SUnreclaim:       216336 kB
KernelStack:       73184 kB
PageTables:       109032 kB
NFS_Unstable:          0 kB
Bounce:                0 kB
WritebackTmp:          0 kB
CommitLimit:     5358820 kB
Committed_AS:   158476232 kB
VmallocTotal:   258998208 kB
VmallocUsed:           0 kB
VmallocChunk:          0 kB
CmaTotal:         106496 kB
CmaFree:               0 kB



2023-04-13_20-34-23
run this app : Pou

MemTotal:        5474772 kB
MemFree:           93108 kB
MemAvailable:    1029020 kB
Buffers:           11712 kB
Cached:          1064824 kB
SwapCached:        11664 kB
Active:          1147044 kB
Inactive:        1126892 kB
Active(anon):     606548 kB
Inactive(anon):   596656 kB
Active(file):     540496 kB
Inactive(file):   530236 kB
Unevictable:         580 kB
Mlocked:             580 kB
SwapTotal:       2621436 kB
SwapFree:              0 kB
Dirty:               492 kB
Writeback:             0 kB
AnonPages:       1190548 kB
Mapped:           727212 kB
Shmem:              6856 kB
Slab:             288572 kB
SReclaimable:      72084 kB
SUnreclaim:       216488 kB
KernelStack:       74880 kB
PageTables:       111784 kB
NFS_Unstable:          0 kB
Bounce:                0 kB
WritebackTmp:          0 kB
CommitLimit:     5358820 kB
Committed_AS:   161935492 kB
VmallocTotal:   258998208 kB
VmallocUsed:           0 kB
VmallocChunk:          0 kB
CmaTotal:         106496 kB
CmaFree:            1140 kB



2023-04-13_20-34-54
run this app : Hide 'N Seek!

MemTotal:        5474772 kB
MemFree:           92564 kB
MemAvailable:     659064 kB
Buffers:            7848 kB
Cached:           701232 kB
SwapCached:        15176 kB
Active:          1148784 kB
Inactive:        1134752 kB
Active(anon):     801740 kB
Inactive(anon):   779936 kB
Active(file):     347044 kB
Inactive(file):   354816 kB
Unevictable:         580 kB
Mlocked:             580 kB
SwapTotal:       2621436 kB
SwapFree:         343888 kB
Dirty:              2012 kB
Writeback:             0 kB
AnonPages:       1567936 kB
Mapped:           499580 kB
Shmem:              7220 kB
Slab:             287096 kB
SReclaimable:      71004 kB
SUnreclaim:       216092 kB
KernelStack:       75520 kB
PageTables:       111952 kB
NFS_Unstable:          0 kB
Bounce:                0 kB
WritebackTmp:          0 kB
CommitLimit:     5358820 kB
Committed_AS:   161751420 kB
VmallocTotal:   258998208 kB
VmallocUsed:           0 kB
VmallocChunk:          0 kB
CmaTotal:         106496 kB
CmaFree:               0 kB



2023-04-13_20-35-14
run this app : Telegram

MemTotal:        5474772 kB
MemFree:           92864 kB
MemAvailable:     803380 kB
Buffers:           12240 kB
Cached:           840428 kB
SwapCached:        15424 kB
Active:          1101400 kB
Inactive:        1098928 kB
Active(anon):     682128 kB
Inactive(anon):   672592 kB
Active(file):     419272 kB
Inactive(file):   426336 kB
Unevictable:         580 kB
Mlocked:             580 kB
SwapTotal:       2621436 kB
SwapFree:          21616 kB
Dirty:              1824 kB
Writeback:             0 kB
AnonPages:       1341744 kB
Mapped:           628976 kB
Shmem:              6684 kB
Slab:             287660 kB
SReclaimable:      71540 kB
SUnreclaim:       216120 kB
KernelStack:       76976 kB
PageTables:       115484 kB
NFS_Unstable:          0 kB
Bounce:                0 kB
WritebackTmp:          0 kB
CommitLimit:     5358820 kB
Committed_AS:   167593948 kB
VmallocTotal:   258998208 kB
VmallocUsed:           0 kB
VmallocChunk:          0 kB
CmaTotal:         106496 kB
CmaFree:               0 kB



2023-04-13_20-35-33
run this app : Signal

MemTotal:        5474772 kB
MemFree:           94548 kB
MemAvailable:     722500 kB
Buffers:            8640 kB
Cached:           761936 kB
SwapCached:        15400 kB
Active:          1080636 kB
Inactive:        1073328 kB
Active(anon):     695868 kB
Inactive(anon):   694996 kB
Active(file):     384768 kB
Inactive(file):   378332 kB
Unevictable:         836 kB
Mlocked:             836 kB
SwapTotal:       2621436 kB
SwapFree:           2472 kB
Dirty:              1012 kB
Writeback:             0 kB
AnonPages:       1377996 kB
Mapped:           598608 kB
Shmem:              7616 kB
Slab:             288280 kB
SReclaimable:      71432 kB
SUnreclaim:       216848 kB
KernelStack:       78064 kB
PageTables:       117276 kB
NFS_Unstable:          0 kB
Bounce:                0 kB
WritebackTmp:          0 kB
CommitLimit:     5358820 kB
Committed_AS:   169580356 kB
VmallocTotal:   258998208 kB
VmallocUsed:           0 kB
VmallocChunk:          0 kB
CmaTotal:         106496 kB
CmaFree:              12 kB



2023-04-13_20-35-56
run this app : Kindle

MemTotal:        5474772 kB
MemFree:           97884 kB
MemAvailable:     682588 kB
Buffers:            5744 kB
Cached:           723044 kB
SwapCached:        16696 kB
Active:          1150792 kB
Inactive:        1092160 kB
Active(anon):     780700 kB
Inactive(anon):   742516 kB
Active(file):     370092 kB
Inactive(file):   349644 kB
Unevictable:         836 kB
Mlocked:             836 kB
SwapTotal:       2621436 kB
SwapFree:            168 kB
Dirty:              2172 kB
Writeback:             0 kB
AnonPages:       1507968 kB
Mapped:           549432 kB
Shmem:              8128 kB
Slab:             289220 kB
SReclaimable:      71664 kB
SUnreclaim:       217556 kB
KernelStack:       80176 kB
PageTables:       120992 kB
NFS_Unstable:          0 kB
Bounce:                0 kB
WritebackTmp:          0 kB
CommitLimit:     5358820 kB
Committed_AS:   174899276 kB
VmallocTotal:   258998208 kB
VmallocUsed:           0 kB
VmallocChunk:          0 kB
CmaTotal:         106496 kB
CmaFree:               0 kB



2023-04-13_20-36-15
run this app : Firefox

MemTotal:        5474772 kB
MemFree:          119588 kB
MemAvailable:     557092 kB
Buffers:            5304 kB
Cached:           576212 kB
SwapCached:        17788 kB
Active:          1114876 kB
Inactive:        1097868 kB
Active(anon):     833032 kB
Inactive(anon):   807028 kB
Active(file):     281844 kB
Inactive(file):   290840 kB
Unevictable:         836 kB
Mlocked:             836 kB
SwapTotal:       2621436 kB
SwapFree:            492 kB
Dirty:              1304 kB
Writeback:             0 kB
AnonPages:       1623936 kB
Mapped:           487888 kB
Shmem:              8084 kB
Slab:             289796 kB
SReclaimable:      71364 kB
SUnreclaim:       218432 kB
KernelStack:       82304 kB
PageTables:       124092 kB
NFS_Unstable:          0 kB
Bounce:                0 kB
WritebackTmp:          0 kB
CommitLimit:     5358820 kB
Committed_AS:   178847076 kB
VmallocTotal:   258998208 kB
VmallocUsed:           0 kB
VmallocChunk:          0 kB
CmaTotal:         106496 kB
CmaFree:               4 kB



2023-04-13_20-36-43
run this app : Coinbase

MemTotal:        5474772 kB
MemFree:           98188 kB
MemAvailable:     597788 kB
Buffers:            5912 kB
Cached:           635212 kB
SwapCached:        10352 kB
Active:          1107484 kB
Inactive:        1115704 kB
Active(anon):     788552 kB
Inactive(anon):   799428 kB
Active(file):     318932 kB
Inactive(file):   316276 kB
Unevictable:         836 kB
Mlocked:             836 kB
SwapTotal:       2621436 kB
SwapFree:           7116 kB
Dirty:                32 kB
Writeback:             0 kB
AnonPages:       1578808 kB
Mapped:           502912 kB
Shmem:              5804 kB
Slab:             290180 kB
SReclaimable:      70508 kB
SUnreclaim:       219672 kB
KernelStack:       79792 kB
PageTables:       119044 kB
NFS_Unstable:          0 kB
Bounce:                0 kB
WritebackTmp:          0 kB
CommitLimit:     5358820 kB
Committed_AS:   171562180 kB
VmallocTotal:   258998208 kB
VmallocUsed:           0 kB
VmallocChunk:          0 kB
CmaTotal:         106496 kB
CmaFree:               0 kB



2023-04-13_20-37-10
run this app : Candy Crush Soda

MemTotal:        5474772 kB
MemFree:          119368 kB
MemAvailable:     736452 kB
Buffers:            6336 kB
Cached:           753364 kB
SwapCached:        14216 kB
Active:          1220944 kB
Inactive:        1207244 kB
Active(anon):     875024 kB
Inactive(anon):   800744 kB
Active(file):     345920 kB
Inactive(file):   406500 kB
Unevictable:         836 kB
Mlocked:             836 kB
SwapTotal:       2621436 kB
SwapFree:         478652 kB
Dirty:              4248 kB
Writeback:             0 kB
AnonPages:       1662924 kB
Mapped:           524524 kB
Shmem:              6200 kB
Slab:             289820 kB
SReclaimable:      71056 kB
SUnreclaim:       218764 kB
KernelStack:       72608 kB
PageTables:       109028 kB
NFS_Unstable:          0 kB
Bounce:                0 kB
WritebackTmp:          0 kB
CommitLimit:     5358820 kB
Committed_AS:   158649728 kB
VmallocTotal:   258998208 kB
VmallocUsed:           0 kB
VmallocChunk:          0 kB
CmaTotal:         106496 kB
CmaFree:               0 kB



2023-04-13_20-37-40
run this app : Kids Transport

MemTotal:        5474772 kB
MemFree:           96664 kB
MemAvailable:     904320 kB
Buffers:           10108 kB
Cached:           936168 kB
SwapCached:        10840 kB
Active:          1195028 kB
Inactive:        1170276 kB
Active(anon):     723588 kB
Inactive(anon):   699092 kB
Active(file):     471440 kB
Inactive(file):   471184 kB
Unevictable:         836 kB
Mlocked:             836 kB
SwapTotal:       2621436 kB
SwapFree:           9036 kB
Dirty:              2668 kB
Writeback:             0 kB
AnonPages:       1415892 kB
Mapped:           660188 kB
Shmem:              3544 kB
Slab:             290844 kB
SReclaimable:      71792 kB
SUnreclaim:       219052 kB
KernelStack:       75920 kB
PageTables:       114116 kB
NFS_Unstable:          0 kB
Bounce:                0 kB
WritebackTmp:          0 kB
CommitLimit:     5358820 kB
Committed_AS:   165916540 kB
VmallocTotal:   258998208 kB
VmallocUsed:           0 kB
VmallocChunk:          0 kB
CmaTotal:         106496 kB
CmaFree:               0 kB



2023-04-13_20-38-16
run this app : Hill Climb Racing

MemTotal:        5474772 kB
MemFree:           92616 kB
MemAvailable:     656972 kB
Buffers:            7076 kB
Cached:           697744 kB
SwapCached:        12972 kB
Active:          1101732 kB
Inactive:        1092288 kB
Active(anon):     747276 kB
Inactive(anon):   747276 kB
Active(file):     354456 kB
Inactive(file):   345012 kB
Unevictable:         836 kB
Mlocked:             836 kB
SwapTotal:       2621436 kB
SwapFree:           1268 kB
Dirty:              1176 kB
Writeback:             0 kB
AnonPages:       1484236 kB
Mapped:           551476 kB
Shmem:              5192 kB
Slab:             290616 kB
SReclaimable:      71504 kB
SUnreclaim:       219112 kB
KernelStack:       78480 kB
PageTables:       117876 kB
NFS_Unstable:          0 kB
Bounce:                0 kB
WritebackTmp:          0 kB
CommitLimit:     5358820 kB
Committed_AS:   169351920 kB
VmallocTotal:   258998208 kB
VmallocUsed:           0 kB
VmallocChunk:          0 kB
CmaTotal:         106496 kB
CmaFree:               0 kB



2023-04-13_20-38-33
run this app : Call Recorder

MemTotal:        5474772 kB
MemFree:           89788 kB
MemAvailable:     666264 kB
Buffers:            6140 kB
Cached:           711612 kB
SwapCached:        12936 kB
Active:          1157736 kB
Inactive:        1106944 kB
Active(anon):     782304 kB
Inactive(anon):   770896 kB
Active(file):     375432 kB
Inactive(file):   336048 kB
Unevictable:         836 kB
Mlocked:             836 kB
SwapTotal:       2621436 kB
SwapFree:              0 kB
Dirty:              4892 kB
Writeback:             0 kB
AnonPages:       1542452 kB
Mapped:           541368 kB
Shmem:              5184 kB
Slab:             290772 kB
SReclaimable:      71716 kB
SUnreclaim:       219056 kB
KernelStack:       80400 kB
PageTables:       119876 kB
NFS_Unstable:          0 kB
Bounce:                0 kB
WritebackTmp:          0 kB
CommitLimit:     5358820 kB
Committed_AS:   172744800 kB
VmallocTotal:   258998208 kB
VmallocUsed:           0 kB
VmallocChunk:          0 kB
CmaTotal:         106496 kB
CmaFree:               0 kB



2023-04-13_20-38-46
run this app : Kik

MemTotal:        5474772 kB
MemFree:           90572 kB
MemAvailable:     550676 kB
Buffers:            5728 kB
Cached:           596500 kB
SwapCached:        14508 kB
Active:          1129744 kB
Inactive:        1108596 kB
Active(anon):     831316 kB
Inactive(anon):   811708 kB
Active(file):     298428 kB
Inactive(file):   296888 kB
Unevictable:         836 kB
Mlocked:             836 kB
SwapTotal:       2621436 kB
SwapFree:              4 kB
Dirty:               296 kB
Writeback:             0 kB
AnonPages:       1631304 kB
Mapped:           520248 kB
Shmem:              5340 kB
Slab:             290440 kB
SReclaimable:      71304 kB
SUnreclaim:       219136 kB
KernelStack:       82560 kB
PageTables:       124624 kB
NFS_Unstable:          0 kB
Bounce:                0 kB
WritebackTmp:          0 kB
CommitLimit:     5358820 kB
Committed_AS:   179992156 kB
VmallocTotal:   258998208 kB
VmallocUsed:           0 kB
VmallocChunk:          0 kB
CmaTotal:         106496 kB
CmaFree:             180 kB



2023-04-13_20-39-06
run this app : Color Fill 3D

MemTotal:        5474772 kB
MemFree:          138696 kB
MemAvailable:     620468 kB
Buffers:            7328 kB
Cached:           616104 kB
SwapCached:        13916 kB
Active:          1217592 kB
Inactive:        1137336 kB
Active(anon):     901932 kB
Inactive(anon):   836180 kB
Active(file):     315660 kB
Inactive(file):   301156 kB
Unevictable:         836 kB
Mlocked:             836 kB
SwapTotal:       2621436 kB
SwapFree:         248156 kB
Dirty:              1448 kB
Writeback:             0 kB
AnonPages:       1726756 kB
Mapped:           503240 kB
Shmem:              5284 kB
Slab:             289928 kB
SReclaimable:      71640 kB
SUnreclaim:       218288 kB
KernelStack:       80080 kB
PageTables:       118548 kB
NFS_Unstable:          0 kB
Bounce:                0 kB
WritebackTmp:          0 kB
CommitLimit:     5358820 kB
Committed_AS:   169079628 kB
VmallocTotal:   258998208 kB
VmallocUsed:           0 kB
VmallocChunk:          0 kB
CmaTotal:         106496 kB
CmaFree:               0 kB



2023-04-13_20-39-29
run this app : Etsy

MemTotal:        5474772 kB
MemFree:          107204 kB
MemAvailable:     669496 kB
Buffers:            8848 kB
Cached:           694220 kB
SwapCached:        16280 kB
Active:          1181188 kB
Inactive:        1173640 kB
Active(anon):     826544 kB
Inactive(anon):   830664 kB
Active(file):     354644 kB
Inactive(file):   342976 kB
Unevictable:         836 kB
Mlocked:             836 kB
SwapTotal:       2621436 kB
SwapFree:            488 kB
Dirty:              2720 kB
Writeback:             0 kB
AnonPages:       1645028 kB
Mapped:           575336 kB
Shmem:              5432 kB
Slab:             290656 kB
SReclaimable:      71072 kB
SUnreclaim:       219584 kB
KernelStack:       85504 kB
PageTables:       125156 kB
NFS_Unstable:          0 kB
Bounce:                0 kB
WritebackTmp:          0 kB
CommitLimit:     5358820 kB
Committed_AS:   178295240 kB
VmallocTotal:   258998208 kB
VmallocUsed:           0 kB
VmallocChunk:          0 kB
CmaTotal:         106496 kB
CmaFree:               0 kB



2023-04-13_20-39-46
run this app : Pi

MemTotal:        5474772 kB
MemFree:           98632 kB
MemAvailable:     610740 kB
Buffers:            7836 kB
Cached:           645600 kB
SwapCached:        16432 kB
Active:          1164052 kB
Inactive:        1161124 kB
Active(anon):     840288 kB
Inactive(anon):   837728 kB
Active(file):     323764 kB
Inactive(file):   323396 kB
Unevictable:         836 kB
Mlocked:             836 kB
SwapTotal:       2621436 kB
SwapFree:            492 kB
Dirty:              1064 kB
Writeback:             0 kB
AnonPages:       1665328 kB
Mapped:           526164 kB
Shmem:              6060 kB
Slab:             291108 kB
SReclaimable:      71620 kB
SUnreclaim:       219488 kB
KernelStack:       84832 kB
PageTables:       124408 kB
NFS_Unstable:          0 kB
Bounce:                0 kB
WritebackTmp:          0 kB
CommitLimit:     5358820 kB
Committed_AS:   176390956 kB
VmallocTotal:   258998208 kB
VmallocUsed:           0 kB
VmallocChunk:          0 kB
CmaTotal:         106496 kB
CmaFree:             372 kB



2023-04-13_20-40-11
run this app : Soccer Star

MemTotal:        5474772 kB
MemFree:          134452 kB
MemAvailable:     723552 kB
Buffers:            6620 kB
Cached:           722644 kB
SwapCached:        11864 kB
Active:          1115384 kB
Inactive:        1227956 kB
Active(anon):     788952 kB
Inactive(anon):   830184 kB
Active(file):     326432 kB
Inactive(file):   397772 kB
Unevictable:         836 kB
Mlocked:             836 kB
SwapTotal:       2621436 kB
SwapFree:         126732 kB
Dirty:              2260 kB
Writeback:             0 kB
AnonPages:       1611800 kB
Mapped:           552932 kB
Shmem:              4536 kB
Slab:             290308 kB
SReclaimable:      71516 kB
SUnreclaim:       218792 kB
KernelStack:       78800 kB
PageTables:       118004 kB
NFS_Unstable:          0 kB
Bounce:                0 kB
WritebackTmp:          0 kB
CommitLimit:     5358820 kB
Committed_AS:   167483184 kB
VmallocTotal:   258998208 kB
VmallocUsed:           0 kB
VmallocChunk:          0 kB
CmaTotal:         106496 kB
CmaFree:               0 kB



2023-04-13_20-40-31
run this app : Puffin

MemTotal:        5474772 kB
MemFree:           66392 kB
MemAvailable:     703808 kB
Buffers:            6988 kB
Cached:           772120 kB
SwapCached:        12476 kB
Active:          1203060 kB
Inactive:        1184336 kB
Active(anon):     814376 kB
Inactive(anon):   800596 kB
Active(file):     388684 kB
Inactive(file):   383740 kB
Unevictable:         836 kB
Mlocked:             836 kB
SwapTotal:       2621436 kB
SwapFree:              0 kB
Dirty:              2916 kB
Writeback:             0 kB
AnonPages:       1605652 kB
Mapped:           600692 kB
Shmem:              5536 kB
Slab:             290404 kB
SReclaimable:      71712 kB
SUnreclaim:       218692 kB
KernelStack:       81056 kB
PageTables:       120552 kB
NFS_Unstable:          0 kB
Bounce:                0 kB
WritebackTmp:          0 kB
CommitLimit:     5358820 kB
Committed_AS:   170880512 kB
VmallocTotal:   258998208 kB
VmallocUsed:           0 kB
VmallocChunk:          0 kB
CmaTotal:         106496 kB
CmaFree:               0 kB



2023-04-13_20-40-52
run this app : Crunchyroll

MemTotal:        5474772 kB
MemFree:          118948 kB
MemAvailable:     624312 kB
Buffers:            6308 kB
Cached:           638864 kB
SwapCached:        13528 kB
Active:          1129532 kB
Inactive:        1149256 kB
Active(anon):     813564 kB
Inactive(anon):   824664 kB
Active(file):     315968 kB
Inactive(file):   324592 kB
Unevictable:         836 kB
Mlocked:             836 kB
SwapTotal:       2621436 kB
SwapFree:           2636 kB
Dirty:               412 kB
Writeback:             0 kB
AnonPages:       1629216 kB
Mapped:           515652 kB
Shmem:              4612 kB
Slab:             290032 kB
SReclaimable:      71336 kB
SUnreclaim:       218696 kB
KernelStack:       82864 kB
PageTables:       122468 kB
NFS_Unstable:          0 kB
Bounce:                0 kB
WritebackTmp:          0 kB
CommitLimit:     5358820 kB
Committed_AS:   172910524 kB
VmallocTotal:   258998208 kB
VmallocUsed:           0 kB
VmallocChunk:          0 kB
CmaTotal:         106496 kB
CmaFree:               0 kB



2023-04-13_20-41-09
run this app : VLC

MemTotal:        5474772 kB
MemFree:          100856 kB
MemAvailable:     535768 kB
Buffers:            6000 kB
Cached:           569160 kB
SwapCached:        12860 kB
Active:          1124352 kB
Inactive:        1123884 kB
Active(anon):     839468 kB
Inactive(anon):   838648 kB
Active(file):     284884 kB
Inactive(file):   285236 kB
Unevictable:         836 kB
Mlocked:             836 kB
SwapTotal:       2621436 kB
SwapFree:            116 kB
Dirty:              2476 kB
Writeback:             0 kB
AnonPages:       1669580 kB
Mapped:           483972 kB
Shmem:              4204 kB
Slab:             290300 kB
SReclaimable:      71308 kB
SUnreclaim:       218992 kB
KernelStack:       83056 kB
PageTables:       123936 kB
NFS_Unstable:          0 kB
Bounce:                0 kB
WritebackTmp:          0 kB
CommitLimit:     5358820 kB
Committed_AS:   174862224 kB
VmallocTotal:   258998208 kB
VmallocUsed:           0 kB
VmallocChunk:          0 kB
CmaTotal:         106496 kB
CmaFree:            4924 kB



2023-04-13_20-41-27
run this app : eToro

MemTotal:        5474772 kB
MemFree:           90576 kB
MemAvailable:     457784 kB
Buffers:            3060 kB
Cached:           504180 kB
SwapCached:        10340 kB
Active:          1200284 kB
Inactive:        1108044 kB
Active(anon):     948980 kB
Inactive(anon):   856872 kB
Active(file):     251304 kB
Inactive(file):   251172 kB
Unevictable:         836 kB
Mlocked:             836 kB
SwapTotal:       2621436 kB
SwapFree:              0 kB
Dirty:              1480 kB
Writeback:             0 kB
AnonPages:       1798160 kB
Mapped:           450080 kB
Shmem:              4460 kB
Slab:             290484 kB
SReclaimable:      71188 kB
SUnreclaim:       219296 kB
KernelStack:       83424 kB
PageTables:       125172 kB
NFS_Unstable:          0 kB
Bounce:                0 kB
WritebackTmp:          0 kB
CommitLimit:     5358820 kB
Committed_AS:   176308996 kB
VmallocTotal:   258998208 kB
VmallocUsed:           0 kB
VmallocChunk:          0 kB
CmaTotal:         106496 kB
CmaFree:            1164 kB



2023-04-13_20-41-46
run this app : GroupMe

MemTotal:        5474772 kB
MemFree:          196972 kB
MemAvailable:     774368 kB
Buffers:            7440 kB
Cached:           711016 kB
SwapCached:        11760 kB
Active:          1153708 kB
Inactive:        1147436 kB
Active(anon):     798504 kB
Inactive(anon):   789880 kB
Active(file):     355204 kB
Inactive(file):   357556 kB
Unevictable:         580 kB
Mlocked:             580 kB
SwapTotal:       2621436 kB
SwapFree:         440528 kB
Dirty:              5276 kB
Writeback:             0 kB
AnonPages:       1579032 kB
Mapped:           572044 kB
Shmem:              4496 kB
Slab:             289368 kB
SReclaimable:      70996 kB
SUnreclaim:       218372 kB
KernelStack:       74816 kB
PageTables:       111588 kB
NFS_Unstable:          0 kB
Bounce:                0 kB
WritebackTmp:          0 kB
CommitLimit:     5358820 kB
Committed_AS:   157859136 kB
VmallocTotal:   258998208 kB
VmallocUsed:           0 kB
VmallocChunk:          0 kB
CmaTotal:         106496 kB
CmaFree:               0 kB



2023-04-13_20-42-21
run this app : DNA Evolution 3D

MemTotal:        5474772 kB
MemFree:          148288 kB
MemAvailable:     875416 kB
Buffers:           27828 kB
Cached:           838572 kB
SwapCached:        13008 kB
Active:          1151568 kB
Inactive:        1098196 kB
Active(anon):     691272 kB
Inactive(anon):   696264 kB
Active(file):     460296 kB
Inactive(file):   401932 kB
Unevictable:         580 kB
Mlocked:             580 kB
SwapTotal:       2621436 kB
SwapFree:           2076 kB
Dirty:              1272 kB
Writeback:             0 kB
AnonPages:       1378524 kB
Mapped:           610192 kB
Shmem:              3800 kB
Slab:             290184 kB
SReclaimable:      71524 kB
SUnreclaim:       218660 kB
KernelStack:       79312 kB
PageTables:       118020 kB
NFS_Unstable:          0 kB
Bounce:                0 kB
WritebackTmp:          0 kB
CommitLimit:     5358820 kB
Committed_AS:   165389500 kB
VmallocTotal:   258998208 kB
VmallocUsed:           0 kB
VmallocChunk:          0 kB
CmaTotal:         106496 kB
CmaFree:            2584 kB



2023-04-13_20-42-42
run this app : Bitmoji

MemTotal:        5474772 kB
MemFree:           98060 kB
MemAvailable:     770424 kB
Buffers:           15676 kB
Cached:           794880 kB
SwapCached:        12628 kB
Active:          1138196 kB
Inactive:        1130812 kB
Active(anon):     736816 kB
Inactive(anon):   725272 kB
Active(file):     401380 kB
Inactive(file):   405540 kB
Unevictable:         580 kB
Mlocked:             580 kB
SwapTotal:       2621436 kB
SwapFree:            372 kB
Dirty:              2396 kB
Writeback:             0 kB
AnonPages:       1453500 kB
Mapped:           546740 kB
Shmem:              3600 kB
Slab:             291328 kB
SReclaimable:      72616 kB
SUnreclaim:       218712 kB
KernelStack:       79312 kB
PageTables:       118828 kB
NFS_Unstable:          0 kB
Bounce:                0 kB
WritebackTmp:          0 kB
CommitLimit:     5358820 kB
Committed_AS:   167354296 kB
VmallocTotal:   258998208 kB
VmallocUsed:           0 kB
VmallocChunk:          0 kB
CmaTotal:         106496 kB
CmaFree:               0 kB



2023-04-13_20-43-01
run this app : Amazon Seller

MemTotal:        5474772 kB
MemFree:           97168 kB
MemAvailable:     628496 kB
Buffers:            8004 kB
Cached:           662104 kB
SwapCached:        12700 kB
Active:          1081336 kB
Inactive:        1099304 kB
Active(anon):     745980 kB
Inactive(anon):   768564 kB
Active(file):     335356 kB
Inactive(file):   330740 kB
Unevictable:         580 kB
Mlocked:             580 kB
SwapTotal:       2621436 kB
SwapFree:            688 kB
Dirty:              1068 kB
Writeback:             0 kB
AnonPages:       1505004 kB
Mapped:           520020 kB
Shmem:              4012 kB
Slab:             290956 kB
SReclaimable:      72188 kB
SUnreclaim:       218768 kB
KernelStack:       81264 kB
PageTables:       121576 kB
NFS_Unstable:          0 kB
Bounce:                0 kB
WritebackTmp:          0 kB
CommitLimit:     5358820 kB
Committed_AS:   170720168 kB
VmallocTotal:   258998208 kB
VmallocUsed:           0 kB
VmallocChunk:          0 kB
CmaTotal:         106496 kB
CmaFree:               0 kB



2023-04-13_20-43-21
run this app : WhatsApp

MemTotal:        5474772 kB
MemFree:          132728 kB
MemAvailable:     598740 kB
Buffers:            7428 kB
Cached:           597688 kB
SwapCached:        13776 kB
Active:          1058152 kB
Inactive:        1091220 kB
Active(anon):     756636 kB
Inactive(anon):   791612 kB
Active(file):     301516 kB
Inactive(file):   299608 kB
Unevictable:         580 kB
Mlocked:             580 kB
SwapTotal:       2621436 kB
SwapFree:            100 kB
Dirty:              1168 kB
Writeback:             0 kB
AnonPages:       1538508 kB
Mapped:           516276 kB
Shmem:              3976 kB
Slab:             291116 kB
SReclaimable:      71504 kB
SUnreclaim:       219612 kB
KernelStack:       82304 kB
PageTables:       124312 kB
NFS_Unstable:          0 kB
Bounce:                0 kB
WritebackTmp:          0 kB
CommitLimit:     5358820 kB
Committed_AS:   176540472 kB
VmallocTotal:   258998208 kB
VmallocUsed:           0 kB
VmallocChunk:          0 kB
CmaTotal:         106496 kB
CmaFree:            2836 kB



2023-04-13_20-43-56
run this app : Candy Crush Jelly

MemTotal:        5474772 kB
MemFree:          259152 kB
MemAvailable:     691376 kB
Buffers:            5844 kB
Cached:           566096 kB
SwapCached:        11968 kB
Active:           988104 kB
Inactive:        1077948 kB
Active(anon):     722964 kB
Inactive(anon):   775252 kB
Active(file):     265140 kB
Inactive(file):   302696 kB
Unevictable:         580 kB
Mlocked:             580 kB
SwapTotal:       2621436 kB
SwapFree:         398820 kB
Dirty:              2932 kB
Writeback:             0 kB
AnonPages:       1489908 kB
Mapped:           451268 kB
Shmem:              4068 kB
Slab:             288292 kB
SReclaimable:      70504 kB
SUnreclaim:       217788 kB
KernelStack:       73376 kB
PageTables:       108984 kB
NFS_Unstable:          0 kB
Bounce:                0 kB
WritebackTmp:          0 kB
CommitLimit:     5358820 kB
Committed_AS:   152827692 kB
VmallocTotal:   258998208 kB
VmallocUsed:           0 kB
VmallocChunk:          0 kB
CmaTotal:         106496 kB
CmaFree:               0 kB



2023-04-13_20-44-24
run this app : Candy Crush Saga

MemTotal:        5474772 kB
MemFree:          130264 kB
MemAvailable:     626964 kB
Buffers:            7328 kB
Cached:           628572 kB
SwapCached:        11940 kB
Active:          1053032 kB
Inactive:        1082620 kB
Active(anon):     732484 kB
Inactive(anon):   771240 kB
Active(file):     320548 kB
Inactive(file):   311380 kB
Unevictable:         580 kB
Mlocked:             580 kB
SwapTotal:       2621436 kB
SwapFree:         287096 kB
Dirty:               548 kB
Writeback:             0 kB
AnonPages:       1494828 kB
Mapped:           440780 kB
Shmem:              3972 kB
Slab:             289052 kB
SReclaimable:      71272 kB
SUnreclaim:       217780 kB
KernelStack:       74352 kB
PageTables:       111616 kB
NFS_Unstable:          0 kB
Bounce:                0 kB
WritebackTmp:          0 kB
CommitLimit:     5358820 kB
Committed_AS:   156697560 kB
VmallocTotal:   258998208 kB
VmallocUsed:           0 kB
VmallocChunk:          0 kB
CmaTotal:         106496 kB
CmaFree:               0 kB



2023-04-13_20-44-45
run this app : NYT Games

MemTotal:        5474772 kB
MemFree:          104168 kB
MemAvailable:     751940 kB
Buffers:           25820 kB
Cached:           760476 kB
SwapCached:        12204 kB
Active:          1087244 kB
Inactive:        1047512 kB
Active(anon):     669896 kB
Inactive(anon):   682024 kB
Active(file):     417348 kB
Inactive(file):   365488 kB
Unevictable:         580 kB
Mlocked:             580 kB
SwapTotal:       2621436 kB
SwapFree:           5216 kB
Dirty:               500 kB
Writeback:             0 kB
AnonPages:       1343456 kB
Mapped:           592868 kB
Shmem:              3456 kB
Slab:             289364 kB
SReclaimable:      71600 kB
SUnreclaim:       217764 kB
KernelStack:       76912 kB
PageTables:       114044 kB
NFS_Unstable:          0 kB
Bounce:                0 kB
WritebackTmp:          0 kB
CommitLimit:     5358820 kB
Committed_AS:   160074148 kB
VmallocTotal:   258998208 kB
VmallocUsed:           0 kB
VmallocChunk:          0 kB
CmaTotal:         106496 kB
CmaFree:             756 kB



2023-04-13_20-44-58
run this app : Simple PDF Reader

MemTotal:        5474772 kB
MemFree:           95780 kB
MemAvailable:     704524 kB
Buffers:           13592 kB
Cached:           734064 kB
SwapCached:        12256 kB
Active:          1068064 kB
Inactive:        1081932 kB
Active(anon):     694124 kB
Inactive(anon):   711860 kB
Active(file):     373940 kB
Inactive(file):   370072 kB
Unevictable:         580 kB
Mlocked:             580 kB
SwapTotal:       2621436 kB
SwapFree:           2224 kB
Dirty:              6188 kB
Writeback:             0 kB
AnonPages:       1397696 kB
Mapped:           550288 kB
Shmem:              3304 kB
Slab:             288960 kB
SReclaimable:      71188 kB
SUnreclaim:       217772 kB
KernelStack:       79312 kB
PageTables:       117188 kB
NFS_Unstable:          0 kB
Bounce:                0 kB
WritebackTmp:          0 kB
CommitLimit:     5358820 kB
Committed_AS:   165360468 kB
VmallocTotal:   258998208 kB
VmallocUsed:           0 kB
VmallocChunk:          0 kB
CmaTotal:         106496 kB
CmaFree:               0 kB



2023-04-13_20-45-25
run this app : Crossy Road

MemTotal:        5474772 kB
MemFree:           62568 kB
MemAvailable:     685832 kB
Buffers:            5496 kB
Cached:           757064 kB
SwapCached:        16604 kB
Active:          1267668 kB
Inactive:        1090160 kB
Active(anon):     887048 kB
Inactive(anon):   711804 kB
Active(file):     380620 kB
Inactive(file):   378356 kB
Unevictable:         580 kB
Mlocked:             580 kB
SwapTotal:       2621436 kB
SwapFree:         497904 kB
Dirty:              2168 kB
Writeback:             0 kB
AnonPages:       1588356 kB
Mapped:           562052 kB
Shmem:              3616 kB
Slab:             288488 kB
SReclaimable:      70304 kB
SUnreclaim:       218184 kB
KernelStack:       70112 kB
PageTables:       107588 kB
NFS_Unstable:          0 kB
Bounce:                0 kB
WritebackTmp:          0 kB
CommitLimit:     5358820 kB
Committed_AS:   158376368 kB
VmallocTotal:   258998208 kB
VmallocUsed:           0 kB
VmallocChunk:          0 kB
CmaTotal:         106496 kB
CmaFree:               0 kB



2023-04-13_20-45-45
run this app : FaceApp

MemTotal:        5474772 kB
MemFree:          156916 kB
MemAvailable:    1020824 kB
Buffers:           11716 kB
Cached:           990276 kB
SwapCached:        11840 kB
Active:          1090200 kB
Inactive:        1112800 kB
Active(anon):     590540 kB
Inactive(anon):   613488 kB
Active(file):     499660 kB
Inactive(file):   499312 kB
Unevictable:         580 kB
Mlocked:             580 kB
SwapTotal:       2621436 kB
SwapFree:         118216 kB
Dirty:              6216 kB
Writeback:             0 kB
AnonPages:       1197396 kB
Mapped:           639200 kB
Shmem:              2988 kB
Slab:             289632 kB
SReclaimable:      71596 kB
SUnreclaim:       218036 kB
KernelStack:       71440 kB
PageTables:       109108 kB
NFS_Unstable:          0 kB
Bounce:                0 kB
WritebackTmp:          0 kB
CommitLimit:     5358820 kB
Committed_AS:   160349720 kB
VmallocTotal:   258998208 kB
VmallocUsed:           0 kB
VmallocChunk:          0 kB
CmaTotal:         106496 kB
CmaFree:               0 kB



2023-04-13_20-46-03
run this app : Lyft

MemTotal:        5474772 kB
MemFree:           95740 kB
MemAvailable:    1022400 kB
Buffers:           12796 kB
Cached:          1051436 kB
SwapCached:        11600 kB
Active:          1127268 kB
Inactive:        1088672 kB
Active(anon):     577492 kB
Inactive(anon):   576440 kB
Active(file):     549776 kB
Inactive(file):   512232 kB
Unevictable:         580 kB
Mlocked:             580 kB
SwapTotal:       2621436 kB
SwapFree:           1436 kB
Dirty:              1340 kB
Writeback:            16 kB
AnonPages:       1147728 kB
Mapped:           698740 kB
Shmem:              2796 kB
Slab:             289096 kB
SReclaimable:      71032 kB
SUnreclaim:       218064 kB
KernelStack:       73280 kB
PageTables:       110824 kB
NFS_Unstable:          0 kB
Bounce:                0 kB
WritebackTmp:          0 kB
CommitLimit:     5358820 kB
Committed_AS:   162345732 kB
VmallocTotal:   258998208 kB
VmallocUsed:           0 kB
VmallocChunk:          0 kB
CmaTotal:         106496 kB
CmaFree:               0 kB



2023-04-13_20-46-21
run this app : Pou

MemTotal:        5474772 kB
MemFree:           90332 kB
MemAvailable:    1000492 kB
Buffers:           12040 kB
Cached:          1040140 kB
SwapCached:        13764 kB
Active:          1140152 kB
Inactive:        1123152 kB
Active(anon):     612844 kB
Inactive(anon):   605068 kB
Active(file):     527308 kB
Inactive(file):   518084 kB
Unevictable:         580 kB
Mlocked:             580 kB
SwapTotal:       2621436 kB
SwapFree:              4 kB
Dirty:               588 kB
Writeback:             0 kB
AnonPages:       1205940 kB
Mapped:           716044 kB
Shmem:              6660 kB
Slab:             289332 kB
SReclaimable:      71264 kB
SUnreclaim:       218068 kB
KernelStack:       74880 kB
PageTables:       113632 kB
NFS_Unstable:          0 kB
Bounce:                0 kB
WritebackTmp:          0 kB
CommitLimit:     5358820 kB
Committed_AS:   165796228 kB
VmallocTotal:   258998208 kB
VmallocUsed:           0 kB
VmallocChunk:          0 kB
CmaTotal:         106496 kB
CmaFree:             228 kB



2023-04-13_20-46-51
run this app : Hide 'N Seek!

MemTotal:        5474772 kB
MemFree:          125336 kB
MemAvailable:     697216 kB
Buffers:            6728 kB
Cached:           707952 kB
SwapCached:        13272 kB
Active:          1188372 kB
Inactive:        1100792 kB
Active(anon):     801016 kB
Inactive(anon):   780544 kB
Active(file):     387356 kB
Inactive(file):   320248 kB
Unevictable:         580 kB
Mlocked:             580 kB
SwapTotal:       2621436 kB
SwapFree:         368352 kB
Dirty:               572 kB
Writeback:             0 kB
AnonPages:       1570196 kB
Mapped:           504988 kB
Shmem:              7052 kB
Slab:             287388 kB
SReclaimable:      70276 kB
SUnreclaim:       217112 kB
KernelStack:       75184 kB
PageTables:       110992 kB
NFS_Unstable:          0 kB
Bounce:                0 kB
WritebackTmp:          0 kB
CommitLimit:     5358820 kB
Committed_AS:   160353464 kB
VmallocTotal:   258998208 kB
VmallocUsed:           0 kB
VmallocChunk:          0 kB
CmaTotal:         106496 kB
CmaFree:               0 kB



2023-04-13_20-47-11
run this app : Telegram

MemTotal:        5474772 kB
MemFree:           92620 kB
MemAvailable:     800304 kB
Buffers:            9600 kB
Cached:           840720 kB
SwapCached:        15132 kB
Active:          1100512 kB
Inactive:        1115420 kB
Active(anon):     682468 kB
Inactive(anon):   690560 kB
Active(file):     418044 kB
Inactive(file):   424860 kB
Unevictable:         580 kB
Mlocked:             580 kB
SwapTotal:       2621436 kB
SwapFree:          79184 kB
Dirty:               560 kB
Writeback:             0 kB
AnonPages:       1360572 kB
Mapped:           613832 kB
Shmem:              6516 kB
Slab:             288400 kB
SReclaimable:      71288 kB
SUnreclaim:       217112 kB
KernelStack:       76432 kB
PageTables:       113568 kB
NFS_Unstable:          0 kB
Bounce:                0 kB
WritebackTmp:          0 kB
CommitLimit:     5358820 kB
Committed_AS:   164246384 kB
VmallocTotal:   258998208 kB
VmallocUsed:           0 kB
VmallocChunk:          0 kB
CmaTotal:         106496 kB
CmaFree:               0 kB



2023-04-13_20-47-30
run this app : Signal

MemTotal:        5474772 kB
MemFree:           97164 kB
MemAvailable:     814700 kB
Buffers:            9804 kB
Cached:           850148 kB
SwapCached:        15236 kB
Active:          1096672 kB
Inactive:        1098772 kB
Active(anon):     670204 kB
Inactive(anon):   672268 kB
Active(file):     426468 kB
Inactive(file):   426504 kB
Unevictable:         800 kB
Mlocked:             800 kB
SwapTotal:       2621436 kB
SwapFree:            480 kB
Dirty:              2764 kB
Writeback:             0 kB
AnonPages:       1330160 kB
Mapped:           645060 kB
Shmem:              6516 kB
Slab:             288008 kB
SReclaimable:      70856 kB
SUnreclaim:       217152 kB
KernelStack:       76992 kB
PageTables:       114964 kB
NFS_Unstable:          0 kB
Bounce:                0 kB
WritebackTmp:          0 kB
CommitLimit:     5358820 kB
Committed_AS:   166212700 kB
VmallocTotal:   258998208 kB
VmallocUsed:           0 kB
VmallocChunk:          0 kB
CmaTotal:         106496 kB
CmaFree:              12 kB



2023-04-13_20-47-52
run this app : Kindle

MemTotal:        5474772 kB
MemFree:          170856 kB
MemAvailable:     736584 kB
Buffers:            6404 kB
Cached:           703324 kB
SwapCached:        15304 kB
Active:          1125500 kB
Inactive:        1065468 kB
Active(anon):     763340 kB
Inactive(anon):   726292 kB
Active(file):     362160 kB
Inactive(file):   339176 kB
Unevictable:         800 kB
Mlocked:             800 kB
SwapTotal:       2621436 kB
SwapFree:            184 kB
Dirty:                 0 kB
Writeback:             0 kB
AnonPages:       1476412 kB
Mapped:           605848 kB
Shmem:              8052 kB
Slab:             288420 kB
SReclaimable:      70512 kB
SUnreclaim:       217908 kB
KernelStack:       79264 kB
PageTables:       119952 kB
NFS_Unstable:          0 kB
Bounce:                0 kB
WritebackTmp:          0 kB
CommitLimit:     5358820 kB
Committed_AS:   173479868 kB
VmallocTotal:   258998208 kB
VmallocUsed:           0 kB
VmallocChunk:          0 kB
CmaTotal:         106496 kB
CmaFree:             376 kB



2023-04-13_20-48-12
run this app : Firefox

MemTotal:        5474772 kB
MemFree:           90580 kB
MemAvailable:     617896 kB
Buffers:            5208 kB
Cached:           665112 kB
SwapCached:        15772 kB
Active:          1127348 kB
Inactive:        1123372 kB
Active(anon):     795244 kB
Inactive(anon):   792716 kB
Active(file):     332104 kB
Inactive(file):   330656 kB
Unevictable:         800 kB
Mlocked:             800 kB
SwapTotal:       2621436 kB
SwapFree:             20 kB
Dirty:               320 kB
Writeback:             0 kB
AnonPages:       1574536 kB
Mapped:           586324 kB
Shmem:              7704 kB
Slab:             289604 kB
SReclaimable:      70836 kB
SUnreclaim:       218768 kB
KernelStack:       81584 kB
PageTables:       122780 kB
NFS_Unstable:          0 kB
Bounce:                0 kB
WritebackTmp:          0 kB
CommitLimit:     5358820 kB
Committed_AS:   177420540 kB
VmallocTotal:   258998208 kB
VmallocUsed:           0 kB
VmallocChunk:          0 kB
CmaTotal:         106496 kB
CmaFree:             228 kB



2023-04-13_20-48-40
run this app : Coinbase

MemTotal:        5474772 kB
MemFree:           96724 kB
MemAvailable:     564548 kB
Buffers:            6484 kB
Cached:           601860 kB
SwapCached:         9140 kB
Active:          1105696 kB
Inactive:        1112188 kB
Active(anon):     804216 kB
Inactive(anon):   810244 kB
Active(file):     301480 kB
Inactive(file):   301944 kB
Unevictable:         800 kB
Mlocked:             800 kB
SwapTotal:       2621436 kB
SwapFree:           1268 kB
Dirty:               512 kB
Writeback:             0 kB
AnonPages:       1609196 kB
Mapped:           546400 kB
Shmem:              3408 kB
Slab:             289224 kB
SReclaimable:      70528 kB
SUnreclaim:       218696 kB
KernelStack:       81056 kB
PageTables:       122608 kB
NFS_Unstable:          0 kB
Bounce:                0 kB
WritebackTmp:          0 kB
CommitLimit:     5358820 kB
Committed_AS:   177379888 kB
VmallocTotal:   258998208 kB
VmallocUsed:           0 kB
VmallocChunk:          0 kB
CmaTotal:         106496 kB
CmaFree:             212 kB



2023-04-13_20-49-07
run this app : Candy Crush Soda

MemTotal:        5474772 kB
MemFree:          447720 kB
MemAvailable:     823796 kB
Buffers:            6044 kB
Cached:           510860 kB
SwapCached:        12596 kB
Active:          1095172 kB
Inactive:        1066300 kB
Active(anon):     848416 kB
Inactive(anon):   801444 kB
Active(file):     246756 kB
Inactive(file):   264856 kB
Unevictable:         800 kB
Mlocked:             800 kB
SwapTotal:       2621436 kB
SwapFree:         529652 kB
Dirty:              5844 kB
Writeback:             0 kB
AnonPages:       1641164 kB
Mapped:           394972 kB
Shmem:              3832 kB
Slab:             288784 kB
SReclaimable:      70656 kB
SUnreclaim:       218128 kB
KernelStack:       71600 kB
PageTables:       107392 kB
NFS_Unstable:          0 kB
Bounce:                0 kB
WritebackTmp:          0 kB
CommitLimit:     5358820 kB
Committed_AS:   157197360 kB
VmallocTotal:   258998208 kB
VmallocUsed:           0 kB
VmallocChunk:          0 kB
CmaTotal:         106496 kB
CmaFree:               0 kB



2023-04-13_20-49-42
run this app : Kids Transport

MemTotal:        5474772 kB
MemFree:          103760 kB
MemAvailable:     943584 kB
Buffers:            9684 kB
Cached:           970448 kB
SwapCached:         9256 kB
Active:          1227912 kB
Inactive:        1203884 kB
Active(anon):     733292 kB
Inactive(anon):   723200 kB
Active(file):     494620 kB
Inactive(file):   480684 kB
Unevictable:         800 kB
Mlocked:             800 kB
SwapTotal:       2621436 kB
SwapFree:         135248 kB
Dirty:               844 kB
Writeback:             0 kB
AnonPages:       1451328 kB
Mapped:           697532 kB
Shmem:              3844 kB
Slab:             288916 kB
SReclaimable:      70764 kB
SUnreclaim:       218152 kB
KernelStack:       75184 kB
PageTables:       113036 kB
NFS_Unstable:          0 kB
Bounce:                0 kB
WritebackTmp:          0 kB
CommitLimit:     5358820 kB
Committed_AS:   163942592 kB
VmallocTotal:   258998208 kB
VmallocUsed:           0 kB
VmallocChunk:          0 kB
CmaTotal:         106496 kB
CmaFree:              56 kB



2023-04-13_20-50-24
run this app : Hill Climb Racing

MemTotal:        5474772 kB
MemFree:           95176 kB
MemAvailable:     702664 kB
Buffers:            8528 kB
Cached:           738988 kB
SwapCached:        14676 kB
Active:          1092120 kB
Inactive:        1091056 kB
Active(anon):     719524 kB
Inactive(anon):   720680 kB
Active(file):     372596 kB
Inactive(file):   370376 kB
Unevictable:         800 kB
Mlocked:             800 kB
SwapTotal:       2621436 kB
SwapFree:             68 kB
Dirty:              2208 kB
Writeback:             0 kB
AnonPages:       1428472 kB
Mapped:           616648 kB
Shmem:              4544 kB
Slab:             288872 kB
SReclaimable:      70756 kB
SUnreclaim:       218116 kB
KernelStack:       78336 kB
PageTables:       118764 kB
NFS_Unstable:          0 kB
Bounce:                0 kB
WritebackTmp:          0 kB
CommitLimit:     5358820 kB
Committed_AS:   171233604 kB
VmallocTotal:   258998208 kB
VmallocUsed:           0 kB
VmallocChunk:          0 kB
CmaTotal:         106496 kB
CmaFree:            1040 kB



2023-04-13_20-50-41
run this app : Call Recorder

MemTotal:        5474772 kB
MemFree:          101956 kB
MemAvailable:     680080 kB
Buffers:            6672 kB
Cached:           712384 kB
SwapCached:        14812 kB
Active:          1150396 kB
Inactive:        1072060 kB
Active(anon):     762884 kB
Inactive(anon):   746224 kB
Active(file):     387512 kB
Inactive(file):   325836 kB
Unevictable:         800 kB
Mlocked:             800 kB
SwapTotal:       2621436 kB
SwapFree:             12 kB
Dirty:              3840 kB
Writeback:             0 kB
AnonPages:       1497272 kB
Mapped:           532296 kB
Shmem:              4848 kB
Slab:             289416 kB
SReclaimable:      71276 kB
SUnreclaim:       218140 kB
KernelStack:       80608 kB
PageTables:       121160 kB
NFS_Unstable:          0 kB
Bounce:                0 kB
WritebackTmp:          0 kB
CommitLimit:     5358820 kB
Committed_AS:   174648008 kB
VmallocTotal:   258998208 kB
VmallocUsed:           0 kB
VmallocChunk:          0 kB
CmaTotal:         106496 kB
CmaFree:               0 kB



2023-04-13_20-50-59
run this app : Kik

MemTotal:        5474772 kB
MemFree:          106456 kB
MemAvailable:     558048 kB
Buffers:            5008 kB
Cached:           587052 kB
SwapCached:        14504 kB
Active:          1099424 kB
Inactive:        1104268 kB
Active(anon):     807148 kB
Inactive(anon):   809512 kB
Active(file):     292276 kB
Inactive(file):   294756 kB
Unevictable:         800 kB
Mlocked:             800 kB
SwapTotal:       2621436 kB
SwapFree:            280 kB
Dirty:              1040 kB
Writeback:             0 kB
AnonPages:       1604768 kB
Mapped:           511420 kB
Shmem:              5028 kB
Slab:             290496 kB
SReclaimable:      70844 kB
SUnreclaim:       219652 kB
KernelStack:       83504 kB
PageTables:       126156 kB
NFS_Unstable:          0 kB
Bounce:                0 kB
WritebackTmp:          0 kB
CommitLimit:     5358820 kB
Committed_AS:   181922828 kB
VmallocTotal:   258998208 kB
VmallocUsed:           0 kB
VmallocChunk:          0 kB
CmaTotal:         106496 kB
CmaFree:              56 kB



2023-04-13_20-51-21
run this app : Color Fill 3D

MemTotal:        5474772 kB
MemFree:          137632 kB
MemAvailable:     620848 kB
Buffers:            6976 kB
Cached:           618176 kB
SwapCached:        13164 kB
Active:          1192204 kB
Inactive:        1125436 kB
Active(anon):     878932 kB
Inactive(anon):   819984 kB
Active(file):     313272 kB
Inactive(file):   305452 kB
Unevictable:         800 kB
Mlocked:             800 kB
SwapTotal:       2621436 kB
SwapFree:         277700 kB
Dirty:              2080 kB
Writeback:             0 kB
AnonPages:       1689068 kB
Mapped:           514472 kB
Shmem:              5220 kB
Slab:             289516 kB
SReclaimable:      70712 kB
SUnreclaim:       218804 kB
KernelStack:       80288 kB
PageTables:       116360 kB
NFS_Unstable:          0 kB
Bounce:                0 kB
WritebackTmp:          0 kB
CommitLimit:     5358820 kB
Committed_AS:   163266676 kB
VmallocTotal:   258998208 kB
VmallocUsed:           0 kB
VmallocChunk:          0 kB
CmaTotal:         106496 kB
CmaFree:               0 kB



2023-04-13_20-51-44
run this app : Etsy

MemTotal:        5474772 kB
MemFree:           91716 kB
MemAvailable:     646844 kB
Buffers:            9276 kB
Cached:           686012 kB
SwapCached:        13160 kB
Active:          1166180 kB
Inactive:        1151776 kB
Active(anon):     816720 kB
Inactive(anon):   810488 kB
Active(file):     349460 kB
Inactive(file):   341288 kB
Unevictable:         800 kB
Mlocked:             800 kB
SwapTotal:       2621436 kB
SwapFree:             28 kB
Dirty:               132 kB
Writeback:             0 kB
AnonPages:       1616776 kB
Mapped:           576636 kB
Shmem:              4892 kB
Slab:             289628 kB
SReclaimable:      70484 kB
SUnreclaim:       219144 kB
KernelStack:       85360 kB
PageTables:       123840 kB
NFS_Unstable:          0 kB
Bounce:                0 kB
WritebackTmp:          0 kB
CommitLimit:     5358820 kB
Committed_AS:   174433676 kB
VmallocTotal:   258998208 kB
VmallocUsed:           0 kB
VmallocChunk:          0 kB
CmaTotal:         106496 kB
CmaFree:               0 kB



2023-04-13_20-52-03
run this app : Pi

MemTotal:        5474772 kB
MemFree:           92068 kB
MemAvailable:     651856 kB
Buffers:            8120 kB
Cached:           693796 kB
SwapCached:        14200 kB
Active:          1210560 kB
Inactive:        1142264 kB
Active(anon):     840776 kB
Inactive(anon):   816660 kB
Active(file):     369784 kB
Inactive(file):   325604 kB
Unevictable:         800 kB
Mlocked:             800 kB
SwapTotal:       2621436 kB
SwapFree:              0 kB
Dirty:              1908 kB
Writeback:             0 kB
AnonPages:       1645676 kB
Mapped:           577552 kB
Shmem:              5660 kB
Slab:             290100 kB
SReclaimable:      70524 kB
SUnreclaim:       219576 kB
KernelStack:       85856 kB
PageTables:       124748 kB
NFS_Unstable:          0 kB
Bounce:                0 kB
WritebackTmp:          0 kB
CommitLimit:     5358820 kB
Committed_AS:   175874816 kB
VmallocTotal:   258998208 kB
VmallocUsed:           0 kB
VmallocChunk:          0 kB
CmaTotal:         106496 kB
CmaFree:            2092 kB



2023-04-13_20-52-29
run this app : Soccer Star

MemTotal:        5474772 kB
MemFree:          129528 kB
MemAvailable:     673536 kB
Buffers:            5648 kB
Cached:           678200 kB
SwapCached:        10760 kB
Active:          1193420 kB
Inactive:        1197816 kB
Active(anon):     857068 kB
Inactive(anon):   854468 kB
Active(file):     336352 kB
Inactive(file):   343348 kB
Unevictable:         800 kB
Mlocked:             800 kB
SwapTotal:       2621436 kB
SwapFree:         287196 kB
Dirty:              1668 kB
Writeback:             0 kB
AnonPages:       1704096 kB
Mapped:           518920 kB
Shmem:              4036 kB
Slab:             289856 kB
SReclaimable:      70344 kB
SUnreclaim:       219512 kB
KernelStack:       78544 kB
PageTables:       117036 kB
NFS_Unstable:          0 kB
Bounce:                0 kB
WritebackTmp:          0 kB
CommitLimit:     5358820 kB
Committed_AS:   166045424 kB
VmallocTotal:   258998208 kB
VmallocUsed:           0 kB
VmallocChunk:          0 kB
CmaTotal:         106496 kB
CmaFree:               0 kB



2023-04-13_20-52-48
run this app : Puffin

MemTotal:        5474772 kB
MemFree:           62288 kB
MemAvailable:     767372 kB
Buffers:            7320 kB
Cached:           839276 kB
SwapCached:        11936 kB
Active:          1187180 kB
Inactive:        1168504 kB
Active(anon):     757808 kB
Inactive(anon):   757300 kB
Active(file):     429372 kB
Inactive(file):   411204 kB
Unevictable:         800 kB
Mlocked:             800 kB
SwapTotal:       2621436 kB
SwapFree:          29548 kB
Dirty:               128 kB
Writeback:             0 kB
AnonPages:       1505836 kB
Mapped:           600596 kB
Shmem:              4776 kB
Slab:             290192 kB
SReclaimable:      70740 kB
SUnreclaim:       219452 kB
KernelStack:       81376 kB
PageTables:       119460 kB
NFS_Unstable:          0 kB
Bounce:                0 kB
WritebackTmp:          0 kB
CommitLimit:     5358820 kB
Committed_AS:   169429636 kB
VmallocTotal:   258998208 kB
VmallocUsed:           0 kB
VmallocChunk:          0 kB
CmaTotal:         106496 kB
CmaFree:             456 kB



2023-04-13_20-53-09
run this app : Crunchyroll

MemTotal:        5474772 kB
MemFree:          101824 kB
MemAvailable:     561752 kB
Buffers:            5772 kB
Cached:           593912 kB
SwapCached:        12772 kB
Active:          1130916 kB
Inactive:        1125168 kB
Active(anon):     835072 kB
Inactive(anon):   825676 kB
Active(file):     295844 kB
Inactive(file):   299492 kB
Unevictable:         800 kB
Mlocked:             800 kB
SwapTotal:       2621436 kB
SwapFree:            400 kB
Dirty:                60 kB
Writeback:             0 kB
AnonPages:       1651508 kB
Mapped:           492920 kB
Shmem:              3928 kB
Slab:             290432 kB
SReclaimable:      70908 kB
SUnreclaim:       219524 kB
KernelStack:       83152 kB
PageTables:       122716 kB
NFS_Unstable:          0 kB
Bounce:                0 kB
WritebackTmp:          0 kB
CommitLimit:     5358820 kB
Committed_AS:   173394864 kB
VmallocTotal:   258998208 kB
VmallocUsed:           0 kB
VmallocChunk:          0 kB
CmaTotal:         106496 kB
CmaFree:               0 kB



2023-04-13_20-53-28
run this app : VLC

MemTotal:        5474772 kB
MemFree:          102692 kB
MemAvailable:     520112 kB
Buffers:            6900 kB
Cached:           550160 kB
SwapCached:        13300 kB
Active:          1114552 kB
Inactive:        1107624 kB
Active(anon):     837076 kB
Inactive(anon):   832032 kB
Active(file):     277476 kB
Inactive(file):   275592 kB
Unevictable:         800 kB
Mlocked:             800 kB
SwapTotal:       2621436 kB
SwapFree:            144 kB
Dirty:              1816 kB
Writeback:             0 kB
AnonPages:       1659388 kB
Mapped:           464384 kB
Shmem:              3932 kB
Slab:             289968 kB
SReclaimable:      70428 kB
SUnreclaim:       219540 kB
KernelStack:       83744 kB
PageTables:       124104 kB
NFS_Unstable:          0 kB
Bounce:                0 kB
WritebackTmp:          0 kB
CommitLimit:     5358820 kB
Committed_AS:   175352688 kB
VmallocTotal:   258998208 kB
VmallocUsed:           0 kB
VmallocChunk:          0 kB
CmaTotal:         106496 kB
CmaFree:            1036 kB



2023-04-13_20-53-47
run this app : eToro

MemTotal:        5474772 kB
MemFree:          101904 kB
MemAvailable:     441164 kB
Buffers:            3232 kB
Cached:           476568 kB
SwapCached:        13920 kB
Active:          1193568 kB
Inactive:        1070984 kB
Active(anon):     949576 kB
Inactive(anon):   839856 kB
Active(file):     243992 kB
Inactive(file):   231128 kB
Unevictable:         800 kB
Mlocked:             800 kB
SwapTotal:       2621436 kB
SwapFree:              0 kB
Dirty:              1568 kB
Writeback:             0 kB
AnonPages:       1778460 kB
Mapped:           431412 kB
Shmem:              4168 kB
Slab:             289764 kB
SReclaimable:      70008 kB
SUnreclaim:       219756 kB
KernelStack:       84016 kB
PageTables:       125472 kB
NFS_Unstable:          0 kB
Bounce:                0 kB
WritebackTmp:          0 kB
CommitLimit:     5358820 kB
Committed_AS:   176799664 kB
VmallocTotal:   258998208 kB
VmallocUsed:           0 kB
VmallocChunk:          0 kB
CmaTotal:         106496 kB
CmaFree:            9024 kB



2023-04-13_20-54-04
run this app : GroupMe

MemTotal:        5474772 kB
MemFree:           99368 kB
MemAvailable:     742020 kB
Buffers:            6556 kB
Cached:           776296 kB
SwapCached:        14184 kB
Active:          1212548 kB
Inactive:        1244640 kB
Active(anon):     838888 kB
Inactive(anon):   839976 kB
Active(file):     373660 kB
Inactive(file):   404664 kB
Unevictable:         800 kB
