2023-04-09_23-15-21
run this app : Bitmoji

MemTotal:        5474772 kB
MemFree:         2469776 kB
MemAvailable:    3007020 kB
Buffers:            8964 kB
Cached:           677832 kB
SwapCached:        13856 kB
Active:           729080 kB
Inactive:         532340 kB
Active(anon):     364340 kB
Inactive(anon):   223184 kB
Active(file):     364740 kB
Inactive(file):   309156 kB
Unevictable:         580 kB
Mlocked:             580 kB
SwapTotal:       2621436 kB
SwapFree:        1568284 kB
Dirty:               892 kB
Writeback:             0 kB
AnonPages:        568220 kB
Mapped:           331024 kB
Shmem:             12900 kB
Slab:             269536 kB
SReclaimable:      68420 kB
SUnreclaim:       201116 kB
KernelStack:       40672 kB
PageTables:        65780 kB
NFS_Unstable:          0 kB
Bounce:                0 kB
WritebackTmp:          0 kB
CommitLimit:     5358820 kB
Committed_AS:   111117616 kB
VmallocTotal:   258998208 kB
VmallocUsed:           0 kB
VmallocChunk:          0 kB
CmaTotal:         106496 kB
CmaFree:               0 kB



2023-04-09_23-15-33
run this app : Amazon Seller

MemTotal:        5474772 kB
MemFree:         2307132 kB
MemAvailable:    2938012 kB
Buffers:            9568 kB
Cached:           771096 kB
SwapCached:        14916 kB
Active:           816528 kB
Inactive:         582868 kB
Active(anon):     406800 kB
Inactive(anon):   225012 kB
Active(file):     409728 kB
Inactive(file):   357856 kB
Unevictable:         580 kB
Mlocked:             580 kB
SwapTotal:       2621436 kB
SwapFree:        1569364 kB
Dirty:                76 kB
Writeback:             0 kB
AnonPages:        611764 kB
Mapped:           423976 kB
Shmem:             13080 kB
Slab:             269356 kB
SReclaimable:      68320 kB
SUnreclaim:       201036 kB
KernelStack:       42688 kB
PageTables:        67556 kB
NFS_Unstable:          0 kB
Bounce:                0 kB
WritebackTmp:          0 kB
CommitLimit:     5358820 kB
Committed_AS:   114475424 kB
VmallocTotal:   258998208 kB
VmallocUsed:           0 kB
VmallocChunk:          0 kB
CmaTotal:         106496 kB
CmaFree:               0 kB



2023-04-09_23-15-45
run this app : WhatsApp

MemTotal:        5474772 kB
MemFree:         2176208 kB
MemAvailable:    2856712 kB
Buffers:            9980 kB
Cached:           825824 kB
SwapCached:        15484 kB
Active:           859796 kB
Inactive:         635404 kB
Active(anon):     447156 kB
Inactive(anon):   230856 kB
Active(file):     412640 kB
Inactive(file):   404548 kB
Unevictable:         580 kB
Mlocked:             580 kB
SwapTotal:       2621436 kB
SwapFree:        1632308 kB
Dirty:              1048 kB
Writeback:             0 kB
AnonPages:        652644 kB
Mapped:           463220 kB
Shmem:             18584 kB
Slab:             269128 kB
SReclaimable:      68356 kB
SUnreclaim:       200772 kB
KernelStack:       43856 kB
PageTables:        69268 kB
NFS_Unstable:          0 kB
Bounce:                0 kB
WritebackTmp:          0 kB
CommitLimit:     5358820 kB
Committed_AS:   116498876 kB
VmallocTotal:   258998208 kB
VmallocUsed:           0 kB
VmallocChunk:          0 kB
CmaTotal:         106496 kB
CmaFree:               0 kB



2023-04-09_23-16-10
run this app : Candy Crush Jelly

MemTotal:        5474772 kB
MemFree:         1479620 kB
MemAvailable:    2347616 kB
Buffers:           11532 kB
Cached:          1017392 kB
SwapCached:        18056 kB
Active:          1114512 kB
Inactive:         792336 kB
Active(anon):     661776 kB
Inactive(anon):   240596 kB
Active(file):     452736 kB
Inactive(file):   551740 kB
Unevictable:         580 kB
Mlocked:             580 kB
SwapTotal:       2621436 kB
SwapFree:        1635032 kB
Dirty:               292 kB
Writeback:             0 kB
AnonPages:        869776 kB
Mapped:           565240 kB
Shmem:             24448 kB
Slab:             269280 kB
SReclaimable:      68768 kB
SUnreclaim:       200512 kB
KernelStack:       45952 kB
PageTables:        74980 kB
NFS_Unstable:          0 kB
Bounce:                0 kB
WritebackTmp:          0 kB
CommitLimit:     5358820 kB
Committed_AS:   126172280 kB
VmallocTotal:   258998208 kB
VmallocUsed:           0 kB
VmallocChunk:          0 kB
CmaTotal:         106496 kB
CmaFree:               0 kB



2023-04-09_23-16-27
run this app : Candy Crush Saga

MemTotal:        5474772 kB
MemFree:         1079852 kB
MemAvailable:    2078000 kB
Buffers:           12480 kB
Cached:          1151700 kB
SwapCached:        20188 kB
Active:          1249540 kB
Inactive:         915628 kB
Active(anon):     779156 kB
Inactive(anon):   251620 kB
Active(file):     470384 kB
Inactive(file):   664008 kB
Unevictable:         580 kB
Mlocked:             580 kB
SwapTotal:       2621436 kB
SwapFree:        1640844 kB
Dirty:              3828 kB
Writeback:             0 kB
AnonPages:        992764 kB
Mapped:           647012 kB
Shmem:             29784 kB
Slab:             269756 kB
SReclaimable:      69240 kB
SUnreclaim:       200516 kB
KernelStack:       46928 kB
PageTables:        76808 kB
NFS_Unstable:          0 kB
Bounce:                0 kB
WritebackTmp:          0 kB
CommitLimit:     5358820 kB
Committed_AS:   128121796 kB
VmallocTotal:   258998208 kB
VmallocUsed:           0 kB
VmallocChunk:          0 kB
CmaTotal:         106496 kB
CmaFree:               0 kB



2023-04-09_23-16-41
run this app : NYT Games

MemTotal:        5474772 kB
MemFree:          868376 kB
MemAvailable:    1937324 kB
Buffers:           29220 kB
Cached:          1189156 kB
SwapCached:        20416 kB
Active:          1408976 kB
Inactive:         945640 kB
Active(anon):     914036 kB
Inactive(anon):   235532 kB
Active(file):     494940 kB
Inactive(file):   710108 kB
Unevictable:         580 kB
Mlocked:             580 kB
SwapTotal:       2621436 kB
SwapFree:        1642192 kB
Dirty:               508 kB
Writeback:             0 kB
AnonPages:       1128052 kB
Mapped:           690476 kB
Shmem:             13328 kB
Slab:             270008 kB
SReclaimable:      69524 kB
SUnreclaim:       200484 kB
KernelStack:       49600 kB
PageTables:        79372 kB
NFS_Unstable:          0 kB
Bounce:                0 kB
WritebackTmp:          0 kB
CommitLimit:     5358820 kB
Committed_AS:   131466316 kB
VmallocTotal:   258998208 kB
VmallocUsed:           0 kB
VmallocChunk:          0 kB
CmaTotal:         106496 kB
CmaFree:               0 kB



2023-04-09_23-16-51
run this app : Simple PDF Reader

MemTotal:        5474772 kB
MemFree:          522712 kB
MemAvailable:    1781932 kB
Buffers:           29960 kB
Cached:          1384164 kB
SwapCached:        21284 kB
Active:          1532284 kB
Inactive:        1123928 kB
Active(anon):    1017108 kB
Inactive(anon):   243888 kB
Active(file):     515176 kB
Inactive(file):   880040 kB
Unevictable:         580 kB
Mlocked:             580 kB
SwapTotal:       2621436 kB
SwapFree:        1645000 kB
Dirty:              4428 kB
Writeback:             0 kB
AnonPages:       1234068 kB
Mapped:           725364 kB
Shmem:             18940 kB
Slab:             270156 kB
SReclaimable:      69736 kB
SUnreclaim:       200420 kB
KernelStack:       52128 kB
PageTables:        82916 kB
NFS_Unstable:          0 kB
Bounce:                0 kB
WritebackTmp:          0 kB
CommitLimit:     5358820 kB
Committed_AS:   136767664 kB
VmallocTotal:   258998208 kB
VmallocUsed:           0 kB
VmallocChunk:          0 kB
CmaTotal:         106496 kB
CmaFree:               0 kB



2023-04-09_23-17-12
run this app : Crossy Road

MemTotal:        5474772 kB
MemFree:           76680 kB
MemAvailable:    1300576 kB
Buffers:           29800 kB
Cached:          1344040 kB
SwapCached:        20220 kB
Active:          1826888 kB
Inactive:        1145604 kB
Active(anon):    1144480 kB
Inactive(anon):   468284 kB
Active(file):     682408 kB
Inactive(file):   677320 kB
Unevictable:         580 kB
Mlocked:             580 kB
SwapTotal:       2621436 kB
SwapFree:        1637408 kB
Dirty:               876 kB
Writeback:             0 kB
AnonPages:       1593220 kB
Mapped:           817848 kB
Shmem:             13732 kB
Slab:             270432 kB
SReclaimable:      70064 kB
SUnreclaim:       200368 kB
KernelStack:       55600 kB
PageTables:        88260 kB
NFS_Unstable:          0 kB
Bounce:                0 kB
WritebackTmp:          0 kB
CommitLimit:     5358820 kB
Committed_AS:   142339388 kB
VmallocTotal:   258998208 kB
VmallocUsed:           0 kB
VmallocChunk:          0 kB
CmaTotal:         106496 kB
CmaFree:               0 kB



2023-04-09_23-17-26
run this app : FaceApp

MemTotal:        5474772 kB
MemFree:          106688 kB
MemAvailable:    1351488 kB
Buffers:           33852 kB
Cached:          1365976 kB
SwapCached:        23760 kB
Active:          1731664 kB
Inactive:        1328100 kB
Active(anon):    1040168 kB
Inactive(anon):   639108 kB
Active(file):     691496 kB
Inactive(file):   688992 kB
Unevictable:         580 kB
Mlocked:             580 kB
SwapTotal:       2621436 kB
SwapFree:        1639828 kB
Dirty:               348 kB
Writeback:             0 kB
AnonPages:       1653084 kB
Mapped:           868524 kB
Shmem:             19312 kB
Slab:             270592 kB
SReclaimable:      70352 kB
SUnreclaim:       200240 kB
KernelStack:       58336 kB
PageTables:        89932 kB
NFS_Unstable:          0 kB
Bounce:                0 kB
WritebackTmp:          0 kB
CommitLimit:     5358820 kB
Committed_AS:   144345884 kB
VmallocTotal:   258998208 kB
VmallocUsed:           0 kB
VmallocChunk:          0 kB
CmaTotal:         106496 kB
CmaFree:               0 kB



2023-04-09_23-17-37
run this app : Lyft

MemTotal:        5474772 kB
MemFree:           87052 kB
MemAvailable:    1377796 kB
Buffers:           24192 kB
Cached:          1417288 kB
SwapCached:        19336 kB
Active:          1720252 kB
Inactive:        1430040 kB
Active(anon):    1007256 kB
Inactive(anon):   716624 kB
Active(file):     712996 kB
Inactive(file):   713416 kB
Unevictable:         580 kB
Mlocked:             580 kB
SwapTotal:       2621436 kB
SwapFree:        1616580 kB
Dirty:              1120 kB
Writeback:             0 kB
AnonPages:       1706168 kB
Mapped:           973040 kB
Shmem:             13808 kB
Slab:             270488 kB
SReclaimable:      70392 kB
SUnreclaim:       200096 kB
KernelStack:       59232 kB
PageTables:        91356 kB
NFS_Unstable:          0 kB
Bounce:                0 kB
WritebackTmp:          0 kB
CommitLimit:     5358820 kB
Committed_AS:   146308940 kB
VmallocTotal:   258998208 kB
VmallocUsed:           0 kB
VmallocChunk:          0 kB
CmaTotal:         106496 kB
CmaFree:               0 kB



2023-04-09_23-17-49
run this app : Pou

MemTotal:        5474772 kB
MemFree:           99668 kB
MemAvailable:    1412756 kB
Buffers:           25552 kB
Cached:          1446560 kB
SwapCached:        21164 kB
Active:          1700392 kB
Inactive:        1504792 kB
Active(anon):     959868 kB
Inactive(anon):   796640 kB
Active(file):     740524 kB
Inactive(file):   708152 kB
Unevictable:         580 kB
Mlocked:             580 kB
SwapTotal:       2621436 kB
SwapFree:        1596404 kB
Dirty:               988 kB
Writeback:             0 kB
AnonPages:       1727804 kB
Mapped:          1000956 kB
Shmem:             23424 kB
Slab:             271324 kB
SReclaimable:      70552 kB
SUnreclaim:       200772 kB
KernelStack:       61056 kB
PageTables:        94448 kB
NFS_Unstable:          0 kB
Bounce:                0 kB
WritebackTmp:          0 kB
CommitLimit:     5358820 kB
Committed_AS:   149733544 kB
VmallocTotal:   258998208 kB
VmallocUsed:           0 kB
VmallocChunk:          0 kB
CmaTotal:         106496 kB
CmaFree:             436 kB



2023-04-09_23-18-12
run this app : Hide 'N Seek!

MemTotal:        5474772 kB
MemFree:          159024 kB
MemAvailable:    1362208 kB
Buffers:           24072 kB
Cached:          1333000 kB
SwapCached:        20648 kB
Active:          1575976 kB
Inactive:        1519960 kB
Active(anon):     891316 kB
Inactive(anon):   865924 kB
Active(file):     684660 kB
Inactive(file):   654036 kB
Unevictable:         580 kB
Mlocked:             580 kB
SwapTotal:       2621436 kB
SwapFree:        1174172 kB
Dirty:               388 kB
Writeback:             0 kB
AnonPages:       1734956 kB
Mapped:           935480 kB
Shmem:             18264 kB
Slab:             272532 kB
SReclaimable:      70704 kB
SUnreclaim:       201828 kB
KernelStack:       65024 kB
PageTables:        99148 kB
NFS_Unstable:          0 kB
Bounce:                0 kB
WritebackTmp:          0 kB
CommitLimit:     5358820 kB
Committed_AS:   153565072 kB
VmallocTotal:   258998208 kB
VmallocUsed:           0 kB
VmallocChunk:          0 kB
CmaTotal:         106496 kB
CmaFree:            9048 kB



2023-04-09_23-18-24
run this app : Telegram

MemTotal:        5474772 kB
MemFree:          106744 kB
MemAvailable:    1286064 kB
Buffers:           21564 kB
Cached:          1318096 kB
SwapCached:        22188 kB
Active:          1511520 kB
Inactive:        1507444 kB
Active(anon):     854104 kB
Inactive(anon):   850004 kB
Active(file):     657416 kB
Inactive(file):   657440 kB
Unevictable:         580 kB
Mlocked:             580 kB
SwapTotal:       2621436 kB
SwapFree:        1029892 kB
Dirty:              1864 kB
Writeback:             0 kB
AnonPages:       1673612 kB
Mapped:           934916 kB
Shmem:             23924 kB
Slab:             272880 kB
SReclaimable:      70652 kB
SUnreclaim:       202228 kB
KernelStack:       66080 kB
PageTables:       100788 kB
NFS_Unstable:          0 kB
Bounce:                0 kB
WritebackTmp:          0 kB
CommitLimit:     5358820 kB
Committed_AS:   157470956 kB
VmallocTotal:   258998208 kB
VmallocUsed:           0 kB
VmallocChunk:          0 kB
CmaTotal:         106496 kB
CmaFree:            1136 kB



2023-04-09_23-18-38
run this app : Signal

MemTotal:        5474772 kB
MemFree:          110212 kB
MemAvailable:    1274432 kB
Buffers:           14580 kB
Cached:          1314820 kB
SwapCached:        20256 kB
Active:          1472196 kB
Inactive:        1491256 kB
Active(anon):     822316 kB
Inactive(anon):   841240 kB
Active(file):     649880 kB
Inactive(file):   650016 kB
Unevictable:         876 kB
Mlocked:             876 kB
SwapTotal:       2621436 kB
SwapFree:         890668 kB
Dirty:               608 kB
Writeback:             0 kB
AnonPages:       1628780 kB
Mapped:           973116 kB
Shmem:             29280 kB
Slab:             273192 kB
SReclaimable:      70372 kB
SUnreclaim:       202820 kB
KernelStack:       66768 kB
PageTables:       102980 kB
NFS_Unstable:          0 kB
Bounce:                0 kB
WritebackTmp:          0 kB
CommitLimit:     5358820 kB
Committed_AS:   159427136 kB
VmallocTotal:   258998208 kB
VmallocUsed:           0 kB
VmallocChunk:          0 kB
CmaTotal:         106496 kB
CmaFree:               8 kB



2023-04-09_23-18-53
run this app : Kindle

MemTotal:        5474772 kB
MemFree:           72544 kB
MemAvailable:    1155648 kB
Buffers:           15896 kB
Cached:          1222732 kB
SwapCached:        19812 kB
Active:          1423544 kB
Inactive:        1429220 kB
Active(anon):     821488 kB
Inactive(anon):   812348 kB
Active(file):     602056 kB
Inactive(file):   616872 kB
Unevictable:         876 kB
Mlocked:             876 kB
SwapTotal:       2621436 kB
SwapFree:         689236 kB
Dirty:               368 kB
Writeback:             0 kB
AnonPages:       1608860 kB
Mapped:           947100 kB
Shmem:             18740 kB
Slab:             274156 kB
SReclaimable:      70076 kB
SUnreclaim:       204080 kB
KernelStack:       69264 kB
PageTables:       107844 kB
NFS_Unstable:          0 kB
Bounce:                0 kB
WritebackTmp:          0 kB
CommitLimit:     5358820 kB
Committed_AS:   166689076 kB
VmallocTotal:   258998208 kB
VmallocUsed:           0 kB
VmallocChunk:          0 kB
CmaTotal:         106496 kB
CmaFree:               0 kB



2023-04-09_23-19-07
run this app : Firefox

MemTotal:        5474772 kB
MemFree:          100996 kB
MemAvailable:    1094692 kB
Buffers:           12700 kB
Cached:          1142520 kB
SwapCached:        19752 kB
Active:          1410012 kB
Inactive:        1413768 kB
Active(anon):     845984 kB
Inactive(anon):   848164 kB
Active(file):     564028 kB
Inactive(file):   565604 kB
Unevictable:         876 kB
Mlocked:             876 kB
SwapTotal:       2621436 kB
SwapFree:         608524 kB
Dirty:               244 kB
Writeback:             0 kB
AnonPages:       1661968 kB
Mapped:           885772 kB
Shmem:             25240 kB
Slab:             275428 kB
SReclaimable:      69852 kB
SUnreclaim:       205576 kB
KernelStack:       72736 kB
PageTables:       112040 kB
NFS_Unstable:          0 kB
Bounce:                0 kB
WritebackTmp:          0 kB
CommitLimit:     5358820 kB
Committed_AS:   172579740 kB
VmallocTotal:   258998208 kB
VmallocUsed:           0 kB
VmallocChunk:          0 kB
CmaTotal:         106496 kB
CmaFree:               0 kB



2023-04-09_23-19-27
run this app : Coinbase

MemTotal:        5474772 kB
MemFree:          112884 kB
MemAvailable:     990356 kB
Buffers:           10940 kB
Cached:          1032912 kB
SwapCached:        12116 kB
Active:          1398228 kB
Inactive:        1400652 kB
Active(anon):     884064 kB
Inactive(anon):   901204 kB
Active(file):     514164 kB
Inactive(file):   499448 kB
Unevictable:         876 kB
Mlocked:             876 kB
SwapTotal:       2621436 kB
SwapFree:         487208 kB
Dirty:               856 kB
Writeback:             0 kB
AnonPages:       1750708 kB
Mapped:           852052 kB
Shmem:             30240 kB
Slab:             275928 kB
SReclaimable:      69448 kB
SUnreclaim:       206480 kB
KernelStack:       74496 kB
PageTables:       114304 kB
NFS_Unstable:          0 kB
Bounce:                0 kB
WritebackTmp:          0 kB
CommitLimit:     5358820 kB
Committed_AS:   174060420 kB
VmallocTotal:   258998208 kB
VmallocUsed:           0 kB
VmallocChunk:          0 kB
CmaTotal:         106496 kB
CmaFree:               0 kB



2023-04-09_23-19-51
run this app : Candy Crush Soda

MemTotal:        5474772 kB
MemFree:          150136 kB
MemAvailable:    1015108 kB
Buffers:           10636 kB
Cached:          1015056 kB
SwapCached:        12864 kB
Active:          1212420 kB
Inactive:        1245540 kB
Active(anon):     710644 kB
Inactive(anon):   746156 kB
Active(file):     501776 kB
Inactive(file):   499384 kB
Unevictable:         876 kB
Mlocked:             876 kB
SwapTotal:       2621436 kB
SwapFree:          83024 kB
Dirty:              3160 kB
Writeback:             0 kB
AnonPages:       1427712 kB
Mapped:           832396 kB
Shmem:             24520 kB
Slab:             282668 kB
SReclaimable:      69352 kB
SUnreclaim:       213316 kB
KernelStack:       75728 kB
PageTables:       117216 kB
NFS_Unstable:          0 kB
Bounce:                0 kB
WritebackTmp:          0 kB
CommitLimit:     5358820 kB
Committed_AS:   177956832 kB
VmallocTotal:   258998208 kB
VmallocUsed:           0 kB
VmallocChunk:          0 kB
CmaTotal:         106496 kB
CmaFree:               0 kB



2023-04-09_23-20-18
run this app : Kids Transport

MemTotal:        5474772 kB
MemFree:           91672 kB
MemAvailable:     756472 kB
Buffers:            6248 kB
Cached:           811236 kB
SwapCached:        12280 kB
Active:          1216272 kB
Inactive:        1211712 kB
Active(anon):     813676 kB
Inactive(anon):   813104 kB
Active(file):     402596 kB
Inactive(file):   398608 kB
Unevictable:         876 kB
Mlocked:             876 kB
SwapTotal:       2621436 kB
SwapFree:           1084 kB
Dirty:               688 kB
Writeback:             0 kB
AnonPages:       1607400 kB
Mapped:           594368 kB
Shmem:             15488 kB
Slab:             285828 kB
SReclaimable:      68920 kB
SUnreclaim:       216908 kB
KernelStack:       78512 kB
PageTables:       121548 kB
NFS_Unstable:          0 kB
Bounce:                0 kB
WritebackTmp:          0 kB
CommitLimit:     5358820 kB
Committed_AS:   183257988 kB
VmallocTotal:   258998208 kB
VmallocUsed:           0 kB
VmallocChunk:          0 kB
CmaTotal:         106496 kB
CmaFree:              88 kB



2023-04-09_23-20-44
run this app : Hill Climb Racing

MemTotal:        5474772 kB
MemFree:           91080 kB
MemAvailable:     511272 kB
Buffers:            5304 kB
Cached:           574616 kB
SwapCached:        12340 kB
Active:          1175012 kB
Inactive:        1155524 kB
Active(anon):     893228 kB
Inactive(anon):   880324 kB
Active(file):     281784 kB
Inactive(file):   275200 kB
Unevictable:         876 kB
Mlocked:             876 kB
SwapTotal:       2621436 kB
SwapFree:            236 kB
Dirty:              1268 kB
Writeback:             0 kB
AnonPages:       1746588 kB
Mapped:           479948 kB
Shmem:             22540 kB
Slab:             286760 kB
SReclaimable:      68144 kB
SUnreclaim:       218616 kB
KernelStack:       80880 kB
PageTables:       123896 kB
NFS_Unstable:          0 kB
Bounce:                0 kB
WritebackTmp:          0 kB
CommitLimit:     5358820 kB
Committed_AS:   184777016 kB
VmallocTotal:   258998208 kB
VmallocUsed:           0 kB
VmallocChunk:          0 kB
CmaTotal:         106496 kB
CmaFree:               0 kB



2023-04-09_23-20-57
run this app : Call Recorder

MemTotal:        5474772 kB
MemFree:           90756 kB
MemAvailable:     514996 kB
Buffers:            3904 kB
Cached:           585344 kB
SwapCached:        11624 kB
Active:          1155892 kB
Inactive:        1153400 kB
Active(anon):     874860 kB
Inactive(anon):   873120 kB
Active(file):     281032 kB
Inactive(file):   280280 kB
Unevictable:         876 kB
Mlocked:             876 kB
SwapTotal:       2621436 kB
SwapFree:            508 kB
Dirty:              4248 kB
Writeback:             0 kB
AnonPages:       1716492 kB
Mapped:           466432 kB
Shmem:             27604 kB
Slab:             285804 kB
SReclaimable:      67580 kB
SUnreclaim:       218224 kB
KernelStack:       81104 kB
PageTables:       121112 kB
NFS_Unstable:          0 kB
Bounce:                0 kB
WritebackTmp:          0 kB
CommitLimit:     5358820 kB
Committed_AS:   177703100 kB
VmallocTotal:   258998208 kB
VmallocUsed:           0 kB
VmallocChunk:          0 kB
CmaTotal:         106496 kB
CmaFree:             216 kB



2023-04-09_23-21-13
run this app : Kik

MemTotal:        5474772 kB
MemFree:           93976 kB
MemAvailable:     778484 kB
Buffers:            7656 kB
Cached:           831340 kB
SwapCached:        14268 kB
Active:          1271640 kB
Inactive:        1270816 kB
Active(anon):     860776 kB
Inactive(anon):   860044 kB
Active(file):     410864 kB
Inactive(file):   410772 kB
Unevictable:         876 kB
Mlocked:             876 kB
SwapTotal:       2621436 kB
SwapFree:         177232 kB
Dirty:              1028 kB
Writeback:             0 kB
AnonPages:       1697816 kB
Mapped:           595996 kB
Shmem:             16724 kB
Slab:             285220 kB
SReclaimable:      67472 kB
SUnreclaim:       217748 kB
KernelStack:       79920 kB
PageTables:       118668 kB
NFS_Unstable:          0 kB
Bounce:                0 kB
WritebackTmp:          0 kB
CommitLimit:     5358820 kB
Committed_AS:   174560056 kB
VmallocTotal:   258998208 kB
VmallocUsed:           0 kB
VmallocChunk:          0 kB
CmaTotal:         106496 kB
CmaFree:             576 kB



2023-04-09_23-21-34
run this app : Color Fill 3D

MemTotal:        5474772 kB
MemFree:           96052 kB
MemAvailable:     629796 kB
Buffers:            6868 kB
Cached:           686496 kB
SwapCached:        11364 kB
Active:          1313116 kB
Inactive:        1185536 kB
Active(anon):     969288 kB
Inactive(anon):   858700 kB
Active(file):     343828 kB
Inactive(file):   326836 kB
Unevictable:         876 kB
Mlocked:             876 kB
SwapTotal:       2621436 kB
SwapFree:            600 kB
Dirty:              1168 kB
Writeback:             0 kB
AnonPages:       1802208 kB
Mapped:           541556 kB
Shmem:             22280 kB
Slab:             286528 kB
SReclaimable:      67888 kB
SUnreclaim:       218640 kB
KernelStack:       83856 kB
PageTables:       123208 kB
NFS_Unstable:          0 kB
Bounce:                0 kB
WritebackTmp:          0 kB
CommitLimit:     5358820 kB
Committed_AS:   178673252 kB
VmallocTotal:   258998208 kB
VmallocUsed:           0 kB
VmallocChunk:          0 kB
CmaTotal:         106496 kB
CmaFree:               0 kB



2023-04-09_23-21-53
run this app : Etsy

MemTotal:        5474772 kB
MemFree:          111236 kB
MemAvailable:     613368 kB
Buffers:            6156 kB
Cached:           668384 kB
SwapCached:        14388 kB
Active:          1211196 kB
Inactive:        1222156 kB
Active(anon):     891828 kB
Inactive(anon):   902520 kB
Active(file):     319368 kB
Inactive(file):   319636 kB
Unevictable:         876 kB
Mlocked:             876 kB
SwapTotal:       2621436 kB
SwapFree:             48 kB
Dirty:              2072 kB
Writeback:             0 kB
AnonPages:       1751544 kB
Mapped:           512296 kB
Shmem:             35420 kB
Slab:             287692 kB
SReclaimable:      67984 kB
SUnreclaim:       219708 kB
KernelStack:       82784 kB
PageTables:       118856 kB
NFS_Unstable:          0 kB
Bounce:                0 kB
WritebackTmp:          0 kB
CommitLimit:     5358820 kB
Committed_AS:   171546332 kB
VmallocTotal:   258998208 kB
VmallocUsed:           0 kB
VmallocChunk:          0 kB
CmaTotal:         106496 kB
CmaFree:              48 kB



2023-04-09_23-22-05
run this app : Pi

MemTotal:        5474772 kB
MemFree:          103092 kB
MemAvailable:     510704 kB
Buffers:            6220 kB
Cached:           579084 kB
SwapCached:        12116 kB
Active:          1229616 kB
Inactive:        1204568 kB
Active(anon):     955012 kB
Inactive(anon):   934904 kB
Active(file):     274604 kB
Inactive(file):   269664 kB
Unevictable:         876 kB
Mlocked:             876 kB
SwapTotal:       2621436 kB
SwapFree:            276 kB
Dirty:               136 kB
Writeback:             0 kB
AnonPages:       1844076 kB
Mapped:           489368 kB
Shmem:             40940 kB
Slab:             288044 kB
SReclaimable:      68412 kB
SUnreclaim:       219632 kB
KernelStack:       83360 kB
PageTables:       120388 kB
NFS_Unstable:          0 kB
Bounce:                0 kB
WritebackTmp:          0 kB
CommitLimit:     5358820 kB
Committed_AS:   173512996 kB
VmallocTotal:   258998208 kB
VmallocUsed:           0 kB
VmallocChunk:          0 kB
CmaTotal:         106496 kB
CmaFree:            2408 kB



2023-04-09_23-22-28
run this app : Soccer Star

MemTotal:        5474772 kB
MemFree:          113876 kB
MemAvailable:     739000 kB
Buffers:            6216 kB
Cached:           780264 kB
SwapCached:        11724 kB
Active:          1234972 kB
Inactive:        1242696 kB
Active(anon):     844092 kB
Inactive(anon):   871756 kB
Active(file):     390880 kB
Inactive(file):   370940 kB
Unevictable:         876 kB
Mlocked:             876 kB
SwapTotal:       2621436 kB
SwapFree:          33728 kB
Dirty:              1372 kB
Writeback:             0 kB
AnonPages:       1687320 kB
Mapped:           482552 kB
Shmem:             23680 kB
Slab:             288428 kB
SReclaimable:      68332 kB
SUnreclaim:       220096 kB
KernelStack:       79008 kB
PageTables:       117772 kB
NFS_Unstable:          0 kB
Bounce:                0 kB
WritebackTmp:          0 kB
CommitLimit:     5358820 kB
Committed_AS:   171758240 kB
VmallocTotal:   258998208 kB
VmallocUsed:           0 kB
VmallocChunk:          0 kB
CmaTotal:         106496 kB
CmaFree:               0 kB



2023-04-09_23-22-43
run this app : Puffin

MemTotal:        5474772 kB
MemFree:           94272 kB
MemAvailable:     565532 kB
Buffers:            4192 kB
Cached:           624428 kB
SwapCached:        11080 kB
Active:          1258516 kB
Inactive:        1202528 kB
Active(anon):     954172 kB
Inactive(anon):   898704 kB
Active(file):     304344 kB
Inactive(file):   303824 kB
Unevictable:         876 kB
Mlocked:             876 kB
SwapTotal:       2621436 kB
SwapFree:              0 kB
Dirty:              2640 kB
Writeback:             0 kB
AnonPages:       1828120 kB
Mapped:           503712 kB
Shmem:             19972 kB
Slab:             287768 kB
SReclaimable:      67912 kB
SUnreclaim:       219856 kB
KernelStack:       81888 kB
PageTables:       120692 kB
NFS_Unstable:          0 kB
Bounce:                0 kB
WritebackTmp:          0 kB
CommitLimit:     5358820 kB
Committed_AS:   175165424 kB
VmallocTotal:   258998208 kB
VmallocUsed:           0 kB
VmallocChunk:          0 kB
CmaTotal:         106496 kB
CmaFree:             532 kB



2023-04-09_23-23-03
run this app : Crunchyroll

MemTotal:        5474772 kB
MemFree:          103692 kB
MemAvailable:     538060 kB
Buffers:            5580 kB
Cached:           589016 kB
SwapCached:         8484 kB
Active:          1175360 kB
Inactive:        1203488 kB
Active(anon):     890936 kB
Inactive(anon):   916844 kB
Active(file):     284424 kB
Inactive(file):   286644 kB
Unevictable:         876 kB
Mlocked:             876 kB
SwapTotal:       2621436 kB
SwapFree:           1160 kB
Dirty:              2512 kB
Writeback:             0 kB
AnonPages:       1782468 kB
Mapped:           490908 kB
Shmem:             23456 kB
Slab:             288484 kB
SReclaimable:      68324 kB
SUnreclaim:       220160 kB
KernelStack:       83584 kB
PageTables:       121852 kB
NFS_Unstable:          0 kB
Bounce:                0 kB
WritebackTmp:          0 kB
CommitLimit:     5358820 kB
Committed_AS:   174727148 kB
VmallocTotal:   258998208 kB
VmallocUsed:           0 kB
VmallocChunk:          0 kB
CmaTotal:         106496 kB
CmaFree:               0 kB



2023-04-09_23-23-22
run this app : VLC

MemTotal:        5474772 kB
MemFree:           91612 kB
MemAvailable:     496036 kB
Buffers:            4736 kB
Cached:           559884 kB
SwapCached:        10880 kB
Active:          1188300 kB
Inactive:        1170580 kB
Active(anon):     917620 kB
Inactive(anon):   900140 kB
Active(file):     270680 kB
Inactive(file):   270440 kB
Unevictable:         876 kB
Mlocked:             876 kB
SwapTotal:       2621436 kB
SwapFree:              0 kB
Dirty:               428 kB
Writeback:             0 kB
AnonPages:       1789916 kB
Mapped:           467400 kB
Shmem:             23448 kB
Slab:             288412 kB
SReclaimable:      68336 kB
SUnreclaim:       220076 kB
KernelStack:       82848 kB
PageTables:       119540 kB
NFS_Unstable:          0 kB
Bounce:                0 kB
WritebackTmp:          0 kB
CommitLimit:     5358820 kB
Committed_AS:   168973196 kB
VmallocTotal:   258998208 kB
VmallocUsed:           0 kB
VmallocChunk:          0 kB
CmaTotal:         106496 kB
CmaFree:              16 kB



2023-04-09_23-23-40
run this app : eToro

MemTotal:        5474772 kB
MemFree:           77744 kB
MemAvailable:     439096 kB
Buffers:            4544 kB
Cached:           522912 kB
SwapCached:        12620 kB
Active:          1278176 kB
Inactive:        1141272 kB
Active(anon):    1029112 kB
Inactive(anon):   892340 kB
Active(file):     249064 kB
Inactive(file):   248932 kB
Unevictable:         876 kB
Mlocked:             876 kB
SwapTotal:       2621436 kB
SwapFree:              0 kB
Dirty:              1912 kB
Writeback:             0 kB
AnonPages:       1886680 kB
Mapped:           448532 kB
Shmem:             29052 kB
Slab:             287920 kB
SReclaimable:      68440 kB
SUnreclaim:       219480 kB
KernelStack:       81232 kB
PageTables:       117964 kB
NFS_Unstable:          0 kB
Bounce:                0 kB
WritebackTmp:          0 kB
CommitLimit:     5358820 kB
Committed_AS:   166986520 kB
VmallocTotal:   258998208 kB
VmallocUsed:           0 kB
VmallocChunk:          0 kB
CmaTotal:         106496 kB
CmaFree:            3488 kB



2023-04-09_23-23-58
run this app : GroupMe

MemTotal:        5474772 kB
MemFree:           92356 kB
MemAvailable:     718320 kB
Buffers:            5600 kB
Cached:           772640 kB
SwapCached:        12816 kB
Active:          1269952 kB
Inactive:        1269600 kB
Active(anon):     887540 kB
Inactive(anon):   889372 kB
Active(file):     382412 kB
Inactive(file):   380228 kB
Unevictable:         876 kB
Mlocked:             876 kB
SwapTotal:       2621436 kB
SwapFree:         312476 kB
Dirty:              1632 kB
Writeback:             0 kB
AnonPages:       1756208 kB
Mapped:           602480 kB
Shmem:             15560 kB
Slab:             285164 kB
SReclaimable:      68376 kB
SUnreclaim:       216788 kB
KernelStack:       78464 kB
PageTables:       116996 kB
NFS_Unstable:          0 kB
Bounce:                0 kB
WritebackTmp:          0 kB
CommitLimit:     5358820 kB
Committed_AS:   168943028 kB
VmallocTotal:   258998208 kB
VmallocUsed:           0 kB
VmallocChunk:          0 kB
CmaTotal:         106496 kB
CmaFree:               0 kB



2023-04-09_23-24-31
run this app : DNA Evolution 3D

MemTotal:        5474772 kB
MemFree:           97112 kB
MemAvailable:     673356 kB
Buffers:           24684 kB
Cached:           700576 kB
SwapCached:        10980 kB
Active:          1235556 kB
Inactive:        1156220 kB
Active(anon):     853528 kB
Inactive(anon):   825272 kB
Active(file):     382028 kB
Inactive(file):   330948 kB
Unevictable:         876 kB
Mlocked:             876 kB
SwapTotal:       2621436 kB
SwapFree:           1196 kB
Dirty:              3120 kB
Writeback:             0 kB
AnonPages:       1664328 kB
Mapped:           482864 kB
Shmem:             11064 kB
Slab:             288972 kB
SReclaimable:      68264 kB
SUnreclaim:       220708 kB
KernelStack:       83392 kB
PageTables:       123304 kB
NFS_Unstable:          0 kB
Bounce:                0 kB
WritebackTmp:          0 kB
CommitLimit:     5358820 kB
Committed_AS:   178351284 kB
VmallocTotal:   258998208 kB
VmallocUsed:           0 kB
VmallocChunk:          0 kB
CmaTotal:         106496 kB
CmaFree:               0 kB



2023-04-09_23-24-47
run this app : Bitmoji

MemTotal:        5474772 kB
MemFree:          111672 kB
MemAvailable:     558036 kB
Buffers:           13236 kB
Cached:           578544 kB
SwapCached:        12248 kB
Active:          1159812 kB
Inactive:        1132904 kB
Active(anon):     868720 kB
Inactive(anon):   841024 kB
Active(file):     291092 kB
Inactive(file):   291880 kB
Unevictable:         876 kB
Mlocked:             876 kB
SwapTotal:       2621436 kB
SwapFree:              8 kB
Dirty:              1644 kB
Writeback:             0 kB
AnonPages:       1695932 kB
Mapped:           410068 kB
Shmem:              9008 kB
Slab:             289204 kB
SReclaimable:      68512 kB
SUnreclaim:       220692 kB
KernelStack:       82672 kB
PageTables:       122556 kB
NFS_Unstable:          0 kB
Bounce:                0 kB
WritebackTmp:          0 kB
CommitLimit:     5358820 kB
Committed_AS:   176429496 kB
VmallocTotal:   258998208 kB
VmallocUsed:           0 kB
VmallocChunk:          0 kB
CmaTotal:         106496 kB
CmaFree:               0 kB



2023-04-09_23-25-02
run this app : Amazon Seller

MemTotal:        5474772 kB
MemFree:          100996 kB
MemAvailable:     556292 kB
Buffers:            5844 kB
Cached:           600348 kB
SwapCached:        13396 kB
Active:          1151524 kB
Inactive:        1137524 kB
Active(anon):     852028 kB
Inactive(anon):   845212 kB
Active(file):     299496 kB
Inactive(file):   292312 kB
Unevictable:         580 kB
Mlocked:             580 kB
SwapTotal:       2621436 kB
SwapFree:            700 kB
Dirty:               572 kB
Writeback:             0 kB
AnonPages:       1676848 kB
Mapped:           444772 kB
Shmem:             14400 kB
Slab:             289284 kB
SReclaimable:      68700 kB
SUnreclaim:       220584 kB
KernelStack:       82976 kB
PageTables:       123348 kB
NFS_Unstable:          0 kB
Bounce:                0 kB
WritebackTmp:          0 kB
CommitLimit:     5358820 kB
Committed_AS:   177836368 kB
VmallocTotal:   258998208 kB
VmallocUsed:           0 kB
VmallocChunk:          0 kB
CmaTotal:         106496 kB
CmaFree:              16 kB



2023-04-09_23-25-16
run this app : WhatsApp

MemTotal:        5474772 kB
MemFree:           93636 kB
MemAvailable:     521504 kB
Buffers:            6444 kB
Cached:           578020 kB
SwapCached:        14356 kB
Active:          1146500 kB
Inactive:        1149732 kB
Active(anon):     865536 kB
Inactive(anon):   866248 kB
Active(file):     280964 kB
Inactive(file):   283484 kB
Unevictable:         580 kB
Mlocked:             580 kB
SwapTotal:       2621436 kB
SwapFree:            888 kB
Dirty:              1544 kB
Writeback:             0 kB
AnonPages:       1705320 kB
Mapped:           477892 kB
Shmem:             19904 kB
Slab:             290036 kB
SReclaimable:      68568 kB
SUnreclaim:       221468 kB
KernelStack:       83968 kB
PageTables:       125496 kB
NFS_Unstable:          0 kB
Bounce:                0 kB
WritebackTmp:          0 kB
CommitLimit:     5358820 kB
Committed_AS:   181749332 kB
VmallocTotal:   258998208 kB
VmallocUsed:           0 kB
VmallocChunk:          0 kB
CmaTotal:         106496 kB
CmaFree:               0 kB



2023-04-09_23-27-06
run this app : Candy Crush Jelly

MemTotal:        5474772 kB
MemFree:          264552 kB
MemAvailable:     762792 kB
Buffers:            6632 kB
Cached:           653924 kB
SwapCached:        14012 kB
Active:          1130180 kB
Inactive:        1194060 kB
Active(anon):     873932 kB
Inactive(anon):   815308 kB
Active(file):     256248 kB
Inactive(file):   378752 kB
Unevictable:         580 kB
Mlocked:             580 kB
SwapTotal:       2621436 kB
SwapFree:         607512 kB
Dirty:               360 kB
Writeback:             0 kB
AnonPages:       1657112 kB
Mapped:           468460 kB
Shmem:             25556 kB
Slab:             285152 kB
SReclaimable:      68208 kB
SUnreclaim:       216944 kB
KernelStack:       72704 kB
PageTables:       110520 kB
NFS_Unstable:          0 kB
Bounce:                0 kB
WritebackTmp:          0 kB
CommitLimit:     5358820 kB
Committed_AS:   161822512 kB
VmallocTotal:   258998208 kB
VmallocUsed:           0 kB
VmallocChunk:          0 kB
CmaTotal:         106496 kB
CmaFree:               0 kB



2023-04-09_23-27-24
run this app : Candy Crush Saga

MemTotal:        5474772 kB
MemFree:          137836 kB
MemAvailable:     722692 kB
Buffers:            5392 kB
Cached:           729660 kB
SwapCached:        11084 kB
Active:          1200676 kB
Inactive:        1180832 kB
Active(anon):     828308 kB
Inactive(anon):   831848 kB
Active(file):     372368 kB
Inactive(file):   348984 kB
Unevictable:         580 kB
Mlocked:             580 kB
SwapTotal:       2621436 kB
SwapFree:         468680 kB
Dirty:              4088 kB
Writeback:             0 kB
AnonPages:       1642276 kB
Mapped:           520560 kB
Shmem:             13700 kB
Slab:             285700 kB
SReclaimable:      68732 kB
SUnreclaim:       216968 kB
KernelStack:       73936 kB
PageTables:       112072 kB
NFS_Unstable:          0 kB
Bounce:                0 kB
WritebackTmp:          0 kB
CommitLimit:     5358820 kB
Committed_AS:   163760384 kB
VmallocTotal:   258998208 kB
VmallocUsed:           0 kB
VmallocChunk:          0 kB
CmaTotal:         106496 kB
CmaFree:            4916 kB



2023-04-09_23-27-39
run this app : NYT Games

MemTotal:        5474772 kB
MemFree:          110280 kB
MemAvailable:     808856 kB
Buffers:           23824 kB
Cached:           830188 kB
SwapCached:        13576 kB
Active:          1190352 kB
Inactive:        1162796 kB
Active(anon):     750840 kB
Inactive(anon):   767316 kB
Active(file):     439512 kB
Inactive(file):   395480 kB
Unevictable:         580 kB
Mlocked:             580 kB
SwapTotal:       2621436 kB
SwapFree:         156724 kB
Dirty:              1324 kB
Writeback:             0 kB
AnonPages:       1492800 kB
Mapped:           667664 kB
Shmem:             19020 kB
Slab:             286620 kB
SReclaimable:      68892 kB
SUnreclaim:       217728 kB
KernelStack:       76896 kB
PageTables:       115616 kB
NFS_Unstable:          0 kB
Bounce:                0 kB
WritebackTmp:          0 kB
CommitLimit:     5358820 kB
Committed_AS:   169063592 kB
VmallocTotal:   258998208 kB
VmallocUsed:           0 kB
VmallocChunk:          0 kB
CmaTotal:         106496 kB
CmaFree:             696 kB



2023-04-09_23-27-50
run this app : Simple PDF Reader

MemTotal:        5474772 kB
MemFree:          120568 kB
MemAvailable:     800096 kB
Buffers:           14464 kB
Cached:           820244 kB
SwapCached:        13908 kB
Active:          1122384 kB
Inactive:        1120220 kB
Active(anon):     708588 kB
Inactive(anon):   717892 kB
Active(file):     413796 kB
Inactive(file):   402328 kB
Unevictable:         580 kB
Mlocked:             580 kB
SwapTotal:       2621436 kB
SwapFree:              8 kB
Dirty:              4464 kB
Writeback:             0 kB
AnonPages:       1401036 kB
Mapped:           583012 kB
Shmem:             18788 kB
Slab:             287708 kB
SReclaimable:      68536 kB
SUnreclaim:       219172 kB
KernelStack:       79216 kB
PageTables:       119144 kB
NFS_Unstable:          0 kB
Bounce:                0 kB
WritebackTmp:          0 kB
CommitLimit:     5358820 kB
Committed_AS:   174359368 kB
VmallocTotal:   258998208 kB
VmallocUsed:           0 kB
VmallocChunk:          0 kB
CmaTotal:         106496 kB
CmaFree:               0 kB



2023-04-09_23-28-16
run this app : Crossy Road

MemTotal:        5474772 kB
MemFree:           85920 kB
MemAvailable:     536872 kB
Buffers:            5744 kB
Cached:           596616 kB
SwapCached:        11756 kB
Active:          1155584 kB
Inactive:        1068048 kB
Active(anon):     860764 kB
Inactive(anon):   775040 kB
Active(file):     294820 kB
Inactive(file):   293008 kB
Unevictable:         580 kB
Mlocked:             580 kB
SwapTotal:       2621436 kB
SwapFree:              0 kB
Dirty:               944 kB
Writeback:             0 kB
AnonPages:       1616368 kB
Mapped:           477464 kB
Shmem:             13716 kB
Slab:             287016 kB
SReclaimable:      67976 kB
SUnreclaim:       219040 kB
KernelStack:       79024 kB
PageTables:       114416 kB
NFS_Unstable:          0 kB
Bounce:                0 kB
WritebackTmp:          0 kB
CommitLimit:     5358820 kB
Committed_AS:   163492288 kB
VmallocTotal:   258998208 kB
VmallocUsed:           0 kB
VmallocChunk:          0 kB
CmaTotal:         106496 kB
CmaFree:             240 kB



2023-04-09_23-28-31
run this app : FaceApp

MemTotal:        5474772 kB
MemFree:           96404 kB
MemAvailable:     720916 kB
Buffers:            6772 kB
Cached:           774104 kB
SwapCached:        11780 kB
Active:          1109192 kB
Inactive:        1155316 kB
Active(anon):     748496 kB
Inactive(anon):   754676 kB
Active(file):     360696 kB
Inactive(file):   400640 kB
Unevictable:         580 kB
Mlocked:             580 kB
SwapTotal:       2621436 kB
SwapFree:         255568 kB
Dirty:              4152 kB
Writeback:             0 kB
AnonPages:       1478188 kB
Mapped:           557924 kB
Shmem:             19268 kB
Slab:             286520 kB
SReclaimable:      68080 kB
SUnreclaim:       218440 kB
KernelStack:       72064 kB
PageTables:       108624 kB
NFS_Unstable:          0 kB
Bounce:                0 kB
WritebackTmp:          0 kB
CommitLimit:     5358820 kB
Committed_AS:   159772224 kB
VmallocTotal:   258998208 kB
VmallocUsed:           0 kB
VmallocChunk:          0 kB
CmaTotal:         106496 kB
CmaFree:               0 kB



2023-04-09_23-28-42
run this app : Lyft

MemTotal:        5474772 kB
MemFree:           98016 kB
MemAvailable:     768432 kB
Buffers:            8644 kB
Cached:           812640 kB
SwapCached:        12072 kB
Active:          1150100 kB
Inactive:        1175784 kB
Active(anon):     758400 kB
Inactive(anon):   760380 kB
Active(file):     391700 kB
Inactive(file):   415404 kB
Unevictable:         580 kB
Mlocked:             580 kB
SwapTotal:       2621436 kB
SwapFree:         251772 kB
Dirty:              1348 kB
Writeback:             0 kB
AnonPages:       1499708 kB
Mapped:           541040 kB
Shmem:             13652 kB
Slab:             286772 kB
SReclaimable:      68348 kB
SUnreclaim:       218424 kB
KernelStack:       72080 kB
PageTables:       110224 kB
NFS_Unstable:          0 kB
Bounce:                0 kB
WritebackTmp:          0 kB
CommitLimit:     5358820 kB
Committed_AS:   163660136 kB
VmallocTotal:   258998208 kB
VmallocUsed:           0 kB
VmallocChunk:          0 kB
CmaTotal:         106496 kB
CmaFree:            1368 kB



2023-04-09_23-28-56
run this app : Pou

MemTotal:        5474772 kB
MemFree:          111012 kB
MemAvailable:     840548 kB
Buffers:           10372 kB
Cached:           879288 kB
SwapCached:        14064 kB
Active:          1148856 kB
Inactive:        1188548 kB
Active(anon):     720028 kB
Inactive(anon):   751296 kB
Active(file):     428828 kB
Inactive(file):   437252 kB
Unevictable:         580 kB
Mlocked:             580 kB
SwapTotal:       2621436 kB
SwapFree:         166248 kB
Dirty:               652 kB
Writeback:             0 kB
AnonPages:       1440756 kB
Mapped:           667724 kB
Shmem:             23356 kB
Slab:             287036 kB
SReclaimable:      68636 kB
SUnreclaim:       218400 kB
KernelStack:       74784 kB
PageTables:       114568 kB
NFS_Unstable:          0 kB
Bounce:                0 kB
WritebackTmp:          0 kB
CommitLimit:     5358820 kB
Committed_AS:   169023276 kB
VmallocTotal:   258998208 kB
VmallocUsed:           0 kB
VmallocChunk:          0 kB
CmaTotal:         106496 kB
CmaFree:               0 kB



2023-04-09_23-29-24
run this app : Hide 'N Seek!

MemTotal:        5474772 kB
MemFree:          153836 kB
MemAvailable:     642464 kB
Buffers:            5400 kB
Cached:           638936 kB
SwapCached:        12312 kB
Active:          1259252 kB
Inactive:        1101036 kB
Active(anon):     955456 kB
Inactive(anon):   779336 kB
Active(file):     303796 kB
Inactive(file):   321700 kB
Unevictable:         580 kB
Mlocked:             580 kB
SwapTotal:       2621436 kB
SwapFree:         398120 kB
Dirty:               220 kB
Writeback:             0 kB
AnonPages:       1712132 kB
Mapped:           446324 kB
Shmem:             17952 kB
Slab:             284964 kB
SReclaimable:      67992 kB
SUnreclaim:       216972 kB
KernelStack:       75664 kB
PageTables:       112124 kB
NFS_Unstable:          0 kB
Bounce:                0 kB
WritebackTmp:          0 kB
CommitLimit:     5358820 kB
Committed_AS:   163619224 kB
VmallocTotal:   258998208 kB
VmallocUsed:           0 kB
VmallocChunk:          0 kB
CmaTotal:         106496 kB
CmaFree:               0 kB



2023-04-09_23-29-37
run this app : Telegram

MemTotal:        5474772 kB
MemFree:           89548 kB
MemAvailable:     641916 kB
Buffers:            7484 kB
Cached:           701248 kB
SwapCached:        12380 kB
Active:          1158692 kB
Inactive:        1158312 kB
Active(anon):     814216 kB
Inactive(anon):   813724 kB
Active(file):     344476 kB
Inactive(file):   344588 kB
Unevictable:         580 kB
Mlocked:             580 kB
SwapTotal:       2621436 kB
SwapFree:         117496 kB
Dirty:               292 kB
Writeback:             0 kB
AnonPages:       1603344 kB
Mapped:           512372 kB
Shmem:             18796 kB
Slab:             285296 kB
SReclaimable:      68336 kB
SUnreclaim:       216960 kB
KernelStack:       77728 kB
PageTables:       115704 kB
NFS_Unstable:          0 kB
Bounce:                0 kB
WritebackTmp:          0 kB
CommitLimit:     5358820 kB
Committed_AS:   169487156 kB
VmallocTotal:   258998208 kB
VmallocUsed:           0 kB
VmallocChunk:          0 kB
CmaTotal:         106496 kB
CmaFree:            1304 kB



2023-04-09_23-29-51
run this app : Signal

MemTotal:        5474772 kB
MemFree:           91708 kB
MemAvailable:     678632 kB
Buffers:            6360 kB
Cached:           746308 kB
SwapCached:        11132 kB
Active:          1147832 kB
Inactive:        1151028 kB
Active(anon):     785056 kB
Inactive(anon):   790076 kB
Active(file):     362776 kB
Inactive(file):   360952 kB
Unevictable:         796 kB
Mlocked:             796 kB
SwapTotal:       2621436 kB
SwapFree:           1420 kB
Dirty:              2072 kB
Writeback:             0 kB
AnonPages:       1542652 kB
Mapped:           549572 kB
Shmem:             28924 kB
Slab:             286216 kB
SReclaimable:      68120 kB
SUnreclaim:       218096 kB
KernelStack:       77760 kB
PageTables:       116536 kB
NFS_Unstable:          0 kB
Bounce:                0 kB
WritebackTmp:          0 kB
CommitLimit:     5358820 kB
Committed_AS:   171434812 kB
VmallocTotal:   258998208 kB
VmallocUsed:           0 kB
VmallocChunk:          0 kB
CmaTotal:         106496 kB
CmaFree:               0 kB



2023-04-09_23-30-10
run this app : Kindle

MemTotal:        5474772 kB
MemFree:          122800 kB
MemAvailable:     643220 kB
Buffers:            4732 kB
Cached:           666356 kB
SwapCached:        13324 kB
Active:          1199156 kB
Inactive:        1126600 kB
Active(anon):     868000 kB
Inactive(anon):   800508 kB
Active(file):     331156 kB
Inactive(file):   326092 kB
Unevictable:         796 kB
Mlocked:             796 kB
SwapTotal:       2621436 kB
SwapFree:            124 kB
Dirty:               780 kB
Writeback:             0 kB
AnonPages:       1650048 kB
Mapped:           554328 kB
Shmem:             12580 kB
Slab:             287216 kB
SReclaimable:      68072 kB
SUnreclaim:       219144 kB
KernelStack:       80448 kB
PageTables:       121124 kB
NFS_Unstable:          0 kB
Bounce:                0 kB
WritebackTmp:          0 kB
CommitLimit:     5358820 kB
Committed_AS:   176762184 kB
VmallocTotal:   258998208 kB
VmallocUsed:           0 kB
VmallocChunk:          0 kB
CmaTotal:         106496 kB
CmaFree:               0 kB



2023-04-09_23-30-28
run this app : Firefox

MemTotal:        5474772 kB
MemFree:          102364 kB
MemAvailable:     505632 kB
Buffers:            4120 kB
Cached:           555636 kB
SwapCached:        14348 kB
Active:          1170816 kB
Inactive:        1171160 kB
Active(anon):     897692 kB
Inactive(anon):   904160 kB
Active(file):     273124 kB
Inactive(file):   267000 kB
Unevictable:         796 kB
Mlocked:             796 kB
SwapTotal:       2621436 kB
SwapFree:            596 kB
Dirty:                20 kB
Writeback:             0 kB
AnonPages:       1776148 kB
Mapped:           451152 kB
Shmem:             19124 kB
Slab:             288708 kB
SReclaimable:      68016 kB
SUnreclaim:       220692 kB
KernelStack:       82768 kB
PageTables:       124856 kB
NFS_Unstable:          0 kB
Bounce:                0 kB
WritebackTmp:          0 kB
CommitLimit:     5358820 kB
Committed_AS:   182636868 kB
VmallocTotal:   258998208 kB
VmallocUsed:           0 kB
VmallocChunk:          0 kB
CmaTotal:         106496 kB
CmaFree:               0 kB



2023-04-09_23-30-52
run this app : Coinbase

MemTotal:        5474772 kB
MemFree:          100620 kB
MemAvailable:     610832 kB
Buffers:            5572 kB
Cached:           656096 kB
SwapCached:         9384 kB
Active:          1192484 kB
Inactive:        1188748 kB
Active(anon):     868596 kB
Inactive(anon):   865576 kB
Active(file):     323888 kB
Inactive(file):   323172 kB
Unevictable:         796 kB
Mlocked:             796 kB
SwapTotal:       2621436 kB
SwapFree:            340 kB
Dirty:               928 kB
Writeback:             0 kB
AnonPages:       1717044 kB
Mapped:           565148 kB
Shmem:             14608 kB
Slab:             288740 kB
SReclaimable:      68028 kB
SUnreclaim:       220712 kB
KernelStack:       79184 kB
PageTables:       118032 kB
NFS_Unstable:          0 kB
Bounce:                0 kB
WritebackTmp:          0 kB
CommitLimit:     5358820 kB
Committed_AS:   171492492 kB
VmallocTotal:   258998208 kB
VmallocUsed:           0 kB
VmallocChunk:          0 kB
CmaTotal:         106496 kB
CmaFree:             108 kB



2023-04-09_23-31-20
run this app : Candy Crush Soda

MemTotal:        5474772 kB
MemFree:          152300 kB
MemAvailable:     594628 kB
Buffers:            4964 kB
Cached:           589004 kB
SwapCached:        12472 kB
Active:          1091300 kB
Inactive:        1137384 kB
Active(anon):     809208 kB
Inactive(anon):   840296 kB
Active(file):     282092 kB
Inactive(file):   297088 kB
Unevictable:         796 kB
Mlocked:             796 kB
SwapTotal:       2621436 kB
SwapFree:           2332 kB
Dirty:              3992 kB
Writeback:             0 kB
AnonPages:       1629128 kB
Mapped:           454832 kB
Shmem:             14724 kB
Slab:             288284 kB
SReclaimable:      68020 kB
SUnreclaim:       220264 kB
KernelStack:       78128 kB
PageTables:       115888 kB
NFS_Unstable:          0 kB
Bounce:                0 kB
WritebackTmp:          0 kB
CommitLimit:     5358820 kB
Committed_AS:   168083696 kB
VmallocTotal:   258998208 kB
VmallocUsed:           0 kB
VmallocChunk:          0 kB
CmaTotal:         106496 kB
CmaFree:               0 kB



2023-04-09_23-31-47
run this app : Kids Transport

MemTotal:        5474772 kB
MemFree:          113260 kB
MemAvailable:     778056 kB
Buffers:            5676 kB
Cached:           804104 kB
SwapCached:        11712 kB
Active:          1198316 kB
Inactive:        1194300 kB
Active(anon):     795692 kB
Inactive(anon):   795204 kB
Active(file):     402624 kB
Inactive(file):   399096 kB
Unevictable:         796 kB
Mlocked:             796 kB
SwapTotal:       2621436 kB
SwapFree:            584 kB
Dirty:               204 kB
Writeback:          2720 kB
AnonPages:       1578532 kB
Mapped:           586916 kB
Shmem:              7948 kB
Slab:             287676 kB
SReclaimable:      67880 kB
SUnreclaim:       219796 kB
KernelStack:       77184 kB
PageTables:       117180 kB
NFS_Unstable:          0 kB
Bounce:                0 kB
WritebackTmp:          0 kB
CommitLimit:     5358820 kB
Committed_AS:   173604168 kB
VmallocTotal:   258998208 kB
VmallocUsed:           0 kB
VmallocChunk:          0 kB
CmaTotal:         106496 kB
CmaFree:             400 kB



2023-04-09_23-32-17
run this app : Hill Climb Racing

MemTotal:        5474772 kB
MemFree:           96140 kB
MemAvailable:     512528 kB
Buffers:            6680 kB
Cached:           562276 kB
SwapCached:        13156 kB
Active:          1150824 kB
Inactive:        1149352 kB
Active(anon):     872824 kB
Inactive(anon):   874072 kB
Active(file):     278000 kB
Inactive(file):   275280 kB
Unevictable:         796 kB
Mlocked:             796 kB
SwapTotal:       2621436 kB
SwapFree:            116 kB
Dirty:              2008 kB
Writeback:             0 kB
AnonPages:       1726632 kB
Mapped:           472968 kB
Shmem:             15244 kB
Slab:             287864 kB
SReclaimable:      67944 kB
SUnreclaim:       219920 kB
KernelStack:       80080 kB
PageTables:       121652 kB
NFS_Unstable:          0 kB
Bounce:                0 kB
WritebackTmp:          0 kB
CommitLimit:     5358820 kB
Committed_AS:   178992632 kB
VmallocTotal:   258998208 kB
VmallocUsed:           0 kB
VmallocChunk:          0 kB
CmaTotal:         106496 kB
CmaFree:             184 kB



2023-04-09_23-32-29
run this app : Call Recorder

MemTotal:        5474772 kB
MemFree:           86584 kB
MemAvailable:     535928 kB
Buffers:            4072 kB
Cached:           604332 kB
SwapCached:        12640 kB
Active:          1157548 kB
Inactive:        1153516 kB
Active(anon):     864316 kB
Inactive(anon):   860476 kB
Active(file):     293232 kB
Inactive(file):   293040 kB
Unevictable:         796 kB
Mlocked:             796 kB
SwapTotal:       2621436 kB
SwapFree:             16 kB
Dirty:              4240 kB
Writeback:             0 kB
AnonPages:       1699608 kB
Mapped:           502976 kB
Shmem:             20768 kB
Slab:             287948 kB
SReclaimable:      67872 kB
SUnreclaim:       220076 kB
KernelStack:       79296 kB
PageTables:       119412 kB
NFS_Unstable:          0 kB
Bounce:                0 kB
WritebackTmp:          0 kB
CommitLimit:     5358820 kB
Committed_AS:   177422916 kB
VmallocTotal:   258998208 kB
VmallocUsed:           0 kB
VmallocChunk:          0 kB
CmaTotal:         106496 kB
CmaFree:             456 kB



2023-04-09_23-32-43
run this app : Kik

MemTotal:        5474772 kB
MemFree:          102064 kB
MemAvailable:     781176 kB
Buffers:            6808 kB
Cached:           824632 kB
SwapCached:        14680 kB
Active:          1274636 kB
Inactive:        1205944 kB
Active(anon):     833228 kB
Inactive(anon):   831352 kB
Active(file):     441408 kB
Inactive(file):   374592 kB
Unevictable:         796 kB
Mlocked:             796 kB
SwapTotal:       2621436 kB
SwapFree:         112848 kB
Dirty:               468 kB
Writeback:             0 kB
AnonPages:       1641508 kB
Mapped:           591828 kB
Shmem:             15296 kB
Slab:             287424 kB
SReclaimable:      67952 kB
SUnreclaim:       219472 kB
KernelStack:       79616 kB
PageTables:       118176 kB
NFS_Unstable:          0 kB
Bounce:                0 kB
WritebackTmp:          0 kB
CommitLimit:     5358820 kB
Committed_AS:   176275528 kB
VmallocTotal:   258998208 kB
VmallocUsed:           0 kB
VmallocChunk:          0 kB
CmaTotal:         106496 kB
CmaFree:             684 kB



2023-04-09_23-33-01
run this app : Color Fill 3D

MemTotal:        5474772 kB
MemFree:           86156 kB
MemAvailable:     614092 kB
Buffers:            6504 kB
Cached:           680048 kB
SwapCached:        13808 kB
Active:          1259856 kB
Inactive:        1202204 kB
Active(anon):     923772 kB
Inactive(anon):   873368 kB
Active(file):     336084 kB
Inactive(file):   328836 kB
Unevictable:         796 kB
Mlocked:             796 kB
SwapTotal:       2621436 kB
SwapFree:              0 kB
Dirty:              1000 kB
Writeback:             0 kB
AnonPages:       1770736 kB
Mapped:           526600 kB
Shmem:             21064 kB
Slab:             287412 kB
SReclaimable:      67756 kB
SUnreclaim:       219656 kB
KernelStack:       81584 kB
PageTables:       121020 kB
NFS_Unstable:          0 kB
Bounce:                0 kB
WritebackTmp:          0 kB
CommitLimit:     5358820 kB
Committed_AS:   176735256 kB
VmallocTotal:   258998208 kB
VmallocUsed:           0 kB
VmallocChunk:          0 kB
CmaTotal:         106496 kB
CmaFree:               0 kB



2023-04-09_23-33-20
run this app : Etsy

MemTotal:        5474772 kB
MemFree:          117088 kB
MemAvailable:     651360 kB
Buffers:            7572 kB
Cached:           693660 kB
SwapCached:        14532 kB
Active:          1207152 kB
Inactive:        1234824 kB
Active(anon):     871600 kB
Inactive(anon):   899060 kB
Active(file):     335552 kB
Inactive(file):   335764 kB
Unevictable:         796 kB
Mlocked:             796 kB
SwapTotal:       2621436 kB
SwapFree:           7716 kB
Dirty:              1888 kB
Writeback:             0 kB
AnonPages:       1735200 kB
Mapped:           524100 kB
Shmem:             29704 kB
Slab:             287476 kB
SReclaimable:      67640 kB
SUnreclaim:       219836 kB
KernelStack:       80352 kB
PageTables:       115524 kB
NFS_Unstable:          0 kB
Bounce:                0 kB
WritebackTmp:          0 kB
CommitLimit:     5358820 kB
Committed_AS:   166242804 kB
VmallocTotal:   258998208 kB
VmallocUsed:           0 kB
VmallocChunk:          0 kB
CmaTotal:         106496 kB
CmaFree:               0 kB



2023-04-09_23-33-33
run this app : Pi

MemTotal:        5474772 kB
MemFree:           90576 kB
MemAvailable:     591884 kB
Buffers:            8384 kB
Cached:           648368 kB
SwapCached:        14608 kB
Active:          1218352 kB
Inactive:        1217340 kB
Active(anon):     898864 kB
Inactive(anon):   898608 kB
Active(file):     319488 kB
Inactive(file):   318732 kB
Unevictable:         796 kB
Mlocked:             796 kB
SwapTotal:       2621436 kB
SwapFree:              0 kB
Dirty:               456 kB
Writeback:             0 kB
AnonPages:       1773624 kB
Mapped:           530112 kB
Shmem:             18268 kB
Slab:             287696 kB
SReclaimable:      67900 kB
SUnreclaim:       219796 kB
KernelStack:       81968 kB
PageTables:       119096 kB
NFS_Unstable:          0 kB
Bounce:                0 kB
WritebackTmp:          0 kB
CommitLimit:     5358820 kB
Committed_AS:   172049672 kB
VmallocTotal:   258998208 kB
VmallocUsed:           0 kB
VmallocChunk:          0 kB
CmaTotal:         106496 kB
CmaFree:             608 kB



2023-04-09_23-33-57
run this app : Soccer Star

MemTotal:        5474772 kB
MemFree:          117140 kB
MemAvailable:     749164 kB
Buffers:            6700 kB
Cached:           785872 kB
SwapCached:        12740 kB
Active:          1238672 kB
Inactive:        1217052 kB
Active(anon):     830888 kB
Inactive(anon):   856080 kB
Active(file):     407784 kB
Inactive(file):   360972 kB
Unevictable:         796 kB
Mlocked:             796 kB
SwapTotal:       2621436 kB
SwapFree:            308 kB
Dirty:              1896 kB
Writeback:             0 kB
AnonPages:       1658020 kB
Mapped:           509072 kB
Shmem:             23704 kB
Slab:             287744 kB
SReclaimable:      68264 kB
SUnreclaim:       219480 kB
KernelStack:       80624 kB
PageTables:       118092 kB
NFS_Unstable:          0 kB
Bounce:                0 kB
WritebackTmp:          0 kB
CommitLimit:     5358820 kB
Committed_AS:   171793328 kB
VmallocTotal:   258998208 kB
VmallocUsed:           0 kB
VmallocChunk:          0 kB
CmaTotal:         106496 kB
CmaFree:               0 kB



2023-04-09_23-34-12
run this app : Puffin

MemTotal:        5474772 kB
MemFree:           99884 kB
MemAvailable:     519852 kB
Buffers:            4600 kB
Cached:           578960 kB
SwapCached:        14180 kB
Active:          1211164 kB
Inactive:        1202484 kB
Active(anon):     932480 kB
Inactive(anon):   924168 kB
Active(file):     278684 kB
Inactive(file):   278316 kB
Unevictable:         796 kB
Mlocked:             796 kB
SwapTotal:       2621436 kB
SwapFree:             16 kB
Dirty:             12804 kB
Writeback:             0 kB
AnonPages:       1824444 kB
Mapped:           465252 kB
Shmem:             25576 kB
Slab:             288148 kB
SReclaimable:      67664 kB
SUnreclaim:       220484 kB
KernelStack:       83296 kB
PageTables:       122216 kB
NFS_Unstable:          0 kB
Bounce:                0 kB
WritebackTmp:          0 kB
CommitLimit:     5358820 kB
Committed_AS:   177134068 kB
VmallocTotal:   258998208 kB
VmallocUsed:           0 kB
VmallocChunk:          0 kB
CmaTotal:         106496 kB
CmaFree:            1996 kB



2023-04-09_23-34-29
run this app : Crunchyroll

MemTotal:        5474772 kB
MemFree:           90824 kB
MemAvailable:     500676 kB
Buffers:            5392 kB
Cached:           570784 kB
SwapCached:        12808 kB
Active:          1211792 kB
Inactive:        1181140 kB
Active(anon):     923868 kB
Inactive(anon):   922520 kB
Active(file):     287924 kB
Inactive(file):   258620 kB
Unevictable:         796 kB
Mlocked:             796 kB
SwapTotal:       2621436 kB
SwapFree:            312 kB
Dirty:              3148 kB
Writeback:             0 kB
AnonPages:       1811308 kB
Mapped:           441920 kB
Shmem:             29524 kB
Slab:             288860 kB
SReclaimable:      68340 kB
SUnreclaim:       220520 kB
KernelStack:       83520 kB
PageTables:       120288 kB
NFS_Unstable:          0 kB
Bounce:                0 kB
WritebackTmp:          0 kB
CommitLimit:     5358820 kB
Committed_AS:   171414732 kB
VmallocTotal:   258998208 kB
VmallocUsed:           0 kB
VmallocChunk:          0 kB
CmaTotal:         106496 kB
CmaFree:               0 kB



2023-04-09_23-34-48
run this app : VLC

MemTotal:        5474772 kB
MemFree:           90604 kB
MemAvailable:     559200 kB
Buffers:            5032 kB
Cached:           622832 kB
SwapCached:        13456 kB
Active:          1170900 kB
Inactive:        1168320 kB
Active(anon):     868424 kB
Inactive(anon):   865676 kB
Active(file):     302476 kB
Inactive(file):   302644 kB
Unevictable:         796 kB
Mlocked:             796 kB
SwapTotal:       2621436 kB
SwapFree:            164 kB
Dirty:               424 kB
Writeback:             0 kB
AnonPages:       1704308 kB
Mapped:           449324 kB
Shmem:             22736 kB
Slab:             288920 kB
SReclaimable:      68680 kB
SUnreclaim:       220240 kB
KernelStack:       80304 kB
PageTables:       115888 kB
NFS_Unstable:          0 kB
Bounce:                0 kB
WritebackTmp:          0 kB
CommitLimit:     5358820 kB
Committed_AS:   163647460 kB
VmallocTotal:   258998208 kB
VmallocUsed:           0 kB
VmallocChunk:          0 kB
CmaTotal:         106496 kB
CmaFree:               0 kB



2023-04-09_23-35-06
run this app : eToro

MemTotal:        5474772 kB
MemFree:           91624 kB
MemAvailable:     494048 kB
Buffers:            5472 kB
Cached:           551520 kB
SwapCached:        12632 kB
Active:          1233972 kB
Inactive:        1158264 kB
Active(anon):     961628 kB
Inactive(anon):   891292 kB
Active(file):     272344 kB
Inactive(file):   266972 kB
Unevictable:         796 kB
Mlocked:             796 kB
SwapTotal:       2621436 kB
SwapFree:           9208 kB
Dirty:               108 kB
Writeback:             0 kB
AnonPages:       1830336 kB
Mapped:           468708 kB
Shmem:             17428 kB
Slab:             288108 kB
SReclaimable:      67944 kB
SUnreclaim:       220164 kB
KernelStack:       80352 kB
PageTables:       116820 kB
NFS_Unstable:          0 kB
Bounce:                0 kB
WritebackTmp:          0 kB
CommitLimit:     5358820 kB
Committed_AS:   165551636 kB
VmallocTotal:   258998208 kB
VmallocUsed:           0 kB
VmallocChunk:          0 kB
CmaTotal:         106496 kB
CmaFree:             472 kB



2023-04-09_23-35-25
run this app : GroupMe

MemTotal:        5474772 kB
MemFree:           89264 kB
MemAvailable:     748100 kB
Buffers:            6956 kB
Cached:           811580 kB
SwapCached:        13264 kB
Active:          1243144 kB
Inactive:        1277276 kB
Active(anon):     870944 kB
Inactive(anon):   853708 kB
Active(file):     372200 kB
Inactive(file):   423568 kB
Unevictable:         796 kB
Mlocked:             796 kB
SwapTotal:       2621436 kB
SwapFree:         300172 kB
Dirty:              1656 kB
Writeback:             0 kB
AnonPages:       1696692 kB
Mapped:           637228 kB
Shmem:             22716 kB
Slab:             288100 kB
SReclaimable:      67860 kB
SUnreclaim:       220240 kB
KernelStack:       78000 kB
PageTables:       116492 kB
NFS_Unstable:          0 kB
Bounce:                0 kB
WritebackTmp:          0 kB
CommitLimit:     5358820 kB
Committed_AS:   169439200 kB
VmallocTotal:   258998208 kB
VmallocUsed:           0 kB
VmallocChunk:          0 kB
CmaTotal:         106496 kB
CmaFree:               0 kB



2023-04-09_23-35-56
run this app : DNA Evolution 3D

MemTotal:        5474772 kB
MemFree:           91564 kB
MemAvailable:     700068 kB
Buffers:           22312 kB
Cached:           745808 kB
SwapCached:        11960 kB
Active:          1254516 kB
Inactive:        1172384 kB
Active(anon):     864388 kB
Inactive(anon):   817308 kB
Active(file):     390128 kB
Inactive(file):   355076 kB
Unevictable:         796 kB
Mlocked:             796 kB
SwapTotal:       2621436 kB
SwapFree:            640 kB
Dirty:                 0 kB
Writeback:             0 kB
AnonPages:       1656256 kB
Mapped:           509580 kB
Shmem:             21856 kB
Slab:             289192 kB
SReclaimable:      68328 kB
SUnreclaim:       220864 kB
KernelStack:       82336 kB
PageTables:       123980 kB
NFS_Unstable:          0 kB
Bounce:                0 kB
WritebackTmp:          0 kB
CommitLimit:     5358820 kB
Committed_AS:   180780512 kB
VmallocTotal:   258998208 kB
VmallocUsed:           0 kB
VmallocChunk:          0 kB
CmaTotal:         106496 kB
CmaFree:               0 kB



2023-04-09_23-36-13
run this app : Bitmoji

MemTotal:        5474772 kB
MemFree:          116812 kB
MemAvailable:     525076 kB
Buffers:            7932 kB
Cached:           553940 kB
SwapCached:        14140 kB
Active:          1158984 kB
Inactive:        1151260 kB
Active(anon):     886688 kB
Inactive(anon):   878540 kB
Active(file):     272296 kB
Inactive(file):   272720 kB
Unevictable:         796 kB
Mlocked:             796 kB
SwapTotal:       2621436 kB
SwapFree:            460 kB
Dirty:              1456 kB
Writeback:             0 kB
AnonPages:       1742448 kB
Mapped:           409476 kB
Shmem:             16632 kB
Slab:             290028 kB
SReclaimable:      68220 kB
SUnreclaim:       221808 kB
KernelStack:       82608 kB
PageTables:       124804 kB
NFS_Unstable:          0 kB
Bounce:                0 kB
WritebackTmp:          0 kB
CommitLimit:     5358820 kB
Committed_AS:   182734452 kB
VmallocTotal:   258998208 kB
VmallocUsed:           0 kB
VmallocChunk:          0 kB
CmaTotal:         106496 kB
CmaFree:              44 kB



2023-04-09_23-36-29
run this app : Amazon Seller

MemTotal:        5474772 kB
MemFree:           94448 kB
MemAvailable:     545792 kB
Buffers:            7188 kB
Cached:           603400 kB
SwapCached:        13732 kB
Active:          1167372 kB
Inactive:        1159688 kB
Active(anon):     872612 kB
Inactive(anon):   866388 kB
Active(file):     294760 kB
Inactive(file):   293300 kB
Unevictable:         580 kB
Mlocked:             580 kB
SwapTotal:       2621436 kB
SwapFree:            148 kB
Dirty:               372 kB
Writeback:             0 kB
AnonPages:       1710848 kB
Mapped:           457716 kB
Shmem:             22264 kB
Slab:             290352 kB
SReclaimable:      68296 kB
SUnreclaim:       222056 kB
KernelStack:       83232 kB
PageTables:       125832 kB
NFS_Unstable:          0 kB
Bounce:                0 kB
WritebackTmp:          0 kB
CommitLimit:     5358820 kB
Committed_AS:   184147168 kB
VmallocTotal:   258998208 kB
VmallocUsed:           0 kB
VmallocChunk:          0 kB
CmaTotal:         106496 kB
CmaFree:             220 kB



2023-04-09_23-36-45
run this app : WhatsApp

MemTotal:        5474772 kB
MemFree:          101620 kB
MemAvailable:     539264 kB
Buffers:            6016 kB
Cached:           596232 kB
SwapCached:        13992 kB
Active:          1158320 kB
Inactive:        1174880 kB
Active(anon):     873760 kB
Inactive(anon):   885172 kB
Active(file):     284560 kB
Inactive(file):   289708 kB
Unevictable:         580 kB
Mlocked:             580 kB
SwapTotal:       2621436 kB
SwapFree:           1620 kB
Dirty:               496 kB
Writeback:             0 kB
AnonPages:       1725220 kB
Mapped:           465308 kB
Shmem:             27768 kB
Slab:             291332 kB
SReclaimable:      68480 kB
SUnreclaim:       222852 kB
KernelStack:       83616 kB
PageTables:       126164 kB
NFS_Unstable:          0 kB
Bounce:                0 kB
WritebackTmp:          0 kB
CommitLimit:     5358820 kB
Committed_AS:   184195944 kB
VmallocTotal:   258998208 kB
VmallocUsed:           0 kB
VmallocChunk:          0 kB
CmaTotal:         106496 kB
CmaFree:              56 kB



2023-04-09_23-38-55
run this app : Candy Crush Jelly

MemTotal:        5474772 kB
MemFree:          108108 kB
MemAvailable:     619092 kB
Buffers:            8176 kB
Cached:           667224 kB
SwapCached:        11916 kB
Active:          1145916 kB
Inactive:        1239756 kB
Active(anon):     873164 kB
Inactive(anon):   864708 kB
Active(file):     272752 kB
Inactive(file):   375048 kB
Unevictable:         580 kB
Mlocked:             580 kB
SwapTotal:       2621436 kB
SwapFree:         402440 kB
Dirty:              1456 kB
Writeback:             0 kB
AnonPages:       1705640 kB
Mapped:           480704 kB
Shmem:             27600 kB
Slab:             288652 kB
SReclaimable:      68092 kB
SUnreclaim:       220560 kB
KernelStack:       74256 kB
PageTables:       111840 kB
NFS_Unstable:          0 kB
Bounce:                0 kB
WritebackTmp:          0 kB
CommitLimit:     5358820 kB
Committed_AS:   161915312 kB
VmallocTotal:   258998208 kB
VmallocUsed:           0 kB
VmallocChunk:          0 kB
CmaTotal:         106496 kB
CmaFree:               0 kB



2023-04-09_23-39-13
run this app : Candy Crush Saga

MemTotal:        5474772 kB
MemFree:          159416 kB
MemAvailable:     735420 kB
Buffers:            6364 kB
Cached:           720388 kB
SwapCached:        11944 kB
Active:          1058160 kB
Inactive:        1120828 kB
Active(anon):     703588 kB
Inactive(anon):   762712 kB
Active(file):     354572 kB
Inactive(file):   358116 kB
Unevictable:         580 kB
Mlocked:             580 kB
SwapTotal:       2621436 kB
SwapFree:          48996 kB
Dirty:              8544 kB
Writeback:             0 kB
AnonPages:       1447692 kB
Mapped:           547560 kB
Shmem:             13724 kB
Slab:             288892 kB
SReclaimable:      68360 kB
SUnreclaim:       220532 kB
KernelStack:       75536 kB
PageTables:       113620 kB
NFS_Unstable:          0 kB
Bounce:                0 kB
WritebackTmp:          0 kB
CommitLimit:     5358820 kB
Committed_AS:   163846128 kB
VmallocTotal:   258998208 kB
VmallocUsed:           0 kB
VmallocChunk:          0 kB
CmaTotal:         106496 kB
CmaFree:             140 kB



2023-04-09_23-39-29
run this app : NYT Games

MemTotal:        5474772 kB
MemFree:          111788 kB
MemAvailable:     641828 kB
Buffers:           22256 kB
Cached:           664044 kB
SwapCached:        14416 kB
Active:          1132604 kB
Inactive:        1136160 kB
Active(anon):     796372 kB
Inactive(anon):   805816 kB
Active(file):     336232 kB
Inactive(file):   330344 kB
Unevictable:         580 kB
Mlocked:             580 kB
SwapTotal:       2621436 kB
SwapFree:            144 kB
Dirty:              1312 kB
Writeback:             0 kB
AnonPages:       1576112 kB
Mapped:           546804 kB
Shmem:             19272 kB
Slab:             289240 kB
SReclaimable:      68656 kB
SUnreclaim:       220584 kB
KernelStack:       78496 kB
PageTables:       117352 kB
NFS_Unstable:          0 kB
Bounce:                0 kB
WritebackTmp:          0 kB
CommitLimit:     5358820 kB
Committed_AS:   169145080 kB
VmallocTotal:   258998208 kB
VmallocUsed:           0 kB
VmallocChunk:          0 kB
CmaTotal:         106496 kB
CmaFree:            4472 kB



2023-04-09_23-46-16
run this app : Simple PDF Reader

MemTotal:        5474772 kB
MemFree:           93704 kB
MemAvailable:     552724 kB
Buffers:           10416 kB
Cached:           593772 kB
SwapCached:        11720 kB
Active:          1130204 kB
Inactive:        1134172 kB
Active(anon):     832668 kB
Inactive(anon):   835756 kB
Active(file):     297536 kB
Inactive(file):   298416 kB
Unevictable:         580 kB
Mlocked:             580 kB
SwapTotal:       2621436 kB
SwapFree:             16 kB
Dirty:               552 kB
Writeback:             0 kB
AnonPages:       1655432 kB
Mapped:           437084 kB
Shmem:              8124 kB
Slab:             288716 kB
SReclaimable:      67864 kB
SUnreclaim:       220852 kB
KernelStack:       79632 kB
PageTables:       122712 kB
NFS_Unstable:          0 kB
Bounce:                0 kB
WritebackTmp:          0 kB
CommitLimit:     5358820 kB
Committed_AS:   178325648 kB
VmallocTotal:   258998208 kB
VmallocUsed:           0 kB
VmallocChunk:          0 kB
CmaTotal:         106496 kB
CmaFree:             272 kB



2023-04-09_23-46-39
run this app : Crossy Road

MemTotal:        5474772 kB
MemFree:          111644 kB
MemAvailable:     583572 kB
Buffers:            5860 kB
Cached:           618480 kB
SwapCached:        12336 kB
Active:          1140912 kB
Inactive:        1100260 kB
Active(anon):     880576 kB
Inactive(anon):   751760 kB
Active(file):     260336 kB
Inactive(file):   348500 kB
Unevictable:         580 kB
Mlocked:             580 kB
SwapTotal:       2621436 kB
SwapFree:         536008 kB
Dirty:               296 kB
Writeback:             0 kB
AnonPages:       1611940 kB
Mapped:           457640 kB
Shmem:             14032 kB
Slab:             288468 kB
SReclaimable:      67912 kB
SUnreclaim:       220556 kB
KernelStack:       68848 kB
PageTables:       107340 kB
NFS_Unstable:          0 kB
Bounce:                0 kB
WritebackTmp:          0 kB
CommitLimit:     5358820 kB
Committed_AS:   156175700 kB
VmallocTotal:   258998208 kB
VmallocUsed:           0 kB
VmallocChunk:          0 kB
CmaTotal:         106496 kB
CmaFree:             228 kB



2023-04-09_23-46-53
run this app : FaceApp

MemTotal:        5474772 kB
MemFree:          134616 kB
MemAvailable:     880644 kB
Buffers:           10664 kB
Cached:           885948 kB
SwapCached:        16776 kB
Active:          1170112 kB
Inactive:        1193704 kB
Active(anon):     728328 kB
Inactive(anon):   752452 kB
Active(file):     441784 kB
Inactive(file):   441252 kB
Unevictable:         580 kB
Mlocked:             580 kB
SwapTotal:       2621436 kB
SwapFree:         321784 kB
Dirty:               220 kB
Writeback:             0 kB
AnonPages:       1459268 kB
Mapped:           634664 kB
Shmem:             13576 kB
Slab:             287676 kB
SReclaimable:      67708 kB
SUnreclaim:       219968 kB
KernelStack:       71168 kB
PageTables:       107452 kB
NFS_Unstable:          0 kB
Bounce:                0 kB
WritebackTmp:          0 kB
CommitLimit:     5358820 kB
Committed_AS:   157906844 kB
VmallocTotal:   258998208 kB
VmallocUsed:           0 kB
VmallocChunk:          0 kB
CmaTotal:         106496 kB
CmaFree:               0 kB



2023-04-09_23-47-04
run this app : Lyft

MemTotal:        5474772 kB
MemFree:           99580 kB
MemAvailable:     998608 kB
Buffers:           11520 kB
Cached:          1043892 kB
SwapCached:        13812 kB
Active:          1197980 kB
Inactive:        1193576 kB
Active(anon):     680072 kB
Inactive(anon):   675756 kB
Active(file):     517908 kB
Inactive(file):   517820 kB
Unevictable:         580 kB
Mlocked:             580 kB
SwapTotal:       2621436 kB
SwapFree:          89508 kB
Dirty:               728 kB
Writeback:             0 kB
AnonPages:       1332512 kB
Mapped:           833160 kB
Shmem:             18904 kB
Slab:             288344 kB
SReclaimable:      68324 kB
SUnreclaim:       220020 kB
KernelStack:       73184 kB
PageTables:       111408 kB
NFS_Unstable:          0 kB
Bounce:                0 kB
WritebackTmp:          0 kB
CommitLimit:     5358820 kB
Committed_AS:   163727180 kB
VmallocTotal:   258998208 kB
VmallocUsed:           0 kB
VmallocChunk:          0 kB
CmaTotal:         106496 kB
CmaFree:            1140 kB



2023-04-09_23-47-17
run this app : Pou

MemTotal:        5474772 kB
MemFree:           96952 kB
MemAvailable:     948628 kB
Buffers:           11968 kB
Cached:           993688 kB
SwapCached:        15852 kB
Active:          1186092 kB
Inactive:        1170800 kB
Active(anon):     690784 kB
Inactive(anon):   677852 kB
Active(file):     495308 kB
Inactive(file):   492948 kB
Unevictable:         580 kB
Mlocked:             580 kB
SwapTotal:       2621436 kB
SwapFree:            528 kB
Dirty:              1476 kB
Writeback:             0 kB
AnonPages:       1344268 kB
Mapped:           740180 kB
Shmem:             17400 kB
Slab:             288524 kB
SReclaimable:      68564 kB
SUnreclaim:       219960 kB
KernelStack:       75168 kB
PageTables:       114464 kB
NFS_Unstable:          0 kB
Bounce:                0 kB
WritebackTmp:          0 kB
CommitLimit:     5358820 kB
Committed_AS:   169081312 kB
VmallocTotal:   258998208 kB
VmallocUsed:           0 kB
VmallocChunk:          0 kB
CmaTotal:         106496 kB
CmaFree:               0 kB



2023-04-09_23-47-45
run this app : Hide 'N Seek!

MemTotal:        5474772 kB
MemFree:          385756 kB
MemAvailable:     812320 kB
Buffers:            5472 kB
Cached:           576828 kB
SwapCached:        13412 kB
Active:          1153396 kB
Inactive:        1030440 kB
Active(anon):     833988 kB
Inactive(anon):   786068 kB
Active(file):     319408 kB
Inactive(file):   244372 kB
Unevictable:         580 kB
Mlocked:             580 kB
SwapTotal:       2621436 kB
SwapFree:         298604 kB
Dirty:               832 kB
Writeback:             0 kB
AnonPages:       1596736 kB
Mapped:           416004 kB
Shmem:             17728 kB
Slab:             286992 kB
SReclaimable:      67296 kB
SUnreclaim:       219696 kB
KernelStack:       74624 kB
PageTables:       110716 kB
NFS_Unstable:          0 kB
Bounce:                0 kB
WritebackTmp:          0 kB
CommitLimit:     5358820 kB
Committed_AS:   162252064 kB
VmallocTotal:   258998208 kB
VmallocUsed:           0 kB
VmallocChunk:          0 kB
CmaTotal:         106496 kB
CmaFree:               0 kB



2023-04-09_23-47-57
run this app : Telegram

MemTotal:        5474772 kB
MemFree:          117640 kB
MemAvailable:     679908 kB
Buffers:            7576 kB
Cached:           713388 kB
SwapCached:        13368 kB
Active:          1182584 kB
Inactive:        1187364 kB
Active(anon):     833560 kB
Inactive(anon):   837460 kB
Active(file):     349024 kB
Inactive(file):   349904 kB
Unevictable:         580 kB
Mlocked:             580 kB
SwapTotal:       2621436 kB
SwapFree:         226908 kB
Dirty:              5480 kB
Writeback:             0 kB
AnonPages:       1643240 kB
Mapped:           501440 kB
Shmem:             21988 kB
Slab:             288136 kB
SReclaimable:      68404 kB
SUnreclaim:       219732 kB
KernelStack:       76384 kB
PageTables:       113492 kB
NFS_Unstable:          0 kB
Bounce:                0 kB
WritebackTmp:          0 kB
CommitLimit:     5358820 kB
Committed_AS:   166200980 kB
VmallocTotal:   258998208 kB
VmallocUsed:           0 kB
VmallocChunk:          0 kB
CmaTotal:         106496 kB
CmaFree:            1944 kB



2023-04-09_23-48-12
run this app : Signal

MemTotal:        5474772 kB
MemFree:           93284 kB
MemAvailable:     723016 kB
Buffers:            8252 kB
Cached:           775712 kB
SwapCached:        12980 kB
Active:          1144860 kB
Inactive:        1147788 kB
Active(anon):     762136 kB
Inactive(anon):   764224 kB
Active(file):     382724 kB
Inactive(file):   383564 kB
Unevictable:         832 kB
Mlocked:             832 kB
SwapTotal:       2621436 kB
SwapFree:          37912 kB
Dirty:              1752 kB
Writeback:             0 kB
AnonPages:       1503088 kB
Mapped:           576180 kB
Shmem:             17676 kB
Slab:             288372 kB
SReclaimable:      68612 kB
SUnreclaim:       219760 kB
KernelStack:       77104 kB
PageTables:       115120 kB
NFS_Unstable:          0 kB
Bounce:                0 kB
WritebackTmp:          0 kB
CommitLimit:     5358820 kB
Committed_AS:   168138656 kB
VmallocTotal:   258998208 kB
VmallocUsed:           0 kB
VmallocChunk:          0 kB
CmaTotal:         106496 kB
CmaFree:               0 kB



2023-04-09_23-48-30
run this app : Kindle

MemTotal:        5474772 kB
MemFree:           97124 kB
MemAvailable:     678864 kB
Buffers:            7064 kB
Cached:           735704 kB
SwapCached:        13744 kB
Active:          1176976 kB
Inactive:        1176256 kB
Active(anon):     818424 kB
Inactive(anon):   816232 kB
Active(file):     358552 kB
Inactive(file):   360024 kB
Unevictable:         832 kB
Mlocked:             832 kB
SwapTotal:       2621436 kB
SwapFree:              0 kB
Dirty:               216 kB
Writeback:             0 kB
AnonPages:       1606008 kB
Mapped:           611436 kB
Shmem:             22688 kB
Slab:             287884 kB
SReclaimable:      68056 kB
SUnreclaim:       219828 kB
KernelStack:       79648 kB
PageTables:       119864 kB
NFS_Unstable:          0 kB
Bounce:                0 kB
WritebackTmp:          0 kB
CommitLimit:     5358820 kB
Committed_AS:   175229260 kB
VmallocTotal:   258998208 kB
VmallocUsed:           0 kB
VmallocChunk:          0 kB
CmaTotal:         106496 kB
CmaFree:               0 kB



2023-04-09_23-48-44
run this app : Firefox

MemTotal:        5474772 kB
MemFree:           91392 kB
MemAvailable:     501564 kB
Buffers:            4996 kB
Cached:           571396 kB
SwapCached:        13644 kB
Active:          1171720 kB
Inactive:        1170668 kB
Active(anon):     899284 kB
Inactive(anon):   896236 kB
Active(file):     272436 kB
Inactive(file):   274432 kB
Unevictable:         832 kB
Mlocked:             832 kB
SwapTotal:       2621436 kB
SwapFree:              4 kB
Dirty:               700 kB
Writeback:             0 kB
AnonPages:       1760292 kB
Mapped:           475628 kB
Shmem:             29256 kB
Slab:             289916 kB
SReclaimable:      68336 kB
SUnreclaim:       221580 kB
KernelStack:       83568 kB
PageTables:       124924 kB
NFS_Unstable:          0 kB
Bounce:                0 kB
WritebackTmp:          0 kB
CommitLimit:     5358820 kB
Committed_AS:   184966476 kB
VmallocTotal:   258998208 kB
VmallocUsed:           0 kB
VmallocChunk:          0 kB
CmaTotal:         106496 kB
CmaFree:               0 kB



2023-04-09_23-49-06
run this app : Coinbase

MemTotal:        5474772 kB
MemFree:          103544 kB
MemAvailable:     543356 kB
Buffers:            3360 kB
Cached:           594660 kB
SwapCached:        12172 kB
Active:          1201440 kB
Inactive:        1182284 kB
Active(anon):     901200 kB
Inactive(anon):   905908 kB
Active(file):     300240 kB
Inactive(file):   276376 kB
Unevictable:         832 kB
Mlocked:             832 kB
SwapTotal:       2621436 kB
SwapFree:          56848 kB
Dirty:               596 kB
Writeback:             0 kB
AnonPages:       1781476 kB
Mapped:           508056 kB
Shmem:             21252 kB
Slab:             288644 kB
SReclaimable:      68116 kB
SUnreclaim:       220528 kB
KernelStack:       79856 kB
PageTables:       117168 kB
NFS_Unstable:          0 kB
Bounce:                0 kB
WritebackTmp:          0 kB
CommitLimit:     5358820 kB
Committed_AS:   167743328 kB
VmallocTotal:   258998208 kB
VmallocUsed:           0 kB
VmallocChunk:          0 kB
CmaTotal:         106496 kB
CmaFree:               0 kB



2023-04-09_23-49-31
run this app : Candy Crush Soda

MemTotal:        5474772 kB
MemFree:          134760 kB
MemAvailable:     574048 kB
Buffers:            5944 kB
Cached:           585496 kB
SwapCached:        11328 kB
Active:          1117876 kB
Inactive:        1143312 kB
Active(anon):     834956 kB
Inactive(anon):   850356 kB
Active(file):     282920 kB
Inactive(file):   292956 kB
Unevictable:         832 kB
Mlocked:             832 kB
SwapTotal:       2621436 kB
SwapFree:          76560 kB
Dirty:              3940 kB
Writeback:             0 kB
AnonPages:       1665776 kB
Mapped:           451200 kB
Shmem:             15560 kB
Slab:             288968 kB
SReclaimable:      68552 kB
SUnreclaim:       220416 kB
KernelStack:       77280 kB
PageTables:       113968 kB
NFS_Unstable:          0 kB
Bounce:                0 kB
WritebackTmp:          0 kB
CommitLimit:     5358820 kB
Committed_AS:   164244628 kB
VmallocTotal:   258998208 kB
VmallocUsed:           0 kB
VmallocChunk:          0 kB
CmaTotal:         106496 kB
CmaFree:               0 kB



2023-04-09_23-50-03
run this app : Kids Transport

MemTotal:        5474772 kB
MemFree:           93284 kB
MemAvailable:     818496 kB
Buffers:            7696 kB
Cached:           870084 kB
SwapCached:        14004 kB
Active:          1203940 kB
Inactive:        1201540 kB
Active(anon):     772124 kB
Inactive(anon):   771260 kB
Active(file):     431816 kB
Inactive(file):   430280 kB
Unevictable:         832 kB
Mlocked:             832 kB
SwapTotal:       2621436 kB
SwapFree:            828 kB
Dirty:              3228 kB
Writeback:             0 kB
AnonPages:       1522112 kB
Mapped:           628612 kB
Shmem:             15248 kB
Slab:             288268 kB
SReclaimable:      67960 kB
SUnreclaim:       220308 kB
KernelStack:       76512 kB
PageTables:       114608 kB
NFS_Unstable:          0 kB
Bounce:                0 kB
WritebackTmp:          0 kB
CommitLimit:     5358820 kB
Committed_AS:   167831580 kB
VmallocTotal:   258998208 kB
VmallocUsed:           0 kB
VmallocChunk:          0 kB
CmaTotal:         106496 kB
CmaFree:             224 kB



2023-04-09_23-50-31
run this app : Hill Climb Racing

MemTotal:        5474772 kB
MemFree:           92968 kB
MemAvailable:     614644 kB
Buffers:            6744 kB
Cached:           673836 kB
SwapCached:        11364 kB
Active:          1154160 kB
Inactive:        1157556 kB
Active(anon):     824740 kB
Inactive(anon):   828768 kB
Active(file):     329420 kB
Inactive(file):   328788 kB
Unevictable:         832 kB
Mlocked:             832 kB
SwapTotal:       2621436 kB
SwapFree:              8 kB
Dirty:              2552 kB
Writeback:            32 kB
AnonPages:       1627728 kB
Mapped:           530840 kB
Shmem:             21924 kB
Slab:             288972 kB
SReclaimable:      68664 kB
SUnreclaim:       220308 kB
KernelStack:       79392 kB
PageTables:       117900 kB
NFS_Unstable:          0 kB
Bounce:                0 kB
WritebackTmp:          0 kB
CommitLimit:     5358820 kB
Committed_AS:   171261796 kB
VmallocTotal:   258998208 kB
VmallocUsed:           0 kB
VmallocChunk:          0 kB
CmaTotal:         106496 kB
CmaFree:             476 kB



2023-04-09_23-50-43
run this app : Call Recorder

MemTotal:        5474772 kB
MemFree:           89124 kB
MemAvailable:     533668 kB
Buffers:            4620 kB
Cached:           605856 kB
SwapCached:        13236 kB
Active:          1151040 kB
Inactive:        1150692 kB
Active(anon):     860232 kB
Inactive(anon):   860392 kB
Active(file):     290808 kB
Inactive(file):   290300 kB
Unevictable:         832 kB
Mlocked:             832 kB
SwapTotal:       2621436 kB
SwapFree:              0 kB
Dirty:                72 kB
Writeback:             0 kB
AnonPages:       1687960 kB
Mapped:           460404 kB
Shmem:             27356 kB
Slab:             288936 kB
SReclaimable:      68596 kB
SUnreclaim:       220340 kB
KernelStack:       80752 kB
PageTables:       120556 kB
NFS_Unstable:          0 kB
Bounce:                0 kB
WritebackTmp:          0 kB
CommitLimit:     5358820 kB
Committed_AS:   176542168 kB
VmallocTotal:   258998208 kB
VmallocUsed:           0 kB
VmallocChunk:          0 kB
CmaTotal:         106496 kB
CmaFree:             816 kB



2023-04-09_23-50-56
run this app : Kik

MemTotal:        5474772 kB
MemFree:          107000 kB
MemAvailable:     743008 kB
Buffers:            7356 kB
Cached:           783468 kB
SwapCached:        14020 kB
Active:          1297324 kB
Inactive:        1200524 kB
Active(anon):     890796 kB
Inactive(anon):   834292 kB
Active(file):     406528 kB
Inactive(file):   366232 kB
Unevictable:         832 kB
Mlocked:             832 kB
SwapTotal:       2621436 kB
SwapFree:         253972 kB
Dirty:              1000 kB
Writeback:             0 kB
AnonPages:       1701168 kB
Mapped:           558644 kB
Shmem:             17068 kB
Slab:             287756 kB
SReclaimable:      68220 kB
SUnreclaim:       219536 kB
KernelStack:       79008 kB
PageTables:       116344 kB
NFS_Unstable:          0 kB
Bounce:                0 kB
WritebackTmp:          0 kB
CommitLimit:     5358820 kB
Committed_AS:   170689216 kB
VmallocTotal:   258998208 kB
VmallocUsed:           0 kB
VmallocChunk:          0 kB
CmaTotal:         106496 kB
CmaFree:               0 kB



2023-04-09_23-51-16
run this app : Color Fill 3D

MemTotal:        5474772 kB
MemFree:          108860 kB
MemAvailable:     711768 kB
Buffers:            8164 kB
Cached:           752088 kB
SwapCached:        14492 kB
Active:          1304932 kB
Inactive:        1216824 kB
Active(anon):     919020 kB
Inactive(anon):   863116 kB
Active(file):     385912 kB
Inactive(file):   353708 kB
Unevictable:         832 kB
Mlocked:             832 kB
SwapTotal:       2621436 kB
SwapFree:              0 kB
Dirty:              1268 kB
Writeback:             0 kB
AnonPages:       1754768 kB
Mapped:           579668 kB
Shmem:             21020 kB
Slab:             289184 kB
SReclaimable:      68304 kB
SUnreclaim:       220880 kB
KernelStack:       83984 kB
PageTables:       122616 kB
NFS_Unstable:          0 kB
Bounce:                0 kB
WritebackTmp:          0 kB
CommitLimit:     5358820 kB
Committed_AS:   178691732 kB
VmallocTotal:   258998208 kB
VmallocUsed:           0 kB
VmallocChunk:          0 kB
CmaTotal:         106496 kB
CmaFree:              44 kB



2023-04-09_23-51-35
run this app : Etsy

MemTotal:        5474772 kB
MemFree:          125296 kB
MemAvailable:     514996 kB
Buffers:            6776 kB
Cached:           554452 kB
SwapCached:        14708 kB
Active:          1216492 kB
Inactive:        1191220 kB
Active(anon):     953652 kB
Inactive(anon):   927252 kB
Active(file):     262840 kB
Inactive(file):   263968 kB
Unevictable:         832 kB
Mlocked:             832 kB
SwapTotal:       2621436 kB
SwapFree:          53456 kB
Dirty:              1900 kB
Writeback:             0 kB
AnonPages:       1839856 kB
Mapped:           441016 kB
Shmem:             34164 kB
Slab:             290024 kB
SReclaimable:      67508 kB
SUnreclaim:       222516 kB
KernelStack:       83072 kB
PageTables:       118712 kB
NFS_Unstable:          0 kB
Bounce:                0 kB
WritebackTmp:          0 kB
CommitLimit:     5358820 kB
Committed_AS:   169750904 kB
VmallocTotal:   258998208 kB
VmallocUsed:           0 kB
VmallocChunk:          0 kB
CmaTotal:         106496 kB
CmaFree:               0 kB



2023-04-09_23-51-48
run this app : Pi

MemTotal:        5474772 kB
MemFree:           85612 kB
MemAvailable:     475928 kB
Buffers:            7688 kB
Cached:           545136 kB
SwapCached:        14756 kB
Active:          1201860 kB
Inactive:        1181256 kB
Active(anon):     937780 kB
Inactive(anon):   917948 kB
Active(file):     264080 kB
Inactive(file):   263308 kB
Unevictable:         832 kB
Mlocked:             832 kB
SwapTotal:       2621436 kB
SwapFree:           4552 kB
Dirty:              3252 kB
Writeback:             0 kB
AnonPages:       1821676 kB
Mapped:           463328 kB
Shmem:             24336 kB
Slab:             289992 kB
SReclaimable:      67580 kB
SUnreclaim:       222412 kB
KernelStack:       84000 kB
PageTables:       120660 kB
NFS_Unstable:          0 kB
Bounce:                0 kB
WritebackTmp:          0 kB
CommitLimit:     5358820 kB
Committed_AS:   172834884 kB
VmallocTotal:   258998208 kB
VmallocUsed:           0 kB
VmallocChunk:          0 kB
CmaTotal:         106496 kB
CmaFree:             344 kB



2023-04-09_23-52-12
run this app : Soccer Star

MemTotal:        5474772 kB
MemFree:           92664 kB
MemAvailable:     620520 kB
Buffers:            6124 kB
Cached:           683112 kB
SwapCached:        16468 kB
Active:          1237808 kB
Inactive:        1206280 kB
Active(anon):     905060 kB
Inactive(anon):   874216 kB
Active(file):     332748 kB
Inactive(file):   332064 kB
Unevictable:         832 kB
Mlocked:             832 kB
SwapTotal:       2621436 kB
SwapFree:           3572 kB
Dirty:              1008 kB
Writeback:             0 kB
AnonPages:       1747624 kB
Mapped:           566632 kB
Shmem:             24424 kB
Slab:             290212 kB
SReclaimable:      67816 kB
SUnreclaim:       222396 kB
KernelStack:       81328 kB
PageTables:       121792 kB
NFS_Unstable:          0 kB
Bounce:                0 kB
WritebackTmp:          0 kB
CommitLimit:     5358820 kB
Committed_AS:   177053844 kB
VmallocTotal:   258998208 kB
VmallocUsed:           0 kB
VmallocChunk:          0 kB
CmaTotal:         106496 kB
CmaFree:              88 kB



2023-04-09_23-52-27
run this app : Puffin

MemTotal:        5474772 kB
MemFree:           81104 kB
MemAvailable:     510444 kB
Buffers:            5792 kB
Cached:           587056 kB
SwapCached:        15020 kB
Active:          1216924 kB
Inactive:        1187508 kB
Active(anon):     933392 kB
Inactive(anon):   904840 kB
Active(file):     283532 kB
Inactive(file):   282668 kB
Unevictable:         832 kB
Mlocked:             832 kB
SwapTotal:       2621436 kB
SwapFree:              0 kB
Dirty:              1592 kB
Writeback:            68 kB
AnonPages:       1807008 kB
Mapped:           475724 kB
Shmem:             26352 kB
Slab:             290376 kB
SReclaimable:      68004 kB
SUnreclaim:       222372 kB
KernelStack:       84496 kB
PageTables:       124336 kB
NFS_Unstable:          0 kB
Bounce:                0 kB
WritebackTmp:          0 kB
CommitLimit:     5358820 kB
Committed_AS:   180443100 kB
VmallocTotal:   258998208 kB
VmallocUsed:           0 kB
VmallocChunk:          0 kB
CmaTotal:         106496 kB
CmaFree:             340 kB



2023-04-09_23-52-47
run this app : Crunchyroll

MemTotal:        5474772 kB
MemFree:          110784 kB
MemAvailable:     596464 kB
Buffers:            7748 kB
Cached:           631032 kB
SwapCached:        13952 kB
Active:          1145380 kB
Inactive:        1161520 kB
Active(anon):     833268 kB
Inactive(anon):   851136 kB
Active(file):     312112 kB
Inactive(file):   310384 kB
Unevictable:         832 kB
Mlocked:             832 kB
SwapTotal:       2621436 kB
SwapFree:          42156 kB
Dirty:              2304 kB
Writeback:             0 kB
AnonPages:       1661364 kB
Mapped:           484492 kB
Shmem:             15804 kB
Slab:             289808 kB
SReclaimable:      68092 kB
SUnreclaim:       221716 kB
KernelStack:       79472 kB
PageTables:       115184 kB
NFS_Unstable:          0 kB
Bounce:                0 kB
WritebackTmp:          0 kB
CommitLimit:     5358820 kB
Committed_AS:   164061188 kB
VmallocTotal:   258998208 kB
VmallocUsed:           0 kB
VmallocChunk:          0 kB
CmaTotal:         106496 kB
CmaFree:             684 kB



2023-04-09_23-53-05
run this app : VLC

MemTotal:        5474772 kB
MemFree:           96932 kB
MemAvailable:     607884 kB
Buffers:            6448 kB
Cached:           656860 kB
SwapCached:        12552 kB
Active:          1154668 kB
Inactive:        1155640 kB
Active(anon):     828972 kB
Inactive(anon):   833624 kB
Active(file):     325696 kB
Inactive(file):   322016 kB
Unevictable:         832 kB
Mlocked:             832 kB
SwapTotal:       2621436 kB
SwapFree:            304 kB
Dirty:               448 kB
Writeback:             0 kB
AnonPages:       1641236 kB
Mapped:           517076 kB
Shmem:             15596 kB
Slab:             289900 kB
SReclaimable:      68208 kB
SUnreclaim:       221692 kB
KernelStack:       79360 kB
PageTables:       116384 kB
NFS_Unstable:          0 kB
Bounce:                0 kB
WritebackTmp:          0 kB
CommitLimit:     5358820 kB
Committed_AS:   166012100 kB
VmallocTotal:   258998208 kB
VmallocUsed:           0 kB
VmallocChunk:          0 kB
CmaTotal:         106496 kB
CmaFree:               0 kB



2023-04-09_23-53-23
run this app : eToro

MemTotal:        5474772 kB
MemFree:           91476 kB
MemAvailable:     449512 kB
Buffers:            3340 kB
Cached:           502464 kB
SwapCached:        15940 kB
Active:          1233176 kB
Inactive:        1118272 kB
Active(anon):     985216 kB
Inactive(anon):   871276 kB
Active(file):     247960 kB
Inactive(file):   246996 kB
Unevictable:         832 kB
Mlocked:             832 kB
SwapTotal:       2621436 kB
SwapFree:              0 kB
Dirty:              1360 kB
Writeback:             0 kB
AnonPages:       1837732 kB
Mapped:           439628 kB
Shmem:             10308 kB
Slab:             289552 kB
SReclaimable:      67888 kB
SUnreclaim:       221664 kB
KernelStack:       81200 kB
PageTables:       119264 kB
NFS_Unstable:          0 kB
Bounce:                0 kB
WritebackTmp:          0 kB
CommitLimit:     5358820 kB
Committed_AS:   169409684 kB
VmallocTotal:   258998208 kB
VmallocUsed:           0 kB
VmallocChunk:          0 kB
CmaTotal:         106496 kB
CmaFree:             400 kB



2023-04-09_23-53-42
run this app : GroupMe

MemTotal:        5474772 kB
MemFree:           91824 kB
MemAvailable:     750324 kB
Buffers:            6536 kB
Cached:           805432 kB
SwapCached:        15212 kB
Active:          1224684 kB
Inactive:        1230036 kB
Active(anon):     829796 kB
Inactive(anon):   829664 kB
Active(file):     394888 kB
Inactive(file):   400372 kB
Unevictable:         832 kB
